target/release/examples/headless --preset oregon-white-oak --seed 7 --age 1 --size 700x1000 --out /home/daniel/Projects/telperion/.flow/evidence/fn31/strips/oregon-white-oak-age-1.png --frame-min-y 0
/home/daniel/Projects/telperion/.flow/evidence/fn31/strips/oregon-white-oak-age-1.png 700x1000 on NVIDIA GeForce RTX 3080 at 4 samples a pixel: 162 wood vertices, 320 wood triangles, 16 foliage instances; 3713 triangles and 16 instances drawn in 9 calls; 0 wood caster triangles; 4 foliage caster instances
exit=0
target/release/examples/headless --preset oregon-white-oak --seed 7 --age 10 --size 700x1000 --out /home/daniel/Projects/telperion/.flow/evidence/fn31/strips/oregon-white-oak-age-10.png
/home/daniel/Projects/telperion/.flow/evidence/fn31/strips/oregon-white-oak-age-10.png 700x1000 on NVIDIA GeForce RTX 3080 at 4 samples a pixel: 4732 wood vertices, 9160 wood triangles, 1382 foliage instances; 247505 triangles and 1382 instances drawn in 9 calls; 4560 wood caster triangles; 346 foliage caster instances
exit=0
target/release/examples/headless --preset oregon-white-oak --seed 7 --age 26.7 --size 700x1000 --out /home/daniel/Projects/telperion/.flow/evidence/fn31/strips/oregon-white-oak-age-26.7.png
/home/daniel/Projects/telperion/.flow/evidence/fn31/strips/oregon-white-oak-age-26.7.png 700x1000 on NVIDIA GeForce RTX 3080 at 4 samples a pixel: 193460 wood vertices, 374160 wood triangles, 66593 foliage instances; 11828797 triangles and 66593 instances drawn in 9 calls; 5680 wood caster triangles; 16649 foliage caster instances
exit=0
target/release/examples/headless --preset oregon-white-oak --seed 7 --age 56.1 --size 700x1000 --out /home/daniel/Projects/telperion/.flow/evidence/fn31/strips/oregon-white-oak-age-56.1.png
/home/daniel/Projects/telperion/.flow/evidence/fn31/strips/oregon-white-oak-age-56.1.png 700x1000 on NVIDIA GeForce RTX 3080 at 4 samples a pixel: 3321086 wood vertices, 6432480 wood triangles, 1388098 foliage instances; 245185977 triangles and 1388098 instances drawn in 9 calls; 6280 wood caster triangles; 347025 foliage caster instances
exit=0
target/release/examples/headless --preset oregon-white-oak --seed 7 --age 112 --size 700x1000 --out /home/daniel/Projects/telperion/.flow/evidence/fn31/strips/oregon-white-oak-age-112.png
/home/daniel/Projects/telperion/.flow/evidence/fn31/strips/oregon-white-oak-age-112.png 700x1000 on NVIDIA GeForce RTX 3080 at 4 samples a pixel: 5455570 wood vertices, 10569360 wood triangles, 2182691 foliage instances; 385992853 triangles and 2182691 instances drawn in 9 calls; 13760 wood caster triangles; 545673 foliage caster instances
exit=0
target/release/examples/headless --preset oregon-white-oak --seed 7 --age 200 --size 700x1000 --out /home/daniel/Projects/telperion/.flow/evidence/fn31/strips/oregon-white-oak-age-200.png
/home/daniel/Projects/telperion/.flow/evidence/fn31/strips/oregon-white-oak-age-200.png 700x1000 on NVIDIA GeForce RTX 3080 at 4 samples a pixel: 5711712 wood vertices, 11065680 wood triangles, 2185564 foliage instances; 386983329 triangles and 2185564 instances drawn in 9 calls; 26920 wood caster triangles; 546391 foliage caster instances
exit=0
target/release/examples/headless --preset oregon-white-oak --seed 7 --age 432 --size 700x1000 --out /home/daniel/Projects/telperion/.flow/evidence/fn31/strips/oregon-white-oak-age-432.png
/home/daniel/Projects/telperion/.flow/evidence/fn31/strips/oregon-white-oak-age-432.png 700x1000 on NVIDIA GeForce RTX 3080 at 4 samples a pixel: 5715598 wood vertices, 11073200 wood triangles, 1720137 foliage instances; 306937405 triangles and 1720137 instances drawn in 9 calls; 197520 wood caster triangles; 430035 foliage caster instances
exit=0
montage /home/daniel/Projects/telperion/.flow/evidence/fn31/strips/oregon-white-oak-age-1.png /home/daniel/Projects/telperion/.flow/evidence/fn31/strips/oregon-white-oak-age-10.png /home/daniel/Projects/telperion/.flow/evidence/fn31/strips/oregon-white-oak-age-26.7.png /home/daniel/Projects/telperion/.flow/evidence/fn31/strips/oregon-white-oak-age-56.1.png /home/daniel/Projects/telperion/.flow/evidence/fn31/strips/oregon-white-oak-age-112.png /home/daniel/Projects/telperion/.flow/evidence/fn31/strips/oregon-white-oak-age-200.png /home/daniel/Projects/telperion/.flow/evidence/fn31/strips/oregon-white-oak-age-432.png -tile 7x1 -geometry +4+0 /home/daniel/Projects/telperion/.flow/evidence/fn31/strips/oregon-white-oak-strip.png
exit=0
target/release/examples/headless --preset oregon-white-oak --seed 7 --size 1600x1000 --out /home/daniel/Projects/telperion/.flow/evidence/fn31/oregon-white-oak-hero.png
/home/daniel/Projects/telperion/.flow/evidence/fn31/oregon-white-oak-hero.png 1600x1000 on NVIDIA GeForce RTX 3080 at 4 samples a pixel: 5715598 wood vertices, 11073200 wood triangles, 1720137 foliage instances; 306937405 triangles and 1720137 instances drawn in 9 calls; 197520 wood caster triangles; 430035 foliage caster instances
exit=0
montage /home/daniel/Projects/telperion/.flow/evidence/fn30/oregon-white-oak-hero.png /home/daniel/Projects/telperion/.flow/evidence/fn31/oregon-white-oak-hero.png -tile 2x1 -geometry +4+0 /home/daniel/Projects/telperion/.flow/evidence/fn31/oregon-white-oak-beside-fn30.png
exit=0
montage /home/daniel/Projects/telperion/.flow/evidence/fn30/strips/oregon-white-oak-strip.png /home/daniel/Projects/telperion/.flow/evidence/fn31/strips/oregon-white-oak-strip.png -tile 1x2 -geometry +0+4 /home/daniel/Projects/telperion/.flow/evidence/fn31/oregon-white-oak-strips-beside-fn30.png
exit=0
target/release/examples/headless --preset norway-spruce --seed 7 --age 1 --size 700x1000 --out /home/daniel/Projects/telperion/.flow/evidence/fn31/strips/norway-spruce-age-1.png --frame-min-y 0
/home/daniel/Projects/telperion/.flow/evidence/fn31/strips/norway-spruce-age-1.png 700x1000 on NVIDIA GeForce RTX 3080 at 4 samples a pixel: 162 wood vertices, 320 wood triangles, 6 foliage instances; 1249 triangles and 6 instances drawn in 6 calls; 0 wood caster triangles; 2 foliage caster instances
exit=0
target/release/examples/headless --preset norway-spruce --seed 7 --age 5 --size 700x1000 --out /home/daniel/Projects/telperion/.flow/evidence/fn31/strips/norway-spruce-age-5.png
/home/daniel/Projects/telperion/.flow/evidence/fn31/strips/norway-spruce-age-5.png 700x1000 on NVIDIA GeForce RTX 3080 at 4 samples a pixel: 1408 wood vertices, 2720 wood triangles, 184 foliage instances; 12193 triangles and 184 instances drawn in 6 calls; 2640 wood caster triangles; 46 foliage caster instances
exit=0
target/release/examples/headless --preset norway-spruce --seed 7 --age 14.1 --size 700x1000 --out /home/daniel/Projects/telperion/.flow/evidence/fn31/strips/norway-spruce-age-14.1.png
/home/daniel/Projects/telperion/.flow/evidence/fn31/strips/norway-spruce-age-14.1.png 700x1000 on NVIDIA GeForce RTX 3080 at 4 samples a pixel: 118184 wood vertices, 227920 wood triangles, 78487 foliage instances; 3995937 triangles and 78487 instances drawn in 6 calls; 23120 wood caster triangles; 19622 foliage caster instances
exit=0
target/release/examples/headless --preset norway-spruce --seed 7 --age 26.6 --size 700x1000 --out /home/daniel/Projects/telperion/.flow/evidence/fn31/strips/norway-spruce-age-26.6.png
/home/daniel/Projects/telperion/.flow/evidence/fn31/strips/norway-spruce-age-26.6.png 700x1000 on NVIDIA GeForce RTX 3080 at 4 samples a pixel: 1763816 wood vertices, 3400440 wood triangles, 3183303 foliage instances; 156199625 triangles and 3183303 instances drawn in 6 calls; 33320 wood caster triangles; 795826 foliage caster instances
exit=0
target/release/examples/headless --preset norway-spruce --seed 7 --age 36.9 --size 700x1000 --out /home/daniel/Projects/telperion/.flow/evidence/fn31/strips/norway-spruce-age-36.9.png
/home/daniel/Projects/telperion/.flow/evidence/fn31/strips/norway-spruce-age-36.9.png 700x1000 on NVIDIA GeForce RTX 3080 at 4 samples a pixel: 2422908 wood vertices, 4671440 wood triangles, 5068796 foliage instances; 247974289 triangles and 5068796 instances drawn in 6 calls; 39400 wood caster triangles; 1267199 foliage caster instances
exit=0
target/release/examples/headless --preset norway-spruce --seed 7 --age 60 --size 700x1000 --out /home/daniel/Projects/telperion/.flow/evidence/fn31/strips/norway-spruce-age-60.png
/home/daniel/Projects/telperion/.flow/evidence/fn31/strips/norway-spruce-age-60.png 700x1000 on NVIDIA GeForce RTX 3080 at 4 samples a pixel: 2427550 wood vertices, 4680520 wood triangles, 5230267 foliage instances; 255733977 triangles and 5230267 instances drawn in 6 calls; 44120 wood caster triangles; 1307567 foliage caster instances
exit=0
target/release/examples/headless --preset norway-spruce --seed 7 --age 158 --size 700x1000 --out /home/daniel/Projects/telperion/.flow/evidence/fn31/strips/norway-spruce-age-158.png
/home/daniel/Projects/telperion/.flow/evidence/fn31/strips/norway-spruce-age-158.png 700x1000 on NVIDIA GeForce RTX 3080 at 4 samples a pixel: 2427592 wood vertices, 4680600 wood triangles, 5213939 foliage instances; 254950313 triangles and 5213939 instances drawn in 6 calls; 63640 wood caster triangles; 1303485 foliage caster instances
exit=0
montage /home/daniel/Projects/telperion/.flow/evidence/fn31/strips/norway-spruce-age-1.png /home/daniel/Projects/telperion/.flow/evidence/fn31/strips/norway-spruce-age-5.png /home/daniel/Projects/telperion/.flow/evidence/fn31/strips/norway-spruce-age-14.1.png /home/daniel/Projects/telperion/.flow/evidence/fn31/strips/norway-spruce-age-26.6.png /home/daniel/Projects/telperion/.flow/evidence/fn31/strips/norway-spruce-age-36.9.png /home/daniel/Projects/telperion/.flow/evidence/fn31/strips/norway-spruce-age-60.png /home/daniel/Projects/telperion/.flow/evidence/fn31/strips/norway-spruce-age-158.png -tile 7x1 -geometry +4+0 /home/daniel/Projects/telperion/.flow/evidence/fn31/strips/norway-spruce-strip.png
exit=0
target/release/examples/headless --preset norway-spruce --seed 7 --size 1600x1000 --out /home/daniel/Projects/telperion/.flow/evidence/fn31/norway-spruce-hero.png
/home/daniel/Projects/telperion/.flow/evidence/fn31/norway-spruce-hero.png 1600x1000 on NVIDIA GeForce RTX 3080 at 4 samples a pixel: 2427592 wood vertices, 4680600 wood triangles, 5213939 foliage instances; 254950313 triangles and 5213939 instances drawn in 6 calls; 63640 wood caster triangles; 1303485 foliage caster instances
exit=0
montage /home/daniel/Projects/telperion/.flow/evidence/fn30/norway-spruce-hero.png /home/daniel/Projects/telperion/.flow/evidence/fn31/norway-spruce-hero.png -tile 2x1 -geometry +4+0 /home/daniel/Projects/telperion/.flow/evidence/fn31/norway-spruce-beside-fn30.png
exit=0
montage /home/daniel/Projects/telperion/.flow/evidence/fn30/strips/norway-spruce-strip.png /home/daniel/Projects/telperion/.flow/evidence/fn31/strips/norway-spruce-strip.png -tile 1x2 -geometry +0+4 /home/daniel/Projects/telperion/.flow/evidence/fn31/norway-spruce-strips-beside-fn30.png
exit=0
target/release/examples/headless --preset ordinary --seed 7 --size 1600x1000 --view clay --out /home/daniel/Projects/telperion/.flow/evidence/fn24/ordinary-hero.png
/home/daniel/Projects/telperion/.flow/evidence/fn24/ordinary-hero.png 1600x1000 on NVIDIA GeForce RTX 3080 at 4 samples a pixel: 768590 wood vertices, 1490000 wood triangles, 207700 foliage instances; 8137040 triangles and 207700 instances drawn in 5 calls; 200280 wood caster triangles; 51925 foliage caster instances
exit=0
