    Blocking waiting for file lock on build directory
   Compiling telperion-core v0.1.0 (/home/daniel/Projects/telperion/crates/telperion-core)
    Finished `release` profile [optimized] target(s) in 1m 03s
     Running unittests src/lib.rs (target/release/deps/telperion_core-667d8e26891ed866)

running 135 tests
test blend::tests::a_field_that_is_off_walks_up_from_nothing ... ok
test branching::audit::retained_supports ... ignored, mature stage audit; run explicitly with --nocapture
test branching::audit::scaffold_directions ... ignored, mature scaffold direction audit
test branching::audit::shape_report ... ignored, calibration read-out
test blend::tests::a_walk_rounds_each_kind_of_number_the_way_its_rule_demands ... ok
test branching::local::monthly_tests::monthly_deferred_shoot_does_not_starve_a_younger_live_shoot ... ok
test branching::local::monthly_tests::monthly_terminal_birth_does_not_retire_unborn_lateral_buds ... ok
test blend::tests::a_walk_between_two_material_rows_stays_a_row_a_leaf_can_be_drawn_from ... ok
test branching::local::waiting::frontier_tests::a_shoot_beyond_all_reach_of_the_rising_trunk_is_not_replanned ... ok
test branching::local::monthly_tests::monthly_local_station_is_reconsidered_when_it_becomes_eligible ... ok
test branching::local::waiting::frontier_tests::unchanged_frontier_keeps_its_identity_order_without_visiting_shoots ... ok
test branching::local::waiting::frontier_tests::sleeping_terminal_receives_no_visits_and_wakes_at_crown_entry ... ok
test branching::local::waiting::tests::fixed_candidate_waits_until_the_crown_can_reach_it ... ok
test branching::local::monthly_tests::monthly_run_keeps_stations_waiting_beyond_the_current_envelope ... ok
test branching::scaffold::frontier::tests::annual_blocked_axes_leave_the_budget_for_live_shoots ... ok
test branching::scaffold::frontier::tests::attractor_consumption_keeps_the_first_year ... ok
test branching::specimen::change_tests::change_record_bad_placement_is_atomic_and_names_its_run ... ok
test branching::specimen::change_tests::change_record_cohort_boundary_matches_cached_and_cold_reads ... ok
test branching::specimen::change_tests::change_record_fresh_reads_reuse_contacts_until_neighbor_geometry_changes ... ok
test branching::specimen::change_tests::change_record_preserves_run_position_bits ... ok
test branching::specimen::change_tests::change_record_preserves_transform_bits_including_signed_zero ... ok
test branching::specimen::change_tests::change_record_includes_contact_motion_from_sibling_growth ... ok
test branching::specimen::change_tests::change_record_rejects_missing_and_wrong_runs_naming_identity_without_mutation ... ok
test branching::specimen::change_tests::change_record_tolerance_suppresses_noise_without_drift ... ok
test branching::specimen::cohort_tests::first_cohort_reaches_the_distal_half_of_its_shoot ... ok
test branching::specimen::cohort_tests::cohort_budget_counts_visible_stations_and_failed_fill_keeps_age ... ok
test branching::specimen::cohort_tests::thickened_shoot_stops_bearing_at_anatomical_diameter ... ok
test branching::specimen::cohort_tests::young_cohorts_fill_annually_and_keep_station_identities ... ok
test branching::specimen::cost_tests::inactive_wood_is_not_evaluated_when_shedding_is_disabled ... ok
test branching::specimen::foliage_tests::cohort_fill_preserves_integer_ticks_near_the_maximum_age ... ok
test branching::local::waiting::prediction_tests::wake_bound_never_skips_an_eligible_slice_on_either_side_of_the_crown ... ok
test branching::specimen::foliage_tests::leaf_lifetime_zero_fractional_and_maximum_are_valid ... ok
test branching::specimen::foliage_tests::placement_identities_survive_thickening_and_match_fresh_surface_contacts ... ok
test branching::specimen::crown::tests::an_unsampled_crown_does_not_rebuild_its_profile ... ok
test branching::specimen::foliage_tests::changed_neighboring_contact_polygons_move_an_unchanged_surviving_shoot ... ok
test branching::specimen::foliage_tests::surviving_leaf_randomness_is_independent_of_compaction_and_retired_generations ... ok
test branching::specimen::foliage_tests::leaves_hold_across_the_exact_lifetime_boundary_without_wood_growth ... ok
test branching::specimen::foliage_tests::foliage_rederives_only_shoots_whose_wood_or_contact_changed ... ok
test branching::specimen::interval::tests::envelope_growth_without_wood_keyframes_moves_no_placement ... ok
test branching::specimen::interval::tests::interval_advance_cannot_reuse_older_cached_cohort_transforms ... ok
test branching::specimen::history::tests::historical_read_refuses_invalid_ages_and_names_the_frontier ... ok
test branching::specimen::interval::tests::interval_records_follow_sibling_growth_and_removal_contacts ... ok
test branching::specimen::interval::tests::interval_records_validate_both_ages_without_running_simulation ... ok
test branching::specimen::cost_tests::crown_cache_reuses_geometry_and_matches_exhaustive_profile ... ok
test branching::specimen::history::tests::default_read_keeps_exact_frontier_ticks_near_maximum_age ... ok
test branching::scaffold::frontier::tests::annual_laterals_extend_before_the_leader_finishes ... ok
test branching::specimen::chronicle_tests::shedding_keeps_storage_and_keys_but_packs_only_living_wood ... ok
test branching::specimen::measurement::mature_stage_profile ... ok
test branching::specimen::measurement::monthly_cost_report ... ok
test branching::specimen::measurement::spruce_contact_motion_report ... ok
test branching::specimen::measurement::tolerance_cost_report ... ok
test branching::specimen::keyframes::tests::unread_annual_frames_queue_each_output_only_once ... ok
test branching::specimen::monthly_tests::annual_blends_preserve_valid_age_and_rate_boundaries ... ok
test branching::specimen::cost_tests::packing_keeps_append_headroom_for_the_next_slice ... ok
test branching::specimen::foliage_tests::annual_leaf_buffers_replay_exactly_across_reads_for_all_presets_and_a_blend ... ok
test branching::specimen::cost_tests::structural_births_do_not_move_existing_local_storage_inside_a_slice ... ok
test branching::specimen::history::tests::historical_read_keeps_zero_budget_envelopes_and_saturated_cohorts ... ok
test branching::specimen::keyframes::tests::annual_keyframes_do_not_finalize_stored_output_radii ... ok
test branching::specimen::monthly_tests::annual_pause_and_subyear_remainder_do_not_grow_early ... ok
test branching::specimen::monthly_tests::annual_node_cap_rolls_back_a_partial_slice_and_resumes_after_raise ... ok
test branching::specimen::monthly_tests::annual_time_errors_name_values_and_preserve_the_specimen ... ok
test branching::specimen::monthly_tests::annual_zero_ceiling_keeps_an_empty_seedling_and_recovers ... ok
test branching::specimen::keyframes::tests::resize_tolerance_accumulates_from_last_frame_without_rewriting_it ... ok
test branching::specimen::cost_tests::an_internal_slice_does_not_finalize_existing_local_widths ... ok
test branching::specimen::read_tests::unread_advances_do_not_pack_and_reads_preserve_internal_indices ... ok
test branching::specimen::chronicle_tests::vigour_records_preserve_every_earlier_observation_and_counter ... ok
test branching::specimen::keyframes::tests::unchanged_canonical_parents_do_not_walk_local_descendants ... ok
test branching::specimen::keyframes::tests::radius_history_is_monotone_through_extension_forks_and_shedding ... ok
test branching::specimen::monthly_tests::annual_frontier_storage_permutations_do_not_change_birth_order ... ok
test branching::specimen::history::tests::ten_year_jump_and_yearly_advances_keep_all_intermediate_reads ... ok
test branching::specimen::read_tests::finalizing_grown_and_shed_records_ignores_stored_output_widths ... ok
test branching::specimen::monthly_tests::annual_growth_traits_and_age_are_numeric_family_dimensions ... ok
test branching::specimen::cost_tests::packing_between_advances_does_not_change_grown_and_shed_tree_bytes ... FAILED
test branching::specimen::survival_tests::mature_light_survives_while_interior_shoots_die_as_stamps ... ok
test branching::specimen::shared::tests::fractional_contact_advance_does_not_materialize_numeric_offsets ... ok
test branching::specimen::keyframes::tests::ten_year_jump_retains_every_annual_radius_read_and_interval ... ok
test branching::specimen::monthly_tests::annual_cached_local_runs_obey_the_current_crown_boundary ... ok
test branching::specimen::monthly_tests::annual_growth_expands_the_envelope_and_retains_wood ... ok
test branching::specimen::retention::tests::history_cap_refuses_expired_ages_and_invalid_settings_atomically ... ok
test branching::specimen::tests::retired_generation_cannot_resolve_a_reused_slot ... ok
test branching::specimen::tests::shedding_compacts_siblings_without_reusing_birth_identities ... ok
test branching::specimen::contacts::tests::indexed_contacts_match_both_endpoint_sweep_dependencies ... ok
test branching::specimen::read_tests::reads_between_advances_reconcile_after_growth_shedding_and_cap_recovery ... ok
test branching::specimen::thickening_tests::live_shedding_replays_shoot_state_and_surviving_radii_exactly ... ok
test branching::specimen::thickening_tests::shedding_waits_for_tolerance_and_retires_only_the_dark_subtree ... ok
test branching::specimen::thickening_tests::snapshot_cuts_are_capped_and_remove_new_descendants_without_reusing_ids ... ok
test branching::specimen::thickening_tests::structural_forks_and_cuts_preserve_surviving_widths_and_pipe_cache ... ok
test branching::specimen::thickening_tests::threshold_equality_recovers_and_restarts_the_tolerance_clock ... ok
test branching::specimen::thickening_tests::tolerance_and_apical_loss_are_validated_blended_numeric_traits ... ok
test branching::specimen::widths::tests::width_queue_keeps_birth_order_across_bucket_boundaries_and_new_children ... ok
test growth::clock::tests::annual_boundary_keeps_the_original_submonth_resolution ... ok
test growth::tests::maturity_is_derived_from_growth ... ok
test material::tests::a_range_that_runs_backwards_is_refused_by_the_pairs_name ... ok
test material::tests::a_value_off_its_range_is_refused_by_its_own_name ... ok
test material::tests::the_row_every_family_starts_from_is_one_a_leaf_can_be_drawn_from ... ok
test branching::specimen::thickening_tests::local_wood_thickens_with_its_parent_and_never_shrinks ... ok
test params::tests::age_and_growth_round_trip_and_refuse_invalid_values ... ok
test params::tests::every_preset_age_is_derived_from_its_growth ... ok
test params::tests::leaf_lifetime_is_a_validated_blended_family_trait ... ok
test params::tests::resize_tolerance_is_a_validated_blended_wire_trait ... ok
test params::tests::the_material_row_travels_the_wire_and_is_refused_by_field_name ... ok
test radius::history::tests::historical_maximum_survives_scale_falls_and_later_recovery ... ok
test radius::incremental::tests::rising_scale_does_not_visit_wood_below_its_previous_width ... ok
test surface::tests::allocation_failure_is_explicit ... ok
test branching::audit::shipped_scaffolds_are_reproducible ... FAILED
test branching::specimen::tests::scaffold_resume_preserves_each_axis_stream_and_spent_attractors ... ok
test branching::specimen::tests::whole_build_replays_the_retained_frontiers_exactly ... ok
test branching::audit::trait_extremes_are_trees ... ok
test params::tests::catalogue_roundtrips_all_controls_and_identities ... ok
test branching::specimen::shared::tests::shared_reads_keep_unchanged_payloads_and_reconcile_every_age ... ok
test branching::specimen::retention::tests::history_cap_build_and_node_ceiling_keep_the_same_complete_slice ... ok
test branching::specimen::tests::retained_frontiers_grow_structure_after_twigs_without_changing_identities ... ok
test branching::specimen::interval::tests::interval_records_are_canonical_for_every_intermediate_year ... ok
test branching::specimen::monthly_tests::annual_build_and_irregular_fractional_replay_have_identical_bytes ... ok
test branching::specimen::history::tests::every_prior_read_matches_fresh_growth_including_shedding_and_contacts ... ok
test branching::specimen::retention::tests::history_cap_compacts_dead_wood_and_preserves_every_retained_read ... ok
test branching::specimen::change_tests::change_record_replay_buffers_match_fresh_build_for_every_preset_and_blend ... ok
test branching::specimen::cost_tests::identity_maintenance_without_structural_birth_visits_only_new_locals ... ok
test branching::specimen::change_tests::change_record_reconciles_birth_extension_shedding_and_expiry ... ok
test branching::specimen::retention::tests::history_cap_preserves_future_growth_identities_and_records ... ok
test branching::specimen::interval::tests::interval_records_reconcile_all_age_pairs_presets_and_blend ... ok
test branching::specimen::history::tests::historical_reads_cover_every_preset_blends_and_do_not_change_future_growth ... ok
test branching::specimen::chronicle_tests::dead_records_stay_frozen_and_slots_are_never_reused_by_later_growth ... ok
test branching::audit::every_bias_term_reaches_every_shipped_preset ... ok
test branching::specimen::survival_tests::ordinary_retains_its_mature_crown_with_authored_shedding ... ok
test branching::specimen::monthly_tests::annual_saturated_age_jumps_without_visiting_the_intervening_slices ... ok
test branching::specimen::interval::tests::empty_late_interval_visits_no_unrelated_chronicle_nodes ... ok
test branching::audit::every_habit_trait_moves_every_shipped_preset ... ok
test branching::specimen::storage::tests::sparse_advance_updates_the_existing_packed_tree ... ok
test branching::specimen::tests::local_resume_preserves_pending_runs_across_irregular_budgets ... ok
test branching::specimen::interval::tests::sparse_spruce_projects_only_changed_contact_paths ... ok
test branching::specimen::cohort_tests::mature_cohorts_hold_for_twice_the_lifetime ... ok
test branching::specimen::history::tests::historical_read_cannot_poison_clock_only_cohort_changes ... ok
test branching::specimen::survival_tests::laurelin_retains_its_mature_crown_with_authored_shedding ... ok
test branching::specimen::survival_tests::telperion_retains_its_mature_crown_with_authored_shedding ... ok

failures:

---- branching::specimen::cost_tests::packing_between_advances_does_not_change_grown_and_shed_tree_bytes stdout ----

thread 'branching::specimen::cost_tests::packing_between_advances_does_not_change_grown_and_shed_tree_bytes' (684638) panicked at crates/telperion-core/src/branching/specimen/cost_tests.rs:138:5:
packing boundaries changed structure, radii, shoot state or generational identities
note: run with `RUST_BACKTRACE=1` environment variable to display a backtrace

---- branching::audit::shipped_scaffolds_are_reproducible stdout ----

thread 'branching::audit::shipped_scaffolds_are_reproducible' (684600) panicked at crates/telperion-core/src/branching/audit.rs:144:9:
assertion `left == right` failed: OregonWhiteOak scaffold changed
  left: 17540764791485697293
 right: 11389017044164293456


failures:
    branching::audit::shipped_scaffolds_are_reproducible
    branching::specimen::cost_tests::packing_between_advances_does_not_change_grown_and_shed_tree_bytes

test result: FAILED. 130 passed; 2 failed; 3 ignored; 0 measured; 0 filtered out; finished in 33.30s

error: test failed, to rerun pass `-p telperion-core --lib`
