   Compiling telperion-core v0.1.0 (/home/daniel/Projects/telperion/crates/telperion-core)
    Finished `release` profile [optimized] target(s) in 16.17s
     Running tests/growth_form.rs (target/release/deps/growth_form-eaa716f73ca1dd35)

running 10 tests
test spruce_starts_as_a_needled_seedling ... ok
test oak_starts_as_a_leafed_seedling ... ok
test young_spruce_branches_and_carries_foliage ... ok
test sapling_laterals_carry_foliage_in_the_upper_crown ... FAILED
test young_oak_branches_and_carries_foliage ... ok
test expanding_oak_crown_keeps_leafed_shoots ... ok
test every_preset_carries_foliage_each_year_from_one_through_ten ... FAILED
test mature_bole_does_not_end_at_a_temporary_local_apex ... FAILED
test mature_species_hold_fn30_crown_population ... FAILED
test height_to_trunk_diameter_falls_with_age ... ok

failures:

---- sapling_laterals_carry_foliage_in_the_upper_crown stdout ----

thread 'sapling_laterals_carry_foliage_in_the_upper_crown' (673399) panicked at crates/telperion-core/tests/growth_form.rs:156:9:
NorwaySpruce 5: foliage confined to the base: 16/459 above half height
note: run with `RUST_BACKTRACE=1` environment variable to display a backtrace

---- every_preset_carries_foliage_each_year_from_one_through_ten stdout ----

thread 'every_preset_carries_foliage_each_year_from_one_through_ten' (673392) panicked at crates/telperion-core/tests/growth_form.rs:137:5:
bare annual specimens: [(Telperion, 1), (Telperion, 2), (Telperion, 3), (Telperion, 4), (Telperion, 5), (Telperion, 6), (Telperion, 7), (Telperion, 8), (Telperion, 9), (Telperion, 10), (Laurelin, 1)]

---- mature_bole_does_not_end_at_a_temporary_local_apex stdout ----

thread 'mature_bole_does_not_end_at_a_temporary_local_apex' (673396) panicked at crates/telperion-core/tests/growth_form.rs:95:5:
thickest bole ends at 0.527012402587544 m below the mature crown

---- mature_species_hold_fn30_crown_population stdout ----

thread 'mature_species_hold_fn30_crown_population' (673397) panicked at crates/telperion-core/tests/growth_form.rs:169:9:
OregonWhiteOak: 249494 nodes outside fn30 196901 ±15%


failures:
    every_preset_carries_foliage_each_year_from_one_through_ten
    mature_bole_does_not_end_at_a_temporary_local_apex
    mature_species_hold_fn30_crown_population
    sapling_laterals_carry_foliage_in_the_upper_crown

test result: FAILED. 6 passed; 4 failed; 0 ignored; 0 measured; 0 filtered out; finished in 9.13s

error: test failed, to rerun pass `-p telperion-core --test growth_form`
