   Compiling telperion-core v0.1.0 (/home/daniel/Projects/telperion/crates/telperion-core)
    Finished `release` profile [optimized] target(s) in 7.11s
     Running tests/growth_form.rs (target/release/deps/growth_form-eaa716f73ca1dd35)

running 10 tests
test oak_starts_as_a_leafed_seedling ... ok
test spruce_starts_as_a_needled_seedling ... ok
test sapling_laterals_carry_foliage_in_the_upper_crown ... FAILED
test young_oak_branches_and_carries_foliage ... ok
test young_spruce_branches_and_carries_foliage ... ok
test expanding_oak_crown_keeps_leafed_shoots ... ok
test every_preset_carries_foliage_each_year_from_one_through_ten ... FAILED
test height_to_trunk_diameter_falls_with_age ... ok
test mature_bole_does_not_end_at_a_temporary_local_apex ... ok
test mature_species_hold_fn30_crown_population ... FAILED

failures:

---- sapling_laterals_carry_foliage_in_the_upper_crown stdout ----

thread 'sapling_laterals_carry_foliage_in_the_upper_crown' (671306) panicked at crates/telperion-core/tests/growth_form.rs:153:9:
OregonWhiteOak 10: no sapling scaffold (0)
note: run with `RUST_BACKTRACE=1` environment variable to display a backtrace

---- every_preset_carries_foliage_each_year_from_one_through_ten stdout ----

thread 'every_preset_carries_foliage_each_year_from_one_through_ten' (671300) panicked at crates/telperion-core/tests/growth_form.rs:137:5:
bare annual specimens: [(Ordinary, 2), (Ordinary, 3), (Ordinary, 4), (Telperion, 1), (Telperion, 2), (Telperion, 3), (Telperion, 4), (Telperion, 5), (Telperion, 6), (Telperion, 7), (Telperion, 8), (Telperion, 9), (Telperion, 10), (Laurelin, 1), (Laurelin, 2), (Laurelin, 3), (Laurelin, 4), (Laurelin, 5), (Laurelin, 6), (Laurelin, 7), (Laurelin, 8), (Laurelin, 9), (Laurelin, 10)]

---- mature_species_hold_fn30_crown_population stdout ----

thread 'mature_species_hold_fn30_crown_population' (671304) panicked at crates/telperion-core/tests/growth_form.rs:169:9:
OregonWhiteOak: 19513 nodes outside fn30 196901 ±15%


failures:
    every_preset_carries_foliage_each_year_from_one_through_ten
    mature_species_hold_fn30_crown_population
    sapling_laterals_carry_foliage_in_the_upper_crown

test result: FAILED. 7 passed; 3 failed; 0 ignored; 0 measured; 0 filtered out; finished in 1.00s

error: test failed, to rerun pass `-p telperion-core --test growth_form`
