
> telperion@0.1.0 pretest
> npm run wasm:build && npm run render:build


> telperion@0.1.0 wasm:build
> node scripts/build-wasm.mjs

   Compiling telperion-core v0.1.0 (/home/daniel/Projects/telperion/crates/telperion-core)
   Compiling telperion-wasm v0.1.0 (/home/daniel/Projects/telperion/crates/telperion-wasm)
    Finished `release` profile [optimized] target(s) in 12.26s
Built Wasm and regenerated Rust family metadata.

> telperion@0.1.0 render:build
> node scripts/build-render.mjs

   Compiling telperion-core v0.1.0 (/home/daniel/Projects/telperion/crates/telperion-core)
   Compiling telperion-render v0.1.0 (/home/daniel/Projects/telperion/crates/telperion-render)
    Finished `release` profile [optimized] target(s) in 13.19s
Built the renderer module and its glue into src/browser/render/.

> telperion@0.1.0 test
> vitest run


 RUN  v4.1.11 /home/daniel/Projects/telperion

   Compiling telperion-core v0.1.0 (/home/daniel/Projects/telperion/crates/telperion-core)
    Finished `release` profile [optimized] target(s) in 5.58s

 Test Files  6 passed (6)
      Tests  77 passed (77)
   Start at  14:01:44
   Duration  126.68s (transform 365ms, setup 0ms, import 455ms, tests 126.64s, environment 0ms)

