   Compiling telperion-core v0.1.0 (/home/daniel/Projects/telperion/crates/telperion-core)
   Compiling telperion-render v0.1.0 (/home/daniel/Projects/telperion/crates/telperion-render)
    Finished `release` profile [optimized] target(s) in 44.50s
     Running tests/bark_resolution.rs (target/release/deps/bark_resolution-e418faf839a35ecf)

running 2 tests
trunk redraw worst 0/255
trunk resolution agreement: mean 1.596783/255, p95 6.50/255
plain trunk diagnostic (mean, p95): (0.5658344811753903, 1.25)
test trunk_agrees_with_a_box_reduction_at_half_resolution ... ok
OregonWhiteOak grazing: 5979 pixels, mean 0.742878/255, p95 2.50/255, redraw worst 0/255
OregonWhiteOak plain grazing: (0.24301722696103029, 0.5)

thread 'grazing_trunks_agree_with_a_box_reduction_at_half_resolution' (695152) panicked at crates/telperion-render/tests/bark_resolution.rs:94:9:
grazing fixture has too little wood: 412
note: run with `RUST_BACKTRACE=1` environment variable to display a backtrace
test grazing_trunks_agree_with_a_box_reduction_at_half_resolution ... FAILED

failures:

failures:
    grazing_trunks_agree_with_a_box_reduction_at_half_resolution

test result: FAILED. 1 passed; 1 failed; 0 ignored; 0 measured; 0 filtered out; finished in 20.96s

error: test failed, to rerun pass `-p telperion-render --test bark_resolution`
