   Compiling proc-macro2 v1.0.107
   Compiling quote v1.0.47
   Compiling unicode-ident v1.0.24
   Compiling serde_core v1.0.229
   Compiling serde v1.0.229
   Compiling version_check v0.9.5
   Compiling zmij v1.0.23
   Compiling libm v0.2.16
   Compiling serde_json v1.0.151
   Compiling memchr v2.8.3
   Compiling itoa v1.0.18
   Compiling slotmap v1.1.1
   Compiling syn v3.0.5
   Compiling serde_derive v1.0.229
   Compiling bincode v1.3.3
   Compiling telperion-core v0.1.0 (/tmp/fn31-round3-red/crates/telperion-core)
    Finished `release` profile [optimized] target(s) in 20.10s
     Running tests/growth_form.rs (/tmp/fn31-round3-red/target/release/deps/growth_form-eaa716f73ca1dd35)

running 1 test
test sapling_laterals_carry_foliage_in_the_upper_crown ... FAILED

failures:

---- sapling_laterals_carry_foliage_in_the_upper_crown stdout ----

thread 'sapling_laterals_carry_foliage_in_the_upper_crown' (683791) panicked at crates/telperion-core/tests/growth_form.rs:153:9:
OregonWhiteOak 10: no sapling scaffold (0)
note: run with `RUST_BACKTRACE=1` environment variable to display a backtrace


failures:
    sapling_laterals_carry_foliage_in_the_upper_crown

test result: FAILED. 0 passed; 1 failed; 0 ignored; 0 measured; 9 filtered out; finished in 0.00s

error: test failed, to rerun pass `-p telperion-core --test growth_form`
