    Blocking waiting for file lock on build directory
   Compiling telperion-core v0.1.0 (/home/daniel/Projects/telperion/crates/telperion-core)
    Finished `release` profile [optimized] target(s) in 12.09s
     Running `target/release/examples/fn31_young`
Ordinary 1 nodes=23 laterals=9 structural=0 leaves=80 upper=66 height=0.31954800779036796 spread=0.07106857167069862
Ordinary 2 nodes=41 laterals=17 structural=0 leaves=157 upper=83 height=0.7045821725946915 spread=0.17337787372317792
NODE Structural Terminal radius=0.01008423818587058 start=0.01008423818587058 pos=Vec3 { x: 0.0, y: 0.0, z: 0.0 }
NODE Structural Terminal radius=0.01006780988944848 start=0.01008423818587058 pos=Vec3 { x: -0.0003488379361346529, y: 0.06518920137810998, z: -0.0018853287042211449 }
NODE Structural Terminal radius=0.010051408356468335 start=0.01006780988944848 pos=Vec3 { x: -0.002695537352503125, y: 0.13035374855157256, z: -0.003061305775089096 }
NODE Structural Terminal radius=0.01003503354332965 start=0.010051408356468335 pos=Vec3 { x: -0.004498803674141144, y: 0.19554543266781452, z: -0.0027440027562009067 }
NODE Structural Terminal radius=0.010018685406502963 start=0.01003503354332965 pos=Vec3 { x: -0.00853737442219913, y: 0.2486948447277359, z: 0.03483442286997507 }
NODE Structural Terminal radius=0.010002363902529723 start=0.010018685406502963 pos=Vec3 { x: -0.0017969487362380476, y: 0.31354002310891754, z: 0.03656000417179619 }
NODE Structural Terminal radius=0.009968322991927958 start=0.010002363902529723 pos=Vec3 { x: -0.011006652183030383, y: 0.4479024751728321, z: 0.015183518022092952 }
NODE Structural Terminal radius=0.009934397932299614 start=0.009968322991927958 pos=Vec3 { x: 0.007306031782638162, y: 0.5712892233202854, z: 0.0702779579401511 }
NODE Structural Terminal radius=0.009900588329370628 start=0.009934397932299614 pos=Vec3 { x: 0.01946062755124814, y: 0.7045821725946915, z: 0.04419545810316522 }
NODE Branch Lateral radius=0.0033233827393669584 start=0.0036323298507734297 pos=Vec3 { x: -0.024834671560160376, y: 0.1940498459400261, z: 0.019097037514851048 }
NODE Branch Lateral radius=0.003187759396070769 start=0.003377479083869204 pos=Vec3 { x: 0.010487777252942393, y: 0.1916245509083372, z: -0.027081277979085615 }
NODE Branch Lateral radius=0.0029252462815343833 start=0.003420563047428615 pos=Vec3 { x: 0.027486546781535604, y: 0.2547271145990311, z: -0.011085682567107437 }
NODE Branch Lateral radius=0.002865367793483308 start=0.0032479899267272715 pos=Vec3 { x: -0.034012892061250424, y: 0.25358717948157616, z: -0.0008970484909312062 }
NODE Twig Lateral radius=0.002823586692043762 start=0.002823586692043762 pos=Vec3 { x: 0.004212214039338509, y: 0.31562715964982613, z: 0.03446137619071751 }
NODE Branch Terminal radius=0.0028235866920437625 start=0.0033233827393669584 pos=Vec3 { x: -0.03921606684989969, y: 0.23322156275261324, z: 0.03260098646682685 }
NODE Twig Lateral radius=0.0028235866920437625 start=0.0028235866920437625 pos=Vec3 { x: -0.06770517295740724, y: 0.2441950316051152, z: 0.002061591669328223 }
NODE Branch Terminal radius=0.002823586692043763 start=0.0031877593960707696 pos=Vec3 { x: 0.021654080852751473, y: 0.23824069796851227, z: -0.044802718722290344 }
NODE Twig Lateral radius=0.0028235866920437625 start=0.0028235866920437625 pos=Vec3 { x: -0.01411829977178107, y: 0.24465159371078507, z: -0.06208555851267293 }
NODE Branch Terminal radius=0.002823586692043762 start=0.002925246281534383 pos=Vec3 { x: 0.028514797189734868, y: 0.2564467402417756, z: -0.01137561761902146 }
NODE Twig Lateral radius=0.002823586692043762 start=0.002823586692043762 pos=Vec3 { x: 0.05270578904391418, y: 0.3122573727096795, z: 0.015312900198392904 }
NODE Branch Terminal radius=0.0028235866920437625 start=0.0028653677934833083 pos=Vec3 { x: -0.03431763116393731, y: 0.25414661269847333, z: -0.0008728566541190933 }
NODE Twig Lateral radius=0.0028235866920437625 start=0.0028235866920437625 pos=Vec3 { x: -0.03842016479812583, y: 0.3088907179954356, z: 0.03865949996140731 }
NODE Twig Terminal radius=0.0028235866920437625 start=0.0028235866920437625 pos=Vec3 { x: -0.055145038686194886, y: 0.2983317367198335, z: 0.04483042033721406 }
NODE Twig Terminal radius=0.002823586692043763 start=0.002823586692043763 pos=Vec3 { x: 0.0314120132331881, y: 0.3031020820229366, z: -0.0632529101792005 }
NODE Twig Terminal radius=0.002823586692043762 start=0.002823586692043762 pos=Vec3 { x: 0.05249988764522485, y: 0.31954800779036796, z: -0.020626099779226564 }
NODE Twig Terminal radius=0.0028235866920437625 start=0.0028235866920437625 pos=Vec3 { x: -0.05755647329175252, y: 0.31819577935438986, z: -0.0014080368428917743 }
NODE Branch Lateral radius=0.0017499999999999998 start=0.002881110090639936 pos=Vec3 { x: -0.03896956006803236, y: 0.2883795816762564, z: 0.08359964049254814 }
NODE Branch Lateral radius=0.0018627313242991809 start=0.0025473829429747286 pos=Vec3 { x: 0.03237196528583696, y: 0.45371000335510014, z: 0.11059763607659084 }
NODE Branch Lateral radius=0.00283111456390754 start=0.003528432729652438 pos=Vec3 { x: -0.017688537864547188, y: 0.45098805998451896, z: -0.03605382345279632 }
NODE Branch Lateral radius=0.0017499999999999998 start=0.0034319964653946786 pos=Vec3 { x: 0.04307737877289308, y: 0.5560113019890136, z: 0.030434171683157287 }
NODE Branch Lateral radius=0.0017499999999999998 start=0.0029933865579335897 pos=Vec3 { x: -0.06302815237846325, y: 0.5429169724436659, z: -0.019383206051794853 }
NODE Branch Lateral radius=0.0017500000000000003 start=0.0026281390040341223 pos=Vec3 { x: 0.006642644844369655, y: 0.5776671055605117, z: 0.06885603990310783 }
NODE Twig Terminal radius=0.0017499999999999998 start=0.0017499999999999998 pos=Vec3 { x: -0.08517264044560369, y: 0.40701303048044435, z: 0.15101492779289782 }
NODE Branch Terminal radius=0.0017499999999999998 start=0.0018627313242991809 pos=Vec3 { x: 0.032840017147645145, y: 0.45649456143430445, z: 0.11231968009160083 }
NODE Twig Lateral radius=0.0017499999999999998 start=0.0017499999999999998 pos=Vec3 { x: -0.018266471672056972, y: 0.5765743450437095, z: 0.16621726406192472 }
NODE Branch Terminal radius=0.0017499999999999998 start=0.00283111456390754 pos=Vec3 { x: -0.021301420616448206, y: 0.5341998766874554, z: -0.07415992743128663 }
NODE Twig Lateral radius=0.0017499999999999998 start=0.0017499999999999998 pos=Vec3 { x: -0.09226528621828652, y: 0.5737626908432917, z: -0.04692301826271753 }
NODE Twig Terminal radius=0.0017499999999999998 start=0.0017499999999999998 pos=Vec3 { x: 0.08735111070310811, y: 0.6928812499534525, z: 0.03817334337812331 }
NODE Twig Terminal radius=0.0017499999999999998 start=0.0017499999999999998 pos=Vec3 { x: -0.11023334569828103, y: 0.6742507555572347, z: -0.05511201669611372 }
NODE Twig Terminal radius=0.0017499999999999998 start=0.0017499999999999998 pos=Vec3 { x: 0.046191188298442, y: 0.5918284186260501, z: 0.15985844427250062 }
NODE Twig Terminal radius=0.0017499999999999998 start=0.0017499999999999998 pos=Vec3 { x: -0.02611664681097341, y: 0.6705843541925594, z: -0.12030674385123316 }
Ordinary 3 nodes=57 laterals=24 structural=0 leaves=261 upper=144 height=1.180324872259389 spread=0.32013052223672533
Ordinary 4 nodes=73 laterals=31 structural=0 leaves=279 upper=140 height=1.9390682361368443 spread=0.38450338238049425
Ordinary 5 nodes=114 laterals=53 structural=3 leaves=596 upper=398 height=2.6206832314036292 spread=0.8149076881865308
Ordinary 6 nodes=207 laterals=96 structural=5 leaves=1352 upper=1039 height=3.5768169636010345 spread=1.0792849552467738
Ordinary 7 nodes=249 laterals=104 structural=12 leaves=1220 upper=806 height=4.2477817647771525 spread=1.2498869943547173
Ordinary 8 nodes=339 laterals=130 structural=25 leaves=1298 upper=740 height=5.336077460664968 spread=1.5803084016779028
Ordinary 9 nodes=627 laterals=236 structural=52 leaves=2347 upper=1684 height=6.300309996822297 spread=1.8928229860185508
Ordinary 10 nodes=2443 laterals=1145 structural=86 leaves=22423 upper=18769 height=7.322960506978258 spread=2.217479824617384
Ordinary 14.1 nodes=16624 laterals=7914 structural=292 leaves=184033 upper=124742 height=10.852859891431141 spread=3.298023809017206
Ordinary 26.7 nodes=31797 laterals=15041 structural=508 leaves=342526 upper=114427 height=16.914881030545413 spread=5.517102166136548
Telperion 1 nodes=15 laterals=6 structural=0 leaves=23 upper=23 height=0.9996815006498223 spread=0.23542952630039407
Telperion 2 nodes=18 laterals=6 structural=0 leaves=22 upper=0 height=2.884396468470018 spread=0.23542952630039407
Telperion 3 nodes=21 laterals=6 structural=0 leaves=22 upper=0 height=6.458145129234167 spread=0.5032637919230399
Telperion 4 nodes=23 laterals=6 structural=0 leaves=22 upper=0 height=10.122444795942595 spread=0.894023267112517
Telperion 5 nodes=31 laterals=10 structural=4 leaves=0 upper=0 height=14.93401530842889 spread=3.306526756069726
Telperion 6 nodes=40 laterals=10 structural=4 leaves=0 upper=0 height=19.572962488151433 spread=5.609397249426962
Telperion 7 nodes=62 laterals=16 structural=10 leaves=0 upper=0 height=25.77408209478754 spread=8.05923547963587
Telperion 8 nodes=78 laterals=19 structural=13 leaves=0 upper=0 height=29.619733244934356 spread=8.05923547963587
Telperion 9 nodes=300 laterals=76 structural=21 leaves=1813 upper=1813 height=37.938833860054366 spread=10.124722300643905
Telperion 10 nodes=776 laterals=217 structural=41 leaves=5609 upper=5609 height=44.27622118159942 spread=10.446530936836405
Telperion 14.1 nodes=41932 laterals=16569 structural=206 leaves=302383 upper=260435 height=62.36758294072506 spread=20.59993049415935
Telperion 26.7 nodes=99970 laterals=37574 structural=258 leaves=776705 upper=441493 height=89.70700790828637 spread=26.328812682047463
Laurelin 1 nodes=27 laterals=13 structural=0 leaves=86 upper=86 height=0.9399639353743438 spread=0.4439597282049753
Laurelin 2 nodes=96 laterals=40 structural=0 leaves=576 upper=321 height=2.989177683614737 spread=1.6802299868536703
Laurelin 3 nodes=116 laterals=42 structural=0 leaves=930 upper=100 height=5.964270490432021 spread=1.866929106922575
Laurelin 4 nodes=118 laterals=42 structural=0 leaves=930 upper=0 height=9.18458931335407 spread=2.686459980950199
Laurelin 5 nodes=132 laterals=46 structural=4 leaves=850 upper=0 height=13.697537390079555 spread=7.6345380783864165
Laurelin 6 nodes=158 laterals=47 structural=5 leaves=850 upper=0 height=18.53689078475677 spread=10.115332888774319
Laurelin 7 nodes=278 laterals=65 structural=16 leaves=1070 upper=220 height=23.370739888861895 spread=12.980442734321331
Laurelin 8 nodes=536 laterals=115 structural=35 leaves=1816 upper=966 height=29.04182478573865 spread=17.132143111223336
Laurelin 9 nodes=1478 laterals=362 structural=72 leaves=7768 upper=6468 height=33.8377231536357 spread=20.220614505531113
Laurelin 10 nodes=4331 laterals=1236 structural=141 leaves=31426 upper=24076 height=40.04547654344957 spread=23.221716418808725
Laurelin 14.1 nodes=27842 laterals=9567 structural=344 leaves=160523 upper=83824 height=58.75827128499035 spread=34.75010041278605
Laurelin 26.7 nodes=110377 laterals=38371 structural=524 leaves=819015 upper=36103 height=99.73729477441731 spread=58.44928207386296
OregonWhiteOak 1 nodes=74 laterals=37 structural=0 leaves=192 upper=132 height=0.22224931238766965 spread=0.12267930174044511
OregonWhiteOak 2 nodes=87 laterals=41 structural=0 leaves=227 upper=115 height=0.28393694769306965 spread=0.13064238742361964
OregonWhiteOak 3 nodes=96 laterals=45 structural=0 leaves=262 upper=73 height=0.38428544552770627 spread=0.13604951261044185
OregonWhiteOak 4 nodes=112 laterals=52 structural=0 leaves=339 upper=110 height=0.535211724812034 spread=0.18766291885053807
OregonWhiteOak 5 nodes=129 laterals=61 structural=0 leaves=441 upper=171 height=0.7182115372541562 spread=0.26506870976831953
OregonWhiteOak 6 nodes=141 laterals=65 structural=0 leaves=534 upper=208 height=0.9116643761373209 spread=0.2828926090907146
OregonWhiteOak 7 nodes=149 laterals=69 structural=0 leaves=617 upper=228 height=1.1306947672248837 spread=0.36858060749495136
OregonWhiteOak 8 nodes=159 laterals=74 structural=0 leaves=726 upper=267 height=1.3173030712507101 spread=0.46266278717252846
OregonWhiteOak 9 nodes=177 laterals=83 structural=0 leaves=822 upper=330 height=1.679157462971263 spread=0.46266278717252846
OregonWhiteOak 10 nodes=194 laterals=90 structural=0 leaves=987 upper=445 height=1.9751474977402015 spread=0.46266278717252846
OregonWhiteOak 14.1 nodes=440 laterals=206 structural=5 leaves=3580 upper=2639 height=3.302680234261104 spread=1.8013597724171386
OregonWhiteOak 26.7 nodes=8033 laterals=3857 structural=72 leaves=94448 upper=77340 height=7.78085661674166 spread=4.27425124598567
NorwaySpruce 1 nodes=12 laterals=4 structural=0 leaves=11 upper=2 height=0.043689320388349516 spread=0.006988917876591039
NorwaySpruce 2 nodes=19 laterals=7 structural=0 leaves=27 upper=3 height=0.07272157845286564 spread=0.013226270625030623
NorwaySpruce 3 nodes=30 laterals=13 structural=0 leaves=57 upper=9 height=0.13272157845286564 spread=0.029217334187212004
NorwaySpruce 4 nodes=42 laterals=18 structural=0 leaves=130 upper=22 height=0.25272157845286564 spread=0.0674931150993935
NorwaySpruce 5 nodes=50 laterals=21 structural=0 leaves=241 upper=23 height=0.45272157845286565 spread=0.09595662917941253
NorwaySpruce 6 nodes=58 laterals=24 structural=0 leaves=399 upper=37 height=0.7527215784528657 spread=0.16226217306546767
NorwaySpruce 7 nodes=63 laterals=26 structural=0 leaves=429 upper=27 height=0.9777215784528657 spread=0.212802828250929
NorwaySpruce 8 nodes=84 laterals=38 structural=5 leaves=822 upper=184 height=1.5777215784528658 spread=0.35606196106653193
NorwaySpruce 9 nodes=209 laterals=92 structural=10 leaves=2912 upper=611 height=1.8777215784528658 spread=0.5437958808096823
NorwaySpruce 10 nodes=651 laterals=305 structural=43 leaves=9724 upper=435 height=2.4777215784528654 spread=0.7588287601460888
NorwaySpruce 14.1 nodes=7412 laterals=3994 structural=660 leaves=201093 upper=12665 height=4.8777215784528645 spread=1.4680791707692793
NorwaySpruce 26.7 nodes=52869 laterals=33973 structural=7975 leaves=3341823 upper=281234 height=10.577721578452868 spread=3.2054619289406636
