   Compiling telperion-core v0.1.0 (/home/daniel/Projects/telperion/crates/telperion-core)
    Finished `release` profile [optimized] target(s) in 14.50s
     Running `target/release/examples/fn31_young`
Ordinary 1 nodes=23 laterals=9 structural=0 leaves=80 upper=66 height=0.31954800779036796 spread=0.07106857167069862
Ordinary 2 nodes=43 laterals=19 structural=0 leaves=173 upper=93 height=0.7045821725946915 spread=0.17337787372317792
NODE Structural Terminal radius=0.01008423818587058 start=0.01008423818587058 pos=Vec3 { x: 0.0, y: 0.0, z: 0.0 }
NODE Structural Terminal radius=0.01006780988944848 start=0.01008423818587058 pos=Vec3 { x: -0.0003488379361346529, y: 0.06518920137810998, z: -0.0018853287042211449 }
NODE Structural Terminal radius=0.010051408356468335 start=0.01006780988944848 pos=Vec3 { x: -0.002695537352503125, y: 0.13035374855157256, z: -0.003061305775089096 }
NODE Structural Terminal radius=0.01003503354332965 start=0.010051408356468335 pos=Vec3 { x: -0.004498803674141144, y: 0.19554543266781452, z: -0.0027440027562009067 }
NODE Structural Terminal radius=0.010018685406502963 start=0.01003503354332965 pos=Vec3 { x: -0.00853737442219913, y: 0.2486948447277359, z: 0.03483442286997507 }
NODE Structural Terminal radius=0.010002363902529723 start=0.010018685406502963 pos=Vec3 { x: -0.0017969487362380476, y: 0.31354002310891754, z: 0.03656000417179619 }
NODE Structural Terminal radius=0.009968322991927958 start=0.010002363902529723 pos=Vec3 { x: -0.011006652183030383, y: 0.4479024751728321, z: 0.015183518022092952 }
NODE Structural Terminal radius=0.009934397932299614 start=0.009968322991927958 pos=Vec3 { x: 0.007306031782638162, y: 0.5712892233202854, z: 0.0702779579401511 }
NODE Structural Terminal radius=0.009900588329370628 start=0.009934397932299614 pos=Vec3 { x: 0.01946062755124814, y: 0.7045821725946915, z: 0.04419545810316522 }
NODE Branch Lateral radius=0.0033233827393669584 start=0.0036323298507734297 pos=Vec3 { x: -0.024834671560160376, y: 0.1940498459400261, z: 0.019097037514851048 }
NODE Branch Lateral radius=0.003187759396070769 start=0.003377479083869204 pos=Vec3 { x: 0.010487777252942393, y: 0.1916245509083372, z: -0.027081277979085615 }
NODE Branch Lateral radius=0.0029252462815343833 start=0.003420563047428615 pos=Vec3 { x: 0.027486546781535604, y: 0.2547271145990311, z: -0.011085682567107437 }
NODE Branch Lateral radius=0.002865367793483308 start=0.0032479899267272715 pos=Vec3 { x: -0.034012892061250424, y: 0.25358717948157616, z: -0.0008970484909312062 }
NODE Twig Lateral radius=0.002823586692043762 start=0.002823586692043762 pos=Vec3 { x: 0.004212214039338509, y: 0.31562715964982613, z: 0.03446137619071751 }
NODE Branch Terminal radius=0.0028235866920437625 start=0.0033233827393669584 pos=Vec3 { x: -0.03921606684989969, y: 0.23322156275261324, z: 0.03260098646682685 }
NODE Twig Lateral radius=0.0028235866920437625 start=0.0028235866920437625 pos=Vec3 { x: -0.06770517295740724, y: 0.2441950316051152, z: 0.002061591669328223 }
NODE Branch Terminal radius=0.002823586692043763 start=0.0031877593960707696 pos=Vec3 { x: 0.021654080852751473, y: 0.23824069796851227, z: -0.044802718722290344 }
NODE Twig Lateral radius=0.0028235866920437625 start=0.0028235866920437625 pos=Vec3 { x: -0.01411829977178107, y: 0.24465159371078507, z: -0.06208555851267293 }
NODE Branch Terminal radius=0.002823586692043762 start=0.002925246281534383 pos=Vec3 { x: 0.028514797189734868, y: 0.2564467402417756, z: -0.01137561761902146 }
NODE Twig Lateral radius=0.002823586692043762 start=0.002823586692043762 pos=Vec3 { x: 0.05270578904391418, y: 0.3122573727096795, z: 0.015312900198392904 }
NODE Branch Terminal radius=0.0028235866920437625 start=0.0028653677934833083 pos=Vec3 { x: -0.03431763116393731, y: 0.25414661269847333, z: -0.0008728566541190933 }
NODE Twig Lateral radius=0.0028235866920437625 start=0.0028235866920437625 pos=Vec3 { x: -0.03842016479812583, y: 0.3088907179954356, z: 0.03865949996140731 }
NODE Twig Terminal radius=0.0028235866920437625 start=0.0028235866920437625 pos=Vec3 { x: -0.055145038686194886, y: 0.2983317367198335, z: 0.04483042033721406 }
NODE Twig Terminal radius=0.002823586692043763 start=0.002823586692043763 pos=Vec3 { x: 0.0314120132331881, y: 0.3031020820229366, z: -0.0632529101792005 }
NODE Twig Terminal radius=0.002823586692043762 start=0.002823586692043762 pos=Vec3 { x: 0.05249988764522485, y: 0.31954800779036796, z: -0.020626099779226564 }
NODE Twig Terminal radius=0.0028235866920437625 start=0.0028235866920437625 pos=Vec3 { x: -0.05755647329175252, y: 0.31819577935438986, z: -0.0014080368428917743 }
NODE Branch Lateral radius=0.0017499999999999998 start=0.002881110090639936 pos=Vec3 { x: -0.03896956006803236, y: 0.2883795816762564, z: 0.08359964049254814 }
NODE Twig Lateral radius=0.0017499999999999998 start=0.0017499999999999998 pos=Vec3 { x: 0.023263379115140093, y: 0.4385705743450976, z: 0.10358822210200291 }
NODE Twig Lateral radius=0.0017499999999999998 start=0.0017499999999999998 pos=Vec3 { x: -0.010929782664127584, y: 0.44304572861183494, z: -0.025876398350915764 }
NODE Branch Lateral radius=0.0018627313242991809 start=0.0025473829429747286 pos=Vec3 { x: 0.03237196528583696, y: 0.45371000335510014, z: 0.11059763607659084 }
NODE Branch Lateral radius=0.00283111456390754 start=0.003528432729652438 pos=Vec3 { x: -0.017688537864547188, y: 0.45098805998451896, z: -0.03605382345279632 }
NODE Branch Lateral radius=0.0017499999999999998 start=0.0034319964653946786 pos=Vec3 { x: 0.04307737877289308, y: 0.5560113019890136, z: 0.030434171683157287 }
NODE Branch Lateral radius=0.0017499999999999998 start=0.0029933865579335897 pos=Vec3 { x: -0.06302815237846325, y: 0.5429169724436659, z: -0.019383206051794853 }
NODE Branch Lateral radius=0.0017500000000000003 start=0.0026281390040341223 pos=Vec3 { x: 0.006642644844369655, y: 0.5776671055605117, z: 0.06885603990310783 }
NODE Twig Terminal radius=0.0017499999999999998 start=0.0017499999999999998 pos=Vec3 { x: -0.08517264044560369, y: 0.40701303048044435, z: 0.15101492779289782 }
NODE Branch Terminal radius=0.0017499999999999998 start=0.0018627313242991809 pos=Vec3 { x: 0.032840017147645145, y: 0.45649456143430445, z: 0.11231968009160083 }
NODE Twig Lateral radius=0.0017499999999999998 start=0.0017499999999999998 pos=Vec3 { x: -0.018266471672056972, y: 0.5765743450437095, z: 0.16621726406192472 }
NODE Branch Terminal radius=0.0017499999999999998 start=0.00283111456390754 pos=Vec3 { x: -0.021301420616448206, y: 0.5341998766874554, z: -0.07415992743128663 }
NODE Twig Lateral radius=0.0017499999999999998 start=0.0017499999999999998 pos=Vec3 { x: -0.09226528621828652, y: 0.5737626908432917, z: -0.04692301826271753 }
NODE Twig Terminal radius=0.0017499999999999998 start=0.0017499999999999998 pos=Vec3 { x: 0.08735111070310811, y: 0.6928812499534525, z: 0.03817334337812331 }
NODE Twig Terminal radius=0.0017499999999999998 start=0.0017499999999999998 pos=Vec3 { x: -0.11023334569828103, y: 0.6742507555572347, z: -0.05511201669611372 }
NODE Twig Terminal radius=0.0017499999999999998 start=0.0017499999999999998 pos=Vec3 { x: 0.046191188298442, y: 0.5918284186260501, z: 0.15985844427250062 }
NODE Twig Terminal radius=0.0017499999999999998 start=0.0017499999999999998 pos=Vec3 { x: -0.02611664681097341, y: 0.6705843541925594, z: -0.12030674385123316 }
Ordinary 3 nodes=62 laterals=28 structural=0 leaves=323 upper=179 height=1.2561148707144945 spread=0.32013052223672533
Ordinary 4 nodes=81 laterals=39 structural=0 leaves=399 upper=219 height=1.9341919609777558 spread=0.4402577059292793
Ordinary 5 nodes=143 laterals=72 structural=3 leaves=906 upper=605 height=2.7667475387437666 spread=0.8315177357062356
Ordinary 6 nodes=239 laterals=125 structural=5 leaves=1706 upper=1282 height=3.5086889657167 spread=1.0792303067211697
Ordinary 7 nodes=330 laterals=173 structural=12 leaves=2154 upper=1443 height=4.472510357716513 spread=1.3366677447777149
Ordinary 8 nodes=572 laterals=299 structural=25 leaves=3509 upper=2558 height=5.422933573346604 spread=1.6107733154882429
Ordinary 9 nodes=1123 laterals=558 structural=54 leaves=6675 upper=5469 height=6.36162900225188 spread=1.9134399188604039
Ordinary 10 nodes=3443 laterals=1756 structural=88 leaves=31641 upper=26786 height=7.320899507224335 spread=2.22194372805494
Ordinary 14.1 nodes=20115 laterals=9940 structural=304 leaves=217227 upper=150848 height=10.830615481990783 spread=3.3004467780722395
Ordinary 26.7 nodes=42189 laterals=20484 structural=552 leaves=442477 upper=158123 height=17.679628258349503 spread=5.521615369114734
Telperion 1 nodes=15 laterals=6 structural=0 leaves=23 upper=23 height=0.9996815006498223 spread=0.23542952630039407
Telperion 2 nodes=20 laterals=8 structural=0 leaves=72 upper=25 height=3.344022668840545 spread=0.23542952630039407
Telperion 3 nodes=26 laterals=11 structural=0 leaves=147 upper=12 height=6.458145129234167 spread=0.661655603842187
Telperion 4 nodes=36 laterals=19 structural=0 leaves=347 upper=200 height=10.599639087394175 spread=1.289839807241724
Telperion 5 nodes=58 laterals=37 structural=4 leaves=675 upper=450 height=15.3903340260788 spread=3.3933293805329967
Telperion 6 nodes=86 laterals=56 structural=4 leaves=1150 upper=925 height=19.970188738615278 spread=5.609397249426962
Telperion 7 nodes=147 laterals=96 structural=10 leaves=1950 upper=1500 height=25.77408209478754 spread=8.05923547963587
Telperion 8 nodes=324 laterals=169 structural=13 leaves=4086 upper=3416 height=31.431830202026074 spread=8.05923547963587
Telperion 9 nodes=695 laterals=313 structural=21 leaves=8228 upper=6978 height=38.20205064553297 spread=10.124722300643905
Telperion 10 nodes=2280 laterals=918 structural=41 leaves=25421 upper=23249 height=43.09117722672578 spread=10.79036006428667
Telperion 14.1 nodes=45452 laterals=18487 structural=204 leaves=345742 upper=284945 height=62.44083700427445 spread=21.821619612467245
Telperion 26.7 nodes=99720 laterals=38241 structural=262 leaves=770624 upper=399144 height=90.68385595824004 spread=29.258290558605275
Laurelin 1 nodes=27 laterals=13 structural=0 leaves=86 upper=86 height=0.9399639353743438 spread=0.4439597282049753
Laurelin 2 nodes=98 laterals=42 structural=0 leaves=626 upper=321 height=2.989177683614737 spread=1.6802299868536703
Laurelin 3 nodes=120 laterals=46 structural=0 leaves=1030 upper=150 height=5.964270490432021 spread=1.866929106922575
Laurelin 4 nodes=126 laterals=50 structural=0 leaves=1130 upper=100 height=9.668433548543462 spread=3.080166255512546
Laurelin 5 nodes=149 laterals=63 structural=4 leaves=1275 upper=275 height=14.163514906456891 spread=7.6345380783864165
Laurelin 6 nodes=200 laterals=89 structural=5 leaves=1900 upper=722 height=18.979162943177993 spread=10.503317310381247
Laurelin 7 nodes=382 laterals=158 structural=16 leaves=3443 upper=2081 height=23.66364540123827 spread=13.915947165373009
Laurelin 8 nodes=831 laterals=336 structural=35 leaves=7451 upper=5045 height=29.322800550973824 spread=17.132143111223336
Laurelin 9 nodes=2564 laterals=983 structural=72 leaves=23841 upper=18494 height=34.1033534702254 spread=20.21474515873032
Laurelin 10 nodes=6808 laterals=2463 structural=144 leaves=65255 upper=44210 height=40.03655256148929 spread=23.270396185071615
Laurelin 14.1 nodes=33137 laterals=13256 structural=375 leaves=200497 upper=104358 height=59.405523153092375 spread=34.805516260739665
Laurelin 26.7 nodes=110561 laterals=40217 structural=548 leaves=762025 upper=117229 height=87.599685065394 spread=57.67214382982839
OregonWhiteOak 1 nodes=74 laterals=37 structural=0 leaves=192 upper=132 height=0.22224931238766965 spread=0.12267930174044511
OregonWhiteOak 2 nodes=91 laterals=45 structural=0 leaves=239 upper=127 height=0.28393694769306965 spread=0.13064238742361964
OregonWhiteOak 3 nodes=104 laterals=53 structural=0 leaves=290 upper=101 height=0.38428544552770627 spread=0.13604951261044185
OregonWhiteOak 4 nodes=134 laterals=71 structural=0 leaves=438 upper=197 height=0.5350351800526961 spread=0.18125918299454158
OregonWhiteOak 5 nodes=148 laterals=78 structural=0 leaves=529 upper=238 height=0.7083995038438806 spread=0.20434996088218962
OregonWhiteOak 6 nodes=167 laterals=89 structural=0 leaves=676 upper=295 height=0.9106094743214013 spread=0.2501574122632542
OregonWhiteOak 7 nodes=173 laterals=93 structural=0 leaves=747 upper=271 height=1.1530986542786985 spread=0.2501574122632542
OregonWhiteOak 8 nodes=194 laterals=105 structural=0 leaves=971 upper=418 height=1.3859398252211514 spread=0.44711061026438437
OregonWhiteOak 9 nodes=210 laterals=115 structural=0 leaves=1057 upper=462 height=1.6596226518278578 spread=0.47519305007605245
OregonWhiteOak 10 nodes=230 laterals=126 structural=0 leaves=1274 upper=606 height=1.9537255052806057 spread=0.5163719515979919
OregonWhiteOak 14.1 nodes=633 laterals=335 structural=5 leaves=5335 upper=4090 height=3.296616897446425 spread=1.8013597724171386
OregonWhiteOak 26.7 nodes=10350 laterals=5320 structural=72 leaves=116502 upper=94135 height=7.781560226302875 spread=4.283825779079349
NorwaySpruce 1 nodes=12 laterals=4 structural=0 leaves=11 upper=2 height=0.043689320388349516 spread=0.006988917876591039
NorwaySpruce 2 nodes=19 laterals=7 structural=0 leaves=27 upper=3 height=0.07272157845286564 spread=0.013226270625030623
NorwaySpruce 3 nodes=33 laterals=16 structural=0 leaves=66 upper=12 height=0.13272157845286564 spread=0.029217334187212004
NorwaySpruce 4 nodes=48 laterals=24 structural=0 leaves=160 upper=32 height=0.25272157845286564 spread=0.0674931150993935
NorwaySpruce 5 nodes=60 laterals=30 structural=0 leaves=315 upper=54 height=0.45272157845286565 spread=0.09061965494427192
NorwaySpruce 6 nodes=66 laterals=32 structural=0 leaves=498 upper=31 height=0.7527215784528657 spread=0.1349608295054962
NorwaySpruce 7 nodes=75 laterals=37 structural=0 leaves=603 upper=49 height=0.9777215784528657 spread=0.20439932571085287
NorwaySpruce 8 nodes=90 laterals=47 structural=5 leaves=1018 upper=124 height=1.5777215784528658 spread=0.29211438478501617
NorwaySpruce 9 nodes=279 laterals=154 structural=10 leaves=4086 upper=838 height=1.8777215784528658 spread=0.6048625720126959
NorwaySpruce 10 nodes=768 laterals=410 structural=43 leaves=12602 upper=434 height=2.4777215784528654 spread=0.7522026989914387
NorwaySpruce 14.1 nodes=10097 laterals=6238 structural=660 leaves=276899 upper=18617 height=4.8777215784528645 spread=1.4754668427125341
NorwaySpruce 26.7 nodes=69274 laterals=48172 structural=7975 leaves=4692304 upper=379331 height=10.577721578452868 spread=3.2402393042031243
