    Blocking waiting for file lock on build directory
   Compiling telperion-core v0.1.0 (/home/daniel/Projects/telperion/crates/telperion-core)
    Finished `release` profile [optimized] target(s) in 6.43s
     Running `target/release/examples/fn31_young`
Ordinary 1 nodes=11 laterals=5 structural=0 leaves=39 upper=25 height=0.3282455311634399 spread=0.03746210457446353
Ordinary 2 nodes=64 laterals=43 structural=9 leaves=440 upper=371 height=0.6630885232639242 spread=0.19642412383400062
NODE Structural Terminal radius=0.01008423818587058 start=0.01008423818587058 pos=Vec3 { x: 0.0, y: 0.0, z: 0.0 }
NODE Structural Terminal radius=0.010067075110469632 start=0.01008423818587058 pos=Vec3 { x: -0.0003644535061600489, y: 0.06810736604305223, z: -0.001969724577926493 }
NODE Structural Terminal radius=0.010049941246115843 start=0.010067075110469632 pos=Vec3 { x: -0.002393523370363222, y: 0.13620594325982596, z: -0.0030150030722192024 }
NODE Structural Terminal radius=0.010032836543092874 start=0.010049941246115843 pos=Vec3 { x: -0.004840307567719936, y: 0.2042985581972543, z: -0.0032020556531207043 }
NODE Structural Terminal radius=0.008378767910436246 start=0.008393052638009631 pos=Vec3 { x: 0.00024247703667369495, y: 0.26043699799608905, z: 0.03507674824944771 }
NODE Structural Terminal radius=0.006324304731949806 start=0.006335086862586751 pos=Vec3 { x: 0.006851729005226307, y: 0.3282455311634399, z: 0.034103830626105454 }
NODE Structural Terminal radius=0.0031507843144880595 start=0.003162152365974903 pos=Vec3 { x: -0.017563156892303904, y: 0.46855510347111484, z: 0.012411019863348003 }
NODE Structural Terminal radius=0.0031394571315551795 start=0.0031507843144880595 pos=Vec3 { x: 0.02897858716578387, y: 0.6020764019595665, z: 0.039967683001873144 }
NODE Structural Lateral radius=0.003162152365974903 start=0.003173561433469732 pos=Vec3 { x: -0.04986337622379965, y: 0.33854669137307447, z: -0.02973133760605104 }
NODE Structural Terminal radius=0.0031507843144880595 start=0.003162152365974903 pos=Vec3 { x: -0.052365481377954624, y: 0.48215086100131754, z: -0.01854998220872852 }
NODE Structural Terminal radius=0.0031394571315551795 start=0.0031507843144880595 pos=Vec3 { x: -0.027986775158586205, y: 0.6238334005147177, z: -0.027779145412638553 }
NODE Structural Lateral radius=0.003162152365974903 start=0.003173561433469732 pos=Vec3 { x: 0.06518569209926883, y: 0.3191978308168746, z: -0.05466036203277093 }
NODE Structural Terminal radius=0.0031507843144880595 start=0.003162152365974903 pos=Vec3 { x: 0.07397803290614689, y: 0.46171817432692286, z: -0.07374143124428066 }
NODE Structural Terminal radius=0.0031394571315551795 start=0.0031507843144880595 pos=Vec3 { x: 0.10765694349178653, y: 0.5975681712846483, z: -0.03962471859942917 }
NODE Structural Lateral radius=0.003162152365974903 start=0.003173561433469732 pos=Vec3 { x: -0.008139637285609687, y: 0.34150371990978223, z: 0.040584914968202296 }
NODE Structural Terminal radius=0.0031507843144880595 start=0.003162152365974903 pos=Vec3 { x: -0.002774686985358421, y: 0.4799865017361017, z: 0.07991908865039271 }
NODE Structural Terminal radius=0.0031394571315551795 start=0.0031507843144880595 pos=Vec3 { x: 0.062134492021967816, y: 0.6075722105144509, z: 0.06372877767555221 }
NODE Structural Lateral radius=0.003162152365974903 start=0.003173561433469732 pos=Vec3 { x: -0.06337793301324937, y: 0.3880288068283989, z: 0.014431784763894322 }
NODE Structural Terminal radius=0.0031507843144880595 start=0.003162152365974903 pos=Vec3 { x: -0.05587259460167154, y: 0.529359903026944, z: 0.041313598616128974 }
NODE Structural Terminal radius=0.0031394571315551795 start=0.0031507843144880595 pos=Vec3 { x: -0.09312645003366353, y: 0.6604874623753979, z: -0.00528204719022108 }
NODE Structural Lateral radius=0.003162152365974903 start=0.003173561433469732 pos=Vec3 { x: 0.026760036692409464, y: 0.40011956040483176, z: 0.011859479629450918 }
NODE Structural Terminal radius=0.0031507843144880595 start=0.003162152365974903 pos=Vec3 { x: 0.10813871455937021, y: 0.5127135972676753, z: 0.04998472618465327 }
NODE Structural Terminal radius=0.0031394571315551795 start=0.0031507843144880595 pos=Vec3 { x: 0.13089739963030395, y: 0.6536889034601512, z: 0.03097299109496142 }
NODE Structural Lateral radius=0.0031394571315551795 start=0.0031507843144880595 pos=Vec3 { x: 0.023201956316087673, y: 0.3324285011455498, z: 0.15772880309909237 }
NODE Structural Lateral radius=0.0031507843144880595 start=0.003162152365974903 pos=Vec3 { x: 0.0386341126700704, y: 0.4493611239152444, z: -0.03713052944191635 }
NODE Structural Terminal radius=0.0031394571315551795 start=0.0031507843144880595 pos=Vec3 { x: 0.08271600965324623, y: 0.585881271441927, z: -0.023997500431122094 }
NODE Structural Lateral radius=0.0031507843144880595 start=0.003162152365974903 pos=Vec3 { x: -0.0674132358626705, y: 0.4470017445765567, z: 0.00041232513452510444 }
NODE Structural Terminal radius=0.0031394571315551795 start=0.0031507843144880595 pos=Vec3 { x: -0.07412470595793859, y: 0.5901462505152197, z: 0.015178751989973196 }
NODE Structural Lateral radius=0.0031507843144880595 start=0.003162152365974903 pos=Vec3 { x: 0.011755471284165969, y: 0.43992504088151585, z: 0.1249723135788477 }
NODE Structural Terminal radius=0.0031394571315551795 start=0.0031507843144880595 pos=Vec3 { x: 0.020760595341901326, y: 0.5833307752983843, z: 0.13532334494795706 }
NODE Branch Lateral radius=0.003310853929710062 start=0.0036317996734551126 pos=Vec3 { x: -0.024373726197226758, y: 0.19989157292009724, z: 0.01930890822602182 }
NODE Branch Lateral radius=0.0031786023515706073 start=0.003376986104740953 pos=Vec3 { x: 0.011057470732238688, y: 0.19741608267247315, z: -0.027022980295124992 }
NODE Branch Lateral radius=0.002823586692043763 start=0.0034198141732178144 pos=Vec3 { x: 0.024956784471488587, y: 0.25977085562997904, z: -0.01127794148844448 }
NODE Branch Lateral radius=0.002823586692043763 start=0.0032472788344715996 pos=Vec3 { x: -0.03188364228501052, y: 0.2564591156416394, z: -0.0017643912881374004 }
NODE Twig Lateral radius=0.002362094870430445 start=0.002362094870430445 pos=Vec3 { x: 0.018286604131700787, y: 0.32609799159328634, z: 0.03269570902241615 }
NODE Branch Lateral radius=0.0017499999999999998 start=0.002409513004392671 pos=Vec3 { x: -0.03058966804236346, y: 0.3128290776184119, z: 0.09711465538853117 }
NODE Twig Lateral radius=0.00175 start=0.00175 pos=Vec3 { x: 0.03163249852911491, y: 0.45500835470476303, z: 0.09790462061319086 }
NODE Branch Lateral radius=0.002025964870837225 start=0.0022309610034147802 pos=Vec3 { x: -0.009986454597389834, y: 0.4634520710292164, z: -0.042323014848703384 }
NODE Twig Lateral radius=0.00175 start=0.00175 pos=Vec3 { x: 0.02718783536807078, y: 0.5961802414837166, z: -0.0372137079678162 }
NODE Twig Lateral radius=0.00175 start=0.00175 pos=Vec3 { x: -0.09778452436069468, y: 0.5861366314038534, z: 0.034604651018364754 }
NODE Twig Lateral radius=0.00175 start=0.00175 pos=Vec3 { x: -0.03184257339961449, y: 0.4740975999484137, z: 0.015596828287935419 }
NODE Twig Lateral radius=0.00175 start=0.00175 pos=Vec3 { x: -0.10781594557015184, y: 0.4494479816287663, z: -0.10111652023606131 }
NODE Twig Lateral radius=0.00175 start=0.00175 pos=Vec3 { x: -0.1279515888705928, y: 0.6044551194005585, z: -0.027597053826878385 }
NODE Twig Lateral radius=0.00175 start=0.00175 pos=Vec3 { x: 0.02760860073951376, y: 0.6014977216499118, z: -0.00787694064906326 }
NODE Twig Lateral radius=0.00175 start=0.00175 pos=Vec3 { x: 0.026452622326457634, y: 0.4551812643110809, z: -0.08225920067576814 }
NODE Twig Lateral radius=0.00175 start=0.00175 pos=Vec3 { x: 0.02398857694445901, y: 0.5912057301671836, z: -0.035173725213059066 }
NODE Twig Lateral radius=0.00175 start=0.00175 pos=Vec3 { x: 0.1336239446982722, y: 0.5724606331796985, z: -0.14396901690026193 }
NODE Twig Lateral radius=0.00175 start=0.00175 pos=Vec3 { x: -0.05600803717554322, y: 0.47615778237988193, z: 0.022409642601142827 }
NODE Twig Lateral radius=0.00175 start=0.00175 pos=Vec3 { x: 0.04310948803217472, y: 0.46109561367046065, z: 0.10242945291810965 }
NODE Twig Lateral radius=0.00175 start=0.00175 pos=Vec3 { x: 0.008525349237888915, y: 0.5971769703951247, z: 0.16293802631025883 }
NODE Twig Lateral radius=0.00175 start=0.00175 pos=Vec3 { x: -0.010578000341761276, y: 0.6134486221805157, z: 0.026249623584273248 }
NODE Twig Lateral radius=0.00175 start=0.00175 pos=Vec3 { x: -0.10649700976614665, y: 0.49010639139605683, z: -0.07762446283588186 }
NODE Twig Lateral radius=0.00175 start=0.00175 pos=Vec3 { x: -0.08884785507666557, y: 0.5218486282267367, z: 0.06130372993732776 }
NODE Twig Lateral radius=0.00175 start=0.00175 pos=Vec3 { x: 0.02058772137289102, y: 0.6412530530215714, z: 0.09017241397928277 }
NODE Twig Lateral radius=0.00175 start=0.00175 pos=Vec3 { x: -0.10577128031597359, y: 0.6630885232639242, z: 0.021814417432301114 }
NODE Twig Lateral radius=0.00175 start=0.00175 pos=Vec3 { x: -0.038304831077310364, y: 0.519035423566973, z: -0.036915731737109825 }
NODE Twig Lateral radius=0.00175 start=0.00175 pos=Vec3 { x: 0.11027214052873141, y: 0.5164022129478677, z: 0.027906722499422193 }
NODE Twig Lateral radius=0.00175 start=0.00175 pos=Vec3 { x: 0.12780095965077198, y: 0.642026108210562, z: -0.010390031826889384 }
NODE Twig Lateral radius=0.00175 start=0.00175 pos=Vec3 { x: 0.008001141260987783, y: 0.4704307196090408, z: 0.19617049523349808 }
NODE Twig Lateral radius=0.00175 start=0.00175 pos=Vec3 { x: 0.07712219843509285, y: 0.5234922567722665, z: -0.15450464570619205 }
NODE Twig Lateral radius=0.00175 start=0.00175 pos=Vec3 { x: 0.03482208964536798, y: 0.5920666689799317, z: -0.01779050199647138 }
NODE Twig Lateral radius=0.00175 start=0.00175 pos=Vec3 { x: -0.12593982725600486, y: 0.5675070570303641, z: 0.053389193139616105 }
NODE Twig Lateral radius=0.00175 start=0.00175 pos=Vec3 { x: -0.08671021219909089, y: 0.5537682185473074, z: -0.09436102298331615 }
NODE Twig Lateral radius=0.00175 start=0.00175 pos=Vec3 { x: 0.0186273909462909, y: 0.5833989112919702, z: 0.11395115198206687 }
Ordinary 3 nodes=208 laterals=145 structural=32 leaves=2259 upper=1600 height=1.266198200168337 spread=0.3724109577698425
Ordinary 4 nodes=663 laterals=465 structural=94 leaves=8811 upper=5881 height=1.9810312703701223 spread=0.7435029523969292
Ordinary 5 nodes=2269 laterals=1528 structural=202 leaves=29000 upper=19055 height=2.772896661073702 spread=0.8345528236389221
Ordinary 6 nodes=4060 laterals=2715 structural=328 leaves=53362 upper=29123 height=3.642930175182088 spread=1.095981976809971
Ordinary 7 nodes=5121 laterals=3343 structural=391 leaves=67138 upper=35856 height=4.04788325890529 spread=1.757388373177737
Ordinary 8 nodes=6241 laterals=4021 structural=474 leaves=79929 upper=45469 height=4.293943543546675 spread=1.757388373177737
Ordinary 9 nodes=7248 laterals=4602 structural=516 leaves=93282 upper=52910 height=4.551246951723386 spread=2.014134240042226
Ordinary 10 nodes=8166 laterals=5080 structural=540 leaves=99337 upper=54254 height=4.945231151649378 spread=2.237410213931409
Ordinary 14.1 nodes=11601 laterals=6758 structural=602 leaves=105143 upper=55730 height=6.281326391805003 spread=3.0282950212944004
Ordinary 26.7 nodes=13097 laterals=7355 structural=613 leaves=100281 upper=44870 height=7.0854275577958115 spread=3.473220452499588
Telperion 1 nodes=14 laterals=8 structural=0 leaves=0 upper=0 height=1.0087750060975085 spread=0.1143785340707917
Telperion 2 nodes=17 laterals=8 structural=0 leaves=0 upper=0 height=2.944278284322823 spread=0.24195059690146647
Telperion 3 nodes=25 laterals=11 structural=3 leaves=0 upper=0 height=5.63247042169244 spread=1.6134304190844073
Telperion 4 nodes=37 laterals=14 structural=6 leaves=0 upper=0 height=9.960186107634682 spread=2.64763647108559
Telperion 5 nodes=73 laterals=27 structural=19 leaves=0 upper=0 height=15.354580587121085 spread=3.6216387685037734
Telperion 6 nodes=173 laterals=43 structural=34 leaves=0 upper=0 height=20.78615588585615 spread=5.078831500305189
Telperion 7 nodes=318 laterals=83 structural=71 leaves=0 upper=0 height=26.024016721413005 spread=6.41424458393366
Telperion 8 nodes=526 laterals=123 structural=100 leaves=0 upper=0 height=30.980612540890164 spread=10.284665183440332
Telperion 9 nodes=1412 laterals=799 structural=145 leaves=0 upper=0 height=35.84718591104372 spread=12.902311279859497
Telperion 10 nodes=2459 laterals=1234 structural=182 leaves=0 upper=0 height=41.88028970008727 spread=14.857966378313828
Telperion 14.1 nodes=14412 laterals=5904 structural=328 leaves=14731 upper=12888 height=55.29034584193589 spread=20.051743067011277
Telperion 26.7 nodes=98286 laterals=36150 structural=416 leaves=659249 upper=601233 height=79.13777691939619 spread=32.320738944066385
Laurelin 1 nodes=12 laterals=6 structural=0 leaves=0 upper=0 height=0.8805279232857539 spread=0.22707093876805357
Laurelin 2 nodes=110 laterals=75 structural=8 leaves=155 upper=0 height=3.0358487515785795 spread=1.6580340614772084
Laurelin 3 nodes=323 laterals=138 structural=42 leaves=1226 upper=41 height=5.99649625829148 spread=3.5467643446590538
Laurelin 4 nodes=968 laterals=298 structural=186 leaves=1487 upper=0 height=10.071345969012967 spread=5.833532814803022
Laurelin 5 nodes=8897 laterals=5527 structural=480 leaves=1475 upper=0 height=14.49594294197818 spread=8.42076271168075
Laurelin 6 nodes=21678 laterals=11089 structural=847 leaves=36800 upper=16576 height=19.267262942015538 spread=11.215593034004671
Laurelin 7 nodes=34492 laterals=15370 structural=923 leaves=76708 upper=13710 height=24.330473972044995 spread=14.029674861870058
Laurelin 8 nodes=50349 laterals=21406 structural=924 leaves=173563 upper=29905 height=25.186164389530354 spread=14.618197821429382
Laurelin 9 nodes=64923 laterals=26072 structural=927 leaves=263795 upper=31502 height=26.67872017596861 spread=15.514343858038526
Laurelin 10 nodes=80042 laterals=31372 structural=930 leaves=331789 upper=59373 height=27.43962068061932 spread=15.937824566653765
Laurelin 14.1 nodes=122668 laterals=42985 structural=960 leaves=638523 upper=293221 height=27.76196027907821 spread=18.04460533723841
Laurelin 26.7 nodes=153444 laterals=51916 structural=973 leaves=928387 upper=128572 height=44.281340656663446 spread=21.934347052569017
OregonWhiteOak 1 nodes=22 laterals=16 structural=0 leaves=55 upper=26 height=0.22338492519773265 spread=0.03881192851362161
OregonWhiteOak 2 nodes=251 laterals=198 structural=25 leaves=730 upper=452 height=0.28303534295930516 spread=0.15725108230672094
OregonWhiteOak 3 nodes=678 laterals=544 structural=79 leaves=2413 upper=1503 height=0.3907295293391412 spread=0.21693614543831855
OregonWhiteOak 4 nodes=1570 laterals=1247 structural=182 leaves=7760 upper=5026 height=0.5368871053696177 spread=3.4396725570766544
OregonWhiteOak 5 nodes=2845 laterals=2113 structural=317 leaves=17928 upper=10678 height=0.7180434061250902 spread=6.073060167047696
OregonWhiteOak 6 nodes=4671 laterals=3205 structural=534 leaves=36051 upper=19234 height=0.9239351216564734 spread=7.297876459091763
OregonWhiteOak 7 nodes=6433 laterals=4417 structural=694 leaves=57098 upper=28633 height=1.1568725328696674 spread=7.297876459091763
OregonWhiteOak 8 nodes=9021 laterals=6130 structural=920 leaves=92520 upper=45636 height=1.4133189347145136 spread=8.612801612076726
OregonWhiteOak 9 nodes=12022 laterals=8143 structural=1156 leaves=135399 upper=65960 height=1.6858445301656169 spread=8.612801612076726
OregonWhiteOak 10 nodes=15254 laterals=10329 structural=1397 leaves=184670 upper=87359 height=1.984425557878874 spread=8.612801612076726
OregonWhiteOak 14.1 nodes=34323 laterals=23105 structural=2202 leaves=465887 upper=199869 height=3.298593042008688 spread=9.930474129125573
OregonWhiteOak 26.7 nodes=102226 laterals=70410 structural=4583 leaves=1488441 upper=434937 height=7.781937415673791 spread=14.903549729531003
NorwaySpruce 1 nodes=10 laterals=4 structural=0 leaves=9 upper=2 height=0.04370677670334247 spread=0.006801924427115613
NorwaySpruce 2 nodes=17 laterals=7 structural=0 leaves=23 upper=3 height=0.07316231215625642 spread=0.010972168734256079
NorwaySpruce 3 nodes=28 laterals=14 structural=0 leaves=51 upper=8 height=0.13518490386406545 spread=0.025008709139922612
NorwaySpruce 4 nodes=48 laterals=27 structural=9 leaves=162 upper=37 height=0.2569001694703157 spread=0.060818399402557365
NorwaySpruce 5 nodes=80 laterals=52 structural=23 leaves=459 upper=16 height=0.46834260819530726 spread=0.1592577814252296
NorwaySpruce 6 nodes=128 laterals=83 structural=38 leaves=1159 upper=24 height=0.7995748878079643 spread=0.2446971688041245
NorwaySpruce 7 nodes=209 laterals=136 structural=60 leaves=2741 upper=116 height=1.039111271690703 spread=0.3643845691857392
NorwaySpruce 8 nodes=390 laterals=254 structural=88 leaves=6640 upper=427 height=1.364937628280002 spread=0.4479362295563021
NorwaySpruce 9 nodes=810 laterals=538 structural=154 leaves=16040 upper=617 height=1.9986510736821839 spread=0.64001972118425
NorwaySpruce 10 nodes=1521 laterals=997 structural=254 leaves=34724 upper=1107 height=2.5259896892149722 spread=0.7938182272502773
NorwaySpruce 14.1 nodes=10770 laterals=7186 structural=1592 leaves=346155 upper=16105 height=4.846910736560297 spread=1.5050430023385288
NorwaySpruce 26.7 nodes=67952 laterals=44044 structural=11006 leaves=4277563 upper=264002 height=10.546910736560301 spread=3.282695333301859
