    Finished `release` profile [optimized] target(s) in 0.05s
────────────
 Nextest run ID b6b29009-75b6-457b-b37e-0efcc7bc694b with nextest profile: default
    Starting 1 test across 1 binary (66 tests skipped)
        PASS [   5.639s] (1/1) telperion-render generation::wood_tests::position_probe::compact_position_mature_measurement
  stdout ───

    running 1 test
    POSITION_ADAPTER AdapterInfo { name: "NVIDIA GeForce RTX 3080", vendor: 4318, device: 8710, device_type: DiscreteGpu, device_pci_bus_id: "0000:07:00.0", driver: "NVIDIA", driver_info: "610.57.04", backend: Vulkan, subgroup_min_size: 32, subgroup_max_size: 32, transient_saves_memory: Some(false), limit_bucket: None }
    POSITION_TIME {"canonicalMs":117.37183900000001,"compactMs":40.24937499999999,"completionMs":6.5067889999999995,"cpuUploadBytes":14455140,"gpuBytes":58931336,"retainedPositionBytes":44698488,"sample":0,"seed":1,"species":"oregon-white-oak","totalMs":48.66461199999999,"uploadDispatchMs":1.9084480000000001}
    POSITION_TIME {"canonicalMs":120.430921,"compactMs":45.724784,"completionMs":1.042811,"cpuUploadBytes":14455140,"gpuBytes":58931336,"retainedPositionBytes":44698488,"sample":1,"seed":1,"species":"oregon-white-oak","totalMs":48.107201,"uploadDispatchMs":1.3396059999999999}
    POSITION_TIME {"canonicalMs":120.49850199999999,"compactMs":38.708365,"completionMs":0.946069,"cpuUploadBytes":14455140,"gpuBytes":58931336,"retainedPositionBytes":44698488,"sample":2,"seed":1,"species":"oregon-white-oak","totalMs":40.873578,"uploadDispatchMs":1.219144}
    POSITION_TIME {"canonicalMs":118.672556,"compactMs":42.295786,"completionMs":1.063081,"cpuUploadBytes":14455140,"gpuBytes":58931336,"retainedPositionBytes":44698488,"sample":3,"seed":1,"species":"oregon-white-oak","totalMs":44.56665099999999,"uploadDispatchMs":1.207784}
    POSITION_RESULT {"admissionParity":true,"candidateCollapsed":0,"candidateNonfiniteTriangle":0,"candidateRangeRejection":0,"candidateZeroArea":0,"canonicalCollapsed":0,"canonicalIndices":21682080,"canonicalMedianMs":120.430921,"caps":true,"enclosed":true,"finite":3724874,"gpuCollapsed":0,"gpuInvalid":0,"label":"oregon-white-oak-1","maxFaceAngleRadians":0.32175923451820476,"maxMetres":2.3360154559928683e-6,"maxRadiusMetres":7.284688763320446e-7,"maxVertexNormalAngleRadians":0.0034674321963006805,"medianMs":44.56665099999999,"minRadiusMetres":0.0006246043485589325,"newCollapsed":0,"numericPass":true,"proceduralIndices":21682080,"repeatable":true,"rings":180684,"rmsMetres":5.814260970259601e-7,"runs":55597,"smallBranchMaxMetres":2.3360154559928683e-6,"speedup":2.7022654450746146,"topology":true,"vertices":3724874}
    POSITION_TIME {"canonicalMs":130.898878,"compactMs":44.706813999999994,"completionMs":1.278665,"cpuUploadBytes":16709740,"gpuBytes":67586536,"retainedPositionBytes":51146040,"sample":0,"seed":7,"species":"oregon-white-oak","totalMs":47.390846999999994,"uploadDispatchMs":1.405368}
    POSITION_TIME {"canonicalMs":132.223003,"compactMs":44.728774,"completionMs":1.253325,"cpuUploadBytes":16709740,"gpuBytes":67586536,"retainedPositionBytes":51146040,"sample":1,"seed":7,"species":"oregon-white-oak","totalMs":47.343596,"uploadDispatchMs":1.361497}
    POSITION_TIME {"canonicalMs":133.270954,"compactMs":44.206804000000005,"completionMs":1.2645060000000001,"cpuUploadBytes":16709740,"gpuBytes":67586536,"retainedPositionBytes":51146040,"sample":2,"seed":7,"species":"oregon-white-oak","totalMs":46.780515,"uploadDispatchMs":1.309205}
    POSITION_TIME {"canonicalMs":131.420608,"compactMs":43.226025,"completionMs":1.266216,"cpuUploadBytes":16709740,"gpuBytes":67586536,"retainedPositionBytes":51146040,"sample":3,"seed":7,"species":"oregon-white-oak","totalMs":45.895598,"uploadDispatchMs":1.403357}
    POSITION_RESULT {"admissionParity":true,"candidateCollapsed":0,"candidateNonfiniteTriangle":0,"candidateRangeRejection":0,"candidateZeroArea":0,"canonicalCollapsed":0,"canonicalIndices":24765000,"canonicalMedianMs":132.223003,"caps":true,"enclosed":true,"finite":4262170,"gpuCollapsed":0,"gpuInvalid":0,"label":"oregon-white-oak-7","maxFaceAngleRadians":0.01134183187023585,"maxMetres":2.3360154559928683e-6,"maxRadiusMetres":6.740447133779526e-7,"maxVertexNormalAngleRadians":0.0035242559759308878,"medianMs":46.780515,"minRadiusMetres":0.0006245995173230767,"newCollapsed":0,"numericPass":true,"proceduralIndices":24765000,"repeatable":true,"rings":206375,"rmsMetres":6.055640302540331e-7,"runs":67335,"smallBranchMaxMetres":2.3360154559928683e-6,"speedup":2.826454625392645,"topology":true,"vertices":4262170}
    POSITION_TIME {"canonicalMs":90.01658,"compactMs":26.235208999999998,"completionMs":0.9864400000000001,"cpuUploadBytes":12131184,"gpuBytes":48531120,"retainedPositionBytes":36607632,"sample":0,"seed":1,"species":"norway-spruce","totalMs":28.256839,"uploadDispatchMs":1.03519}
    POSITION_TIME {"canonicalMs":92.092961,"compactMs":26.497544,"completionMs":0.953889,"cpuUploadBytes":12131184,"gpuBytes":48531120,"retainedPositionBytes":36607632,"sample":1,"seed":1,"species":"norway-spruce","totalMs":28.443602000000002,"uploadDispatchMs":0.992169}
    POSITION_TIME {"canonicalMs":92.871477,"compactMs":30.495162999999998,"completionMs":0.9551390000000001,"cpuUploadBytes":12131184,"gpuBytes":48531120,"retainedPositionBytes":36607632,"sample":2,"seed":1,"species":"norway-spruce","totalMs":32.466072,"uploadDispatchMs":1.01577}
    POSITION_TIME {"canonicalMs":93.66134199999999,"compactMs":24.091756999999998,"completionMs":0.954229,"cpuUploadBytes":12131184,"gpuBytes":48531120,"retainedPositionBytes":36607632,"sample":3,"seed":1,"species":"norway-spruce","totalMs":25.960404,"uploadDispatchMs":0.914418}
    POSITION_RESULT {"admissionParity":true,"candidateCollapsed":0,"candidateNonfiniteTriangle":0,"candidateRangeRejection":0,"candidateZeroArea":0,"canonicalCollapsed":0,"canonicalIndices":17680440,"canonicalMedianMs":92.871477,"caps":true,"enclosed":true,"finite":3050636,"gpuCollapsed":0,"gpuInvalid":0,"label":"norway-spruce-1","maxFaceAngleRadians":0.012423975616222828,"maxMetres":9.83137917709749e-7,"maxRadiusMetres":3.0529918149113655e-7,"maxVertexNormalAngleRadians":0.004021877605225033,"medianMs":28.443602000000002,"minRadiusMetres":0.00024979058071039617,"newCollapsed":0,"numericPass":true,"proceduralIndices":17680440,"repeatable":true,"rings":147337,"rmsMetres":1.933860929331302e-7,"runs":51948,"smallBranchMaxMetres":9.83137917709749e-7,"speedup":3.265109566643493,"topology":true,"vertices":3050636}
    POSITION_TIME {"canonicalMs":83.542862,"compactMs":23.438744,"completionMs":5.186132000000001,"cpuUploadBytes":11479608,"gpuBytes":45941184,"retainedPositionBytes":34657728,"sample":0,"seed":7,"species":"norway-spruce","totalMs":30.590865,"uploadDispatchMs":1.965989}
    POSITION_TIME {"canonicalMs":85.774186,"compactMs":23.25112,"completionMs":7.239273,"cpuUploadBytes":11479608,"gpuBytes":45941184,"retainedPositionBytes":34657728,"sample":1,"seed":7,"species":"norway-spruce","totalMs":32.447061999999995,"uploadDispatchMs":1.9566689999999998}
    POSITION_TIME {"canonicalMs":90.109852,"compactMs":25.2748,"completionMs":5.272385,"cpuUploadBytes":11479608,"gpuBytes":45941184,"retainedPositionBytes":34657728,"sample":2,"seed":7,"species":"norway-spruce","totalMs":32.543844,"uploadDispatchMs":1.996659}
    POSITION_TIME {"canonicalMs":85.47447,"compactMs":23.721009000000002,"completionMs":5.524439,"cpuUploadBytes":11479608,"gpuBytes":45941184,"retainedPositionBytes":34657728,"sample":3,"seed":7,"species":"norway-spruce","totalMs":31.219068000000004,"uploadDispatchMs":1.9736200000000002}
    POSITION_RESULT {"admissionParity":true,"candidateCollapsed":0,"candidateNonfiniteTriangle":0,"candidateRangeRejection":0,"candidateZeroArea":0,"canonicalCollapsed":0,"canonicalIndices":16740120,"canonicalMedianMs":85.774186,"caps":true,"enclosed":true,"finite":2888144,"gpuCollapsed":0,"gpuInvalid":0,"label":"norway-spruce-7","maxFaceAngleRadians":0.012386446489576463,"maxMetres":9.848303581391754e-7,"maxRadiusMetres":3.0890805646777153e-7,"maxVertexNormalAngleRadians":0.0040459019415524725,"medianMs":32.447061999999995,"minRadiusMetres":0.00024980251328088343,"newCollapsed":0,"numericPass":true,"proceduralIndices":16740120,"repeatable":true,"rings":139501,"rmsMetres":1.9553413633598366e-7,"runs":49062,"smallBranchMaxMetres":9.848303581391754e-7,"speedup":2.6435116375097385,"topology":true,"vertices":2888144}
    test generation::wood_tests::position_probe::compact_position_mature_measurement ... ok

    test result: ok. 1 passed; 0 failed; 0 ignored; 0 measured; 66 filtered out; finished in 5.62s


────────────
     Summary [   5.639s] 1 test run: 1 passed, 66 skipped
