    Finished `release` profile [optimized] target(s) in 0.05s
────────────
 Nextest run ID 0121e9a9-69a8-471a-8e7e-09a0b9b41bd4 with nextest profile: default
    Starting 15 tests across 1 binary (52 tests skipped)
        PASS [   0.004s] ( 1/15) telperion-render generation::request::tests::invalidation_keeps_busy_until_guard_drops_and_errors_release_it
        PASS [   0.004s] ( 2/15) telperion-render generation::tests::preparation_capabilities_and_failures_are_explicit
        PASS [   2.785s] ( 3/15) telperion-render generation::readback_tests::leaf_readback_preserves_words_across_chunk_boundaries
        PASS [   2.789s] ( 4/15) telperion-render generation::wood_tests::position_probe::compact_position_edge_cases
        PASS [   2.794s] ( 5/15) telperion-render generation::readback_tests::leaf_readback_rejects_invalid_buffers_and_allocation
        PASS [   2.799s] ( 6/15) telperion-render generation::readback_tests::leaf_readback_device_loss_returns_no_output
        PASS [   2.805s] ( 7/15) telperion-render generation::wood_tests::compute_limits_and_device_failure_never_return_partial_wood
        PASS [   2.826s] ( 8/15) telperion-render generation::tests::huge_phases_fall_back_but_supported_large_ordinals_keep_orientation
        PASS [   2.831s] ( 9/15) telperion-render generation::wood_tests::multirow_empty_and_unusable_normals_have_explicit_outcomes
        PASS [   2.832s] (10/15) telperion-render generation::tests::foreign_prepared_result_preserves_the_live_tree
        PASS [   2.840s] (11/15) telperion-render generation::tests::gpu_extrema_order_preserves_signed_zero_and_finite_signs
        PASS [   2.849s] (12/15) telperion-render generation::standalone_tests::standalone_rejects_resident_before_generation_and_delivers_owned_cpu_mesh
        PASS [   2.856s] (13/15) telperion-render generation::wood_tests::resident_wood_matches_cpu_and_remains_writable_after_adoption
        PASS [   5.171s] (14/15) telperion-render generation::tests::compact_gpu_foliage_is_repeatable_seated_and_bounded
        PASS [   5.423s] (15/15) telperion-render generation::wood_tests::measured_specimens_keep_all_cpu_fields_and_gpu_surface_contracts
────────────
     Summary [   5.423s] 15 tests run: 15 passed, 52 skipped
