   Compiling telperion-render v0.1.0 (/home/daniel/Projects/telperion/crates/telperion-render)
    Finished `release` profile [optimized] target(s) in 34.83s
────────────
 Nextest run ID 633cdba4-9b03-4a1e-a2ee-88c7d82a0b4f with nextest profile: default
    Starting 15 tests across 1 binary (52 tests skipped)
        PASS [   0.014s] ( 1/15) telperion-render generation::request::tests::invalidation_keeps_busy_until_guard_drops_and_errors_release_it
  stdout ───

    running 1 test
    test generation::request::tests::invalidation_keeps_busy_until_guard_drops_and_errors_release_it ... ok

    test result: ok. 1 passed; 0 failed; 0 ignored; 0 measured; 66 filtered out; finished in 0.00s


        PASS [   0.015s] ( 2/15) telperion-render generation::tests::preparation_capabilities_and_failures_are_explicit
  stdout ───

    running 1 test
    test generation::tests::preparation_capabilities_and_failures_are_explicit ... ok

    test result: ok. 1 passed; 0 failed; 0 ignored; 0 measured; 66 filtered out; finished in 0.00s


        PASS [   2.927s] ( 3/15) telperion-render generation::tests::huge_phases_fall_back_but_supported_large_ordinals_keep_orientation
  stdout ───

    running 1 test
    test generation::tests::huge_phases_fall_back_but_supported_large_ordinals_keep_orientation ... ok

    test result: ok. 1 passed; 0 failed; 0 ignored; 0 measured; 66 filtered out; finished in 2.86s


        PASS [   2.950s] ( 4/15) telperion-render generation::readback_tests::leaf_readback_device_loss_returns_no_output
  stdout ───

    running 1 test
    test generation::readback_tests::leaf_readback_device_loss_returns_no_output ... ok

    test result: ok. 1 passed; 0 failed; 0 ignored; 0 measured; 66 filtered out; finished in 2.87s


        PASS [   2.959s] ( 5/15) telperion-render generation::tests::gpu_extrema_order_preserves_signed_zero_and_finite_signs
  stdout ───

    running 1 test
    test generation::tests::gpu_extrema_order_preserves_signed_zero_and_finite_signs ... ok

    test result: ok. 1 passed; 0 failed; 0 ignored; 0 measured; 66 filtered out; finished in 2.89s


        PASS [   2.960s] ( 6/15) telperion-render generation::tests::compact_gpu_foliage_is_repeatable_seated_and_bounded
  stdout ───

    running 1 test
    test generation::tests::compact_gpu_foliage_is_repeatable_seated_and_bounded ... ok

    test result: ok. 1 passed; 0 failed; 0 ignored; 0 measured; 66 filtered out; finished in 2.88s


        PASS [   2.963s] ( 7/15) telperion-render generation::wood_tests::compute_limits_and_device_failure_never_return_partial_wood
  stdout ───

    running 1 test
    test generation::wood_tests::compute_limits_and_device_failure_never_return_partial_wood ... ok

    test result: ok. 1 passed; 0 failed; 0 ignored; 0 measured; 66 filtered out; finished in 2.93s


        PASS [   2.978s] ( 8/15) telperion-render generation::standalone_tests::standalone_rejects_resident_before_generation_and_delivers_owned_cpu_mesh
  stdout ───

    running 1 test
    test generation::standalone_tests::standalone_rejects_resident_before_generation_and_delivers_owned_cpu_mesh ... ok

    test result: ok. 1 passed; 0 failed; 0 ignored; 0 measured; 66 filtered out; finished in 2.95s


        FAIL [   2.984s] ( 9/15) telperion-render generation::wood_tests::position_probe::compact_position_edge_cases
  stdout ───

    running 1 test
    POSITION_EDGE {"admissionParity":true,"candidateCollapsed":0,"candidateNonfiniteTriangle":0,"candidateRangeRejection":0,"candidateZeroArea":0,"canonicalCollapsed":0,"canonicalIndices":144,"caps":true,"enclosed":true,"finite":26,"gpuCollapsed":0,"gpuInvalid":0,"label":"minimal","maxFaceAngleRadians":5.962326831740991e-7,"maxMetres":2.9802322387695312e-8,"maxRadiusMetres":0.0,"maxVertexNormalAngleRadians":9.884312124119404e-8,"minRadiusMetres":0.10000000149011612,"newCollapsed":0,"numericPass":true,"proceduralIndices":144,"rings":2,"rmsMetres":1.0644793894190829e-8,"runs":1,"smallBranchMaxMetres":0.0,"topology":true,"vertices":26}
    POSITION_EDGE {"admissionParity":true,"candidateCollapsed":0,"candidateNonfiniteTriangle":0,"candidateRangeRejection":0,"candidateZeroArea":0,"canonicalCollapsed":0,"canonicalIndices":1560,"caps":true,"enclosed":true,"finite":262,"gpuCollapsed":0,"gpuInvalid":0,"label":"curved_twisted","maxFaceAngleRadians":8.682928492238302e-6,"maxMetres":2.4646110694144804e-7,"maxRadiusMetres":7.450580596923828e-9,"maxVertexNormalAngleRadians":2.0240363042367165e-6,"minRadiusMetres":0.10000000149011612,"newCollapsed":0,"numericPass":true,"proceduralIndices":1560,"rings":13,"rmsMetres":8.450952449998351e-8,"runs":1,"smallBranchMaxMetres":0.0,"topology":true,"vertices":262}
    POSITION_EDGE {"admissionParity":true,"candidateCollapsed":0,"candidateNonfiniteTriangle":0,"candidateRangeRejection":0,"candidateZeroArea":0,"canonicalCollapsed":0,"canonicalIndices":960,"caps":true,"enclosed":true,"finite":162,"gpuCollapsed":0,"gpuInvalid":0,"label":"small_branch","maxFaceAngleRadians":0.09774795444055318,"maxMetres":2.6975629358002243e-6,"maxRadiusMetres":4.3537875171750784e-7,"maxVertexNormalAngleRadians":0.03294575353898411,"minRadiusMetres":0.00009993575076805428,"newCollapsed":0,"numericPass":true,"proceduralIndices":960,"rings":8,"rmsMetres":1.1335721570144217e-6,"runs":1,"smallBranchMaxMetres":2.6975629358002243e-6,"topology":true,"vertices":162}
    POSITION_EDGE {"admissionParity":true,"candidateCollapsed":0,"candidateNonfiniteTriangle":0,"candidateRangeRejection":0,"candidateZeroArea":0,"canonicalCollapsed":0,"canonicalIndices":216,"caps":true,"enclosed":true,"finite":38,"gpuCollapsed":0,"gpuInvalid":0,"label":"large_coordinate","maxFaceAngleRadians":0.02745909495617475,"maxMetres":0.011048543456200582,"maxRadiusMetres":0.0023348331451416016,"maxVertexNormalAngleRadians":0.01335753081379937,"minRadiusMetres":0.9985949993133545,"newCollapsed":0,"numericPass":false,"proceduralIndices":216,"rings":3,"rmsMetres":0.0038020645578198753,"runs":1,"smallBranchMaxMetres":0.0,"topology":true,"vertices":38}
    POSITION_EDGE {"admissionParity":true,"candidateCollapsed":12,"candidateNonfiniteTriangle":0,"candidateRangeRejection":0,"candidateZeroArea":12,"canonicalCollapsed":6,"canonicalIndices":198,"caps":true,"enclosed":true,"finite":38,"gpuCollapsed":12,"gpuInvalid":0,"label":"degenerate_tip","maxFaceAngleRadians":1.5638823653414378,"maxMetres":0.007812500000227374,"maxRadiusMetres":0.0037772178184241056,"maxVertexNormalAngleRadians":0.004965102885389356,"minRadiusMetres":0.003797811223194003,"newCollapsed":6,"numericPass":false,"proceduralIndices":216,"rings":3,"rmsMetres":0.003104372711969082,"runs":1,"smallBranchMaxMetres":0.0,"topology":true,"vertices":38}
    test generation::wood_tests::position_probe::compact_position_edge_cases ... FAILED

    failures:

    failures:
        generation::wood_tests::position_probe::compact_position_edge_cases

    test result: FAILED. 0 passed; 1 failed; 0 ignored; 0 measured; 66 filtered out; finished in 2.94s

  stderr ───

    thread 'generation::wood_tests::position_probe::compact_position_edge_cases' (792931) panicked at crates/telperion-render/src/generation/position_probe.rs:338:5:
    nonfinite triangle arithmetic must be rejected
    note: run with `RUST_BACKTRACE=1` environment variable to display a backtrace

  Cancelling due to test failure: 6 tests still running
        PASS [   2.989s] (10/15) telperion-render generation::wood_tests::multirow_empty_and_unusable_normals_have_explicit_outcomes
  stdout ───

    running 1 test
    test generation::wood_tests::multirow_empty_and_unusable_normals_have_explicit_outcomes ... ok

    test result: ok. 1 passed; 0 failed; 0 ignored; 0 measured; 66 filtered out; finished in 2.95s


        PASS [   3.010s] (11/15) telperion-render generation::readback_tests::leaf_readback_preserves_words_across_chunk_boundaries
  stdout ───

    running 1 test
    test generation::readback_tests::leaf_readback_preserves_words_across_chunk_boundaries ... ok

    test result: ok. 1 passed; 0 failed; 0 ignored; 0 measured; 66 filtered out; finished in 2.97s


        PASS [   3.010s] (12/15) telperion-render generation::wood_tests::resident_wood_matches_cpu_and_remains_writable_after_adoption
  stdout ───

    running 1 test
    test generation::wood_tests::resident_wood_matches_cpu_and_remains_writable_after_adoption ... ok

    test result: ok. 1 passed; 0 failed; 0 ignored; 0 measured; 66 filtered out; finished in 2.97s


        PASS [   3.012s] (13/15) telperion-render generation::readback_tests::leaf_readback_rejects_invalid_buffers_and_allocation
  stdout ───

    running 1 test
    test generation::readback_tests::leaf_readback_rejects_invalid_buffers_and_allocation ... ok

    test result: ok. 1 passed; 0 failed; 0 ignored; 0 measured; 66 filtered out; finished in 2.97s


        PASS [   3.013s] (14/15) telperion-render generation::tests::foreign_prepared_result_preserves_the_live_tree
  stdout ───

    running 1 test
    test generation::tests::foreign_prepared_result_preserves_the_live_tree ... ok

    test result: ok. 1 passed; 0 failed; 0 ignored; 0 measured; 66 filtered out; finished in 2.97s


        PASS [   5.489s] (15/15) telperion-render generation::wood_tests::measured_specimens_keep_all_cpu_fields_and_gpu_surface_contracts
  stdout ───

    running 1 test
    WOOD_PARITY species=oregon-white-oak seed=1 cpu_hash=b82b2cf44372d4bf max_angle=0.00000021645186910530892
    WOOD_PARITY species=oregon-white-oak seed=7 cpu_hash=d2b8c64f7c86ebeb max_angle=0.00000026236201616613655
    WOOD_PARITY species=norway-spruce seed=1 cpu_hash=6fdd44ed9ad69f53 max_angle=0.0000002159383408157448
    WOOD_PARITY species=norway-spruce seed=7 cpu_hash=8471722f3923dd42 max_angle=0.0000002149076029934881
    test generation::wood_tests::measured_specimens_keep_all_cpu_fields_and_gpu_surface_contracts ... ok

    test result: ok. 1 passed; 0 failed; 0 ignored; 0 measured; 66 filtered out; finished in 5.46s


────────────
     Summary [   5.489s] 15 tests run: 14 passed, 1 failed, 52 skipped
        FAIL [   2.984s] ( 9/15) telperion-render generation::wood_tests::position_probe::compact_position_edge_cases
error: test run failed
