   Compiling telperion-render v0.1.0 (/home/daniel/Projects/telperion/.worktrees/fn-29-colour-cavity-and-occlusion/crates/telperion-render)
    Finished `release` profile [optimized] target(s) in 34.17s
     Running tests/bark_distance.rs (target/release/deps/bark_distance-b4addc819c880458)

running 1 test
distance-series height deviation near/far: 0.0009139285940846004/0.0008364669686153772
distance 2x resolution: mean 1.958775/255, p95 4.75/255
distance 4x resolution: mean 1.908467/255, p95 5.25/255
test resolved_scales_survive_until_the_two_pixel_boundary ... ok

test result: ok. 1 passed; 0 failed; 0 ignored; 0 measured; 0 filtered out; finished in 1.89s

     Running tests/bark_resolution.rs (target/release/deps/bark_resolution-e418faf839a35ecf)

running 2 tests
trunk redraw worst 0/255
trunk resolution agreement: mean 0.925530/255, p95 3.00/255
plain trunk diagnostic (mean, p95): (0.15787850091827366, 0.5)
test trunk_agrees_with_a_box_reduction_at_half_resolution ... ok
OregonWhiteOak grazing: 6178 pixels, mean 1.367392/255, p95 4.25/255, redraw worst 0/255
OregonWhiteOak plain grazing: (0.2231979065501241, 0.5)
NorwaySpruce grazing: 2962 pixels, mean 0.670043/255, p95 1.75/255, redraw worst 0/255
NorwaySpruce plain grazing: (0.3295633580913797, 0.5)
test grazing_trunks_agree_with_a_box_reduction_at_half_resolution ... ok

test result: ok. 2 passed; 0 failed; 0 ignored; 0 measured; 0 filtered out; finished in 7.27s

     Running tests/material_shaders.rs (target/release/deps/material_shaders-8d1f19557a6df046)

running 1 test
test production_material_stages_validate_with_uniform_derivatives ... ok

test result: ok. 1 passed; 0 failed; 0 ignored; 0 measured; 0 filtered out; finished in 0.00s

     Running tests/socket_cavity.rs (target/release/deps/socket_cavity-720f72d22f7e328b)

running 1 test
socket sun=false: plain=1404259.7027978287, dark=1393880.1897981681
socket sun=true: plain=2534895.46759922, dark=2523882.6767994445
test a_fork_socket_occludes_sun_and_sky_without_relief ... ok

test result: ok. 1 passed; 0 failed; 0 ignored; 0 measured; 0 filtered out; finished in 1.57s

