
> telperion@0.1.0 wasm:build
> node scripts/build-wasm.mjs

   Compiling telperion-core v0.1.0 (/home/daniel/Projects/telperion/.worktrees/fn-29-colour-cavity-and-occlusion/crates/telperion-core)
   Compiling telperion-wasm v0.1.0 (/home/daniel/Projects/telperion/.worktrees/fn-29-colour-cavity-and-occlusion/crates/telperion-wasm)
    Finished `release` profile [optimized] target(s) in 13.35s
Built Wasm and regenerated Rust family metadata.

> telperion@0.1.0 pretest
> npm run wasm:build && npm run render:build


> telperion@0.1.0 wasm:build
> node scripts/build-wasm.mjs

    Finished `release` profile [optimized] target(s) in 0.03s
Built Wasm and regenerated Rust family metadata.

> telperion@0.1.0 render:build
> node scripts/build-render.mjs

   Compiling telperion-core v0.1.0 (/home/daniel/Projects/telperion/.worktrees/fn-29-colour-cavity-and-occlusion/crates/telperion-core)
   Compiling telperion-render v0.1.0 (/home/daniel/Projects/telperion/.worktrees/fn-29-colour-cavity-and-occlusion/crates/telperion-render)
    Finished `release` profile [optimized] target(s) in 14.62s
Built the renderer module and its glue into src/browser/render/.

> telperion@0.1.0 test
> vitest run


 RUN  v4.1.11 /home/daniel/Projects/telperion/.worktrees/fn-29-colour-cavity-and-occlusion

   Compiling telperion-core v0.1.0 (/home/daniel/Projects/telperion/.worktrees/fn-29-colour-cavity-and-occlusion/crates/telperion-core)
    Finished `release` profile [optimized] target(s) in 15.70s

 Test Files  6 passed (6)
      Tests  77 passed (77)
   Start at  12:03:22
   Duration  46.84s (transform 387ms, setup 0ms, import 490ms, tests 46.76s, environment 1ms)
