{
  "oregon-white-oak-1": {
    "overhead": {
      "growth_ms": -1.0072250059935728,
      "compact_ms": 3.7299962551426535,
      "stations_ms": -3.1457655223308123,
      "shared_ms": -0.7459570176734709
    },
    "phases": {
      "skeleton.new": 0.030121,
      "step.split_config": 0.00018,
      "scaffold.validation": 0.0223,
      "step.scaffold": 3.76193,
      "step.remap": 0.025790999999999998,
      "radius.validate_tree": 0.95645,
      "radius.validate_params": 0.00055,
      "radius.solve_body": 0.582172,
      "radius.validate_solved": 0.678955,
      "step.radius": 0.19142399999999998,
      "step.identify_before": 0.034770999999999996,
      "step.seed": 0.919009,
      "step.local_advance": 50.56336,
      "step.identify_after": 1.500712,
      "skeleton.step_structural": 4.793351,
      "local.validation": 1.2336669999999998,
      "skeleton.step_local": 52.499931,
      "finish.shed": 0.00076,
      "finish.radius": 2.003202,
      "finish.tips": 0.11700200000000001,
      "skeleton.finish": 2.121474,
      "skeleton.final_remap_identify": 1.685206,
      "compact.wrapper_validate": 0.918889,
      "compact.edges_allocate": 0.177334,
      "compact.validate": 0.786807,
      "compact.paths": 2.489243,
      "compact.validate_solved": 0.983121,
      "compact.distance_allocate": 0.736086,
      "compact.order_samples": 5.614349,
      "compact.sort": 1.7483170000000001,
      "compact.sample_frame_pack_contact": 26.633903,
      "stations.validation_contact": 2.174226,
      "stations.runs_frames_descriptors": 19.239017
    }
  },
  "oregon-white-oak-7": {
    "overhead": {
      "growth_ms": 3.6353855240678135,
      "compact_ms": -1.115582285248795,
      "stations_ms": 1.7360546052743508,
      "shared_ms": 0.6243862343368933
    },
    "phases": {
      "skeleton.new": 0.030501,
      "step.split_config": 0.00015999999999999999,
      "scaffold.validation": 0.028629999999999996,
      "step.scaffold": 4.6875979999999995,
      "step.remap": 0.030601,
      "radius.validate_tree": 1.4932020000000001,
      "radius.validate_params": 0.00083,
      "radius.solve_body": 0.849978,
      "radius.validate_solved": 0.9059299999999999,
      "step.radius": 0.248496,
      "step.identify_before": 0.037751,
      "step.seed": 0.840587,
      "step.local_advance": 56.164568,
      "step.identify_after": 2.357819,
      "skeleton.step_structural": 5.658099,
      "local.validation": 1.554373,
      "skeleton.step_local": 58.722052,
      "finish.shed": 0.00091,
      "finish.radius": 3.003554,
      "finish.tips": 0.12393199999999999,
      "skeleton.finish": 3.128566,
      "skeleton.final_remap_identify": 1.6090639999999998,
      "compact.wrapper_validate": 1.221245,
      "compact.edges_allocate": 0.993431,
      "compact.validate": 1.145595,
      "compact.paths": 6.7138919999999995,
      "compact.validate_solved": 1.319878,
      "compact.distance_allocate": 1.027722,
      "compact.order_samples": 6.851885,
      "compact.sort": 2.148596,
      "compact.sample_frame_pack_contact": 32.987997,
      "stations.validation_contact": 2.33391,
      "stations.runs_frames_descriptors": 23.18891
    }
  },
  "norway-spruce-1": {
    "overhead": {
      "growth_ms": 1.017942324802945,
      "compact_ms": 0.6550315760638581,
      "stations_ms": 1.5097316198819266,
      "shared_ms": -0.11145649217250142
    },
    "phases": {
      "skeleton.new": 0.00781,
      "step.split_config": 0.00017999999999999998,
      "scaffold.validation": 0.174784,
      "step.scaffold": 9.350678,
      "step.remap": 0.139713,
      "radius.validate_tree": 0.748165,
      "radius.validate_params": 0.00057,
      "radius.solve_body": 1.3652,
      "radius.validate_solved": 0.614174,
      "step.radius": 1.111354,
      "step.identify_before": 0.16458299999999998,
      "step.seed": 6.366885,
      "step.local_advance": 18.947409999999998,
      "step.identify_after": 0.786727,
      "skeleton.step_structural": 16.322275,
      "local.validation": 0.7397849999999999,
      "skeleton.step_local": 20.540545,
      "finish.shed": 0.00083,
      "finish.radius": 1.605024,
      "finish.tips": 0.12677200000000002,
      "skeleton.finish": 1.735116,
      "skeleton.final_remap_identify": 1.053623,
      "compact.wrapper_validate": 0.721985,
      "compact.edges_allocate": 0.16530399999999998,
      "compact.validate": 0.42101900000000003,
      "compact.paths": 1.448661,
      "compact.validate_solved": 0.4937,
      "compact.distance_allocate": 0.435099,
      "compact.order_samples": 4.185779,
      "compact.sort": 1.285467,
      "compact.sample_frame_pack_contact": 16.364556,
      "stations.validation_contact": 1.216896,
      "stations.runs_frames_descriptors": 27.00058
    }
  },
  "norway-spruce-7": {
    "overhead": {
      "growth_ms": 5.9141387196678386,
      "compact_ms": 7.474608299575691,
      "stations_ms": 2.769404659893415,
      "shared_ms": 3.6240977945808828
    },
    "phases": {
      "skeleton.new": 0.00792,
      "step.split_config": 0.00020999999999999998,
      "scaffold.validation": 0.23572500000000002,
      "step.scaffold": 8.868328,
      "step.remap": 0.134943,
      "radius.validate_tree": 0.832287,
      "radius.validate_params": 0.00057,
      "radius.solve_body": 1.301698,
      "radius.validate_solved": 0.637513,
      "step.radius": 1.080283,
      "step.identify_before": 0.154003,
      "step.seed": 6.1598999999999995,
      "step.local_advance": 19.096553999999998,
      "step.identify_after": 1.021131,
      "skeleton.step_structural": 15.819494,
      "local.validation": 0.840618,
      "skeleton.step_local": 21.101846000000002,
      "finish.shed": 0.00076,
      "finish.radius": 1.654955,
      "finish.tips": 0.12493199999999999,
      "skeleton.finish": 1.766858,
      "skeleton.final_remap_identify": 1.056452,
      "compact.wrapper_validate": 0.6871849999999999,
      "compact.edges_allocate": 0.139623,
      "compact.validate": 0.369178,
      "compact.paths": 1.214086,
      "compact.validate_solved": 0.446699,
      "compact.distance_allocate": 0.41419900000000004,
      "compact.order_samples": 4.039956,
      "compact.sort": 1.235436,
      "compact.sample_frame_pack_contact": 14.847163,
      "stations.validation_contact": 1.057652,
      "stations.runs_frames_descriptors": 25.701323000000002
    }
  }
}
