✔ R2/R3: projected holes, openings and excluded background retain pixel and square-metre units (1.382599ms)
✔ R2: diagonal gap connectivity and threshold closure are diagnostic, never biological approval (0.222255ms)
✔ R2/R4: empty, clipped, nonfinite and malformed masks fail without a favorable zero (0.792276ms)
✔ R4: convergence uses complete arrays and partial tiles, rejecting missing/nonfinite samples (0.801156ms)
✔ R4: protocol/source/camera/ROI/crop identities and required artifacts fail closed (0.291086ms)
✔ R5: inventory is extensible but a third taxon cannot inherit another generator (0.160344ms)
✔ R4: missing masks, incomplete artifacts, changed bytes and path escapes cannot pass (6.901604ms)
✔ R4: the actual replay preflight rejects a changed camera, source, protocol or reference receipt (0.295466ms)
✔ R4: timeout, missing hardware and interrupted subprocesses retain distinct nonpassing dispositions (0.732375ms)
✔ R4 capture rules compare object values independent of key order but preserve arrays and changed values (0.520871ms)
✔ visibility supplement rejects missing anatomy, altered geometry and undeclared instance filtering (1.092952ms)
✔ local visibility rejects a parent-surface hit far outside the selected lateral radius (0.930099ms)
✔ collar-facing direction excludes the child axial component (0.176273ms)
✔ visibility admissions require the exact mature cohort, not arbitrary unique views (0.48748ms)
✔ R4 unchanged replay compares measured values, not metadata alone (1.119463ms)
✔ R4 mismatched protocol, reference, cohort, tool, conditions and interrupted or failed cases never pass (0.48682ms)
✔ R4 native and browser source domains match shared files without false aggregate mismatch (0.400438ms)
✔ R4 image changes surface while camera changes and failed views reject comparison; costs remain separate (0.748186ms)
✔ R4 passing whole views require one hashed, successful and complete gap artifact (13.468979ms)
✔ R4 receipt loader rejects stale binaries/source, interrupted JSONL and tampered metric artifacts (963.796572ms)
✔ R4 compact reports still detect raw axis-sample changes through full metric digests (0.260105ms)
ℹ tests 21
ℹ suites 0
ℹ pass 21
ℹ fail 0
ℹ cancelled 0
ℹ skipped 0
ℹ todo 0
ℹ duration_ms 1038.712186
