✔ R4 unchanged replay compares measured values, not metadata alone (1.797391ms)
✔ R4 mismatched protocol, reference, cohort, tool, conditions and interrupted or failed cases never pass (0.489088ms)
✔ R4 native and browser source domains match shared files without false aggregate mismatch (0.505978ms)
✔ R4 image changes surface while camera changes and failed views reject comparison; costs remain separate (0.416357ms)
✔ R4 receipt loader rejects stale binaries/source, interrupted JSONL and tampered metric artifacts (995.660006ms)
✖ R4 compact reports still detect raw axis-sample changes through full metric digests (0.865085ms)
ℹ tests 6
ℹ suites 0
ℹ pass 5
ℹ fail 1
ℹ cancelled 0
ℹ skipped 0
ℹ todo 0
ℹ duration_ms 1059.811133

✖ failing tests:

test at tests/browser/geometry-compare.test.mjs:41:1
✖ R4 compact reports still detect raw axis-sample changes through full metric digests (0.865085ms)
  AssertionError [ERR_ASSERTION]: Expected values to be strictly equal:
  
  false !== true
  
      at TestContext.<anonymous> (file:///home/daniel/Projects/telperion/.worktrees/fn-19-comparative-botanical-geometry-benchmark/.worktrees/fn19-report/tests/browser/geometry-compare.test.mjs:41:236)
      at Test.runInAsyncScope (node:async_hooks:226:14)
      at Test.run (node:internal/test_runner/test:1402:25)
      at Test.processPendingSubtests (node:internal/test_runner/test:974:18)
      at Test.postRun (node:internal/test_runner/test:1542:19)
      at Test.run (node:internal/test_runner/test:1467:12)
      at async Test.processPendingSubtests (node:internal/test_runner/test:974:7) {
    generatedMessage: true,
    code: 'ERR_ASSERTION',
    actual: false,
    expected: true,
    operator: 'strictEqual',
    diff: 'simple'
  }
