control-1 whole 0 beauty 16/128
control-1 whole 0 beauty 32/128
control-1 whole 0 beauty 48/128
control-1 whole 0 beauty 64/128
control-1 whole 0 beauty 80/128
control-1 whole 0 beauty 96/128
control-1 whole 0 beauty 112/128
control-1 whole 0 beauty 128/128
control-1 whole 0 coverage 16/128
control-1 whole 0 coverage 32/128
control-1 whole 0 coverage 48/128
control-1 whole 0 coverage 64/128
control-1 whole 0 coverage 80/128
control-1 whole 0 coverage 96/128
control-1 whole 0 coverage 112/128
control-1 whole 0 coverage 128/128
control-1 whole 90 beauty 16/128
control-1 whole 90 beauty 32/128
control-1 whole 90 beauty 48/128
control-1 whole 90 beauty 64/128
control-1 whole 90 beauty 80/128
control-1 whole 90 beauty 96/128
control-1 whole 90 beauty 112/128
control-1 whole 90 beauty 128/128
control-1 whole 90 coverage 16/128
control-1 whole 90 coverage 32/128
control-1 whole 90 coverage 48/128
control-1 whole 90 coverage 64/128
control-1 whole 90 coverage 80/128
control-1 whole 90 coverage 96/128
control-1 whole 90 coverage 112/128
control-1 whole 90 coverage 128/128
control-1 bare 0 beauty 16/128
control-1 bare 0 beauty 32/128
control-1 bare 0 beauty 48/128
control-1 bare 0 beauty 64/128
control-1 bare 0 beauty 80/128
control-1 bare 0 beauty 96/128
control-1 bare 0 beauty 112/128
control-1 bare 0 beauty 128/128
control-1 bare 0 coverage 16/128
control-1 bare 0 coverage 32/128
control-1 bare 0 coverage 48/128
control-1 bare 0 coverage 64/128
control-1 bare 0 coverage 80/128
control-1 bare 0 coverage 96/128
control-1 bare 0 coverage 112/128
control-1 bare 0 coverage 128/128
control-1 bare 90 beauty 16/128
control-1 bare 90 beauty 32/128
control-1 bare 90 beauty 48/128
control-1 bare 90 beauty 64/128
control-1 bare 90 beauty 80/128
control-1 bare 90 beauty 96/128
control-1 bare 90 beauty 112/128
control-1 bare 90 beauty 128/128
control-1 bare 90 coverage 16/128
control-1 bare 90 coverage 32/128
control-1 bare 90 coverage 48/128
control-1 bare 90 coverage 64/128
control-1 bare 90 coverage 80/128
control-1 bare 90 coverage 96/128
control-1 bare 90 coverage 112/128
control-1 bare 90 coverage 128/128
control-1 base 0 beauty 16/128
control-1 base 0 beauty 32/128
control-1 base 0 beauty 48/128
control-1 base 0 beauty 64/128
control-1 base 0 beauty 80/128
control-1 base 0 beauty 96/128
control-1 base 0 beauty 112/128
control-1 base 0 beauty 128/128
control-1 base 0 coverage 16/128
control-1 base 0 coverage 32/128
control-1 base 0 coverage 48/128
control-1 base 0 coverage 64/128
control-1 base 0 coverage 80/128
control-1 base 0 coverage 96/128
control-1 base 0 coverage 112/128
control-1 base 0 coverage 128/128
control-1 fork 0 beauty 16/128
control-1 fork 0 beauty 32/128
control-1 fork 0 beauty 48/128
control-1 fork 0 beauty 64/128
control-1 fork 0 beauty 80/128
control-1 fork 0 beauty 96/128
control-1 fork 0 beauty 112/128
control-1 fork 0 beauty 128/128
control-1 fork 0 coverage 16/128
control-1 fork 0 coverage 32/128
control-1 fork 0 coverage 48/128
control-1 fork 0 coverage 64/128
control-1 fork 0 coverage 80/128
control-1 fork 0 coverage 96/128
control-1 fork 0 coverage 112/128
control-1 fork 0 coverage 128/128
control-1 attached-shoot 0 beauty 16/128
control-1 attached-shoot 0 beauty 32/128
control-1 attached-shoot 0 beauty 48/128
control-1 attached-shoot 0 beauty 64/128
control-1 attached-shoot 0 beauty 80/128
control-1 attached-shoot 0 beauty 96/128
control-1 attached-shoot 0 beauty 112/128
control-1 attached-shoot 0 beauty 128/128
control-1 attached-shoot 0 coverage 16/128
control-1 attached-shoot 0 coverage 32/128
control-1 attached-shoot 0 coverage 48/128
control-1 attached-shoot 0 coverage 64/128
control-1 attached-shoot 0 coverage 80/128
control-1 attached-shoot 0 coverage 96/128
control-1 attached-shoot 0 coverage 112/128
control-1 attached-shoot 0 coverage 128/128
control-2 whole 0 beauty 16/128
control-2 whole 0 beauty 32/128
control-2 whole 0 beauty 48/128
control-2 whole 0 beauty 64/128
control-2 whole 0 beauty 80/128
control-2 whole 0 beauty 96/128
control-2 whole 0 beauty 112/128
control-2 whole 0 beauty 128/128
control-2 whole 0 coverage 16/128
control-2 whole 0 coverage 32/128
control-2 whole 0 coverage 48/128
control-2 whole 0 coverage 64/128
control-2 whole 0 coverage 80/128
control-2 whole 0 coverage 96/128
control-2 whole 0 coverage 112/128
control-2 whole 0 coverage 128/128
control-2 whole 90 beauty 16/128
control-2 whole 90 beauty 32/128
control-2 whole 90 beauty 48/128
control-2 whole 90 beauty 64/128
control-2 whole 90 beauty 80/128
control-2 whole 90 beauty 96/128
control-2 whole 90 beauty 112/128
control-2 whole 90 beauty 128/128
control-2 whole 90 coverage 16/128
control-2 whole 90 coverage 32/128
control-2 whole 90 coverage 48/128
control-2 whole 90 coverage 64/128
control-2 whole 90 coverage 80/128
control-2 whole 90 coverage 96/128
control-2 whole 90 coverage 112/128
control-2 whole 90 coverage 128/128
control-2 bare 0 beauty 16/128
control-2 bare 0 beauty 32/128
control-2 bare 0 beauty 48/128
control-2 bare 0 beauty 64/128
control-2 bare 0 beauty 80/128
control-2 bare 0 beauty 96/128
control-2 bare 0 beauty 112/128
control-2 bare 0 beauty 128/128
control-2 bare 0 coverage 16/128
control-2 bare 0 coverage 32/128
control-2 bare 0 coverage 48/128
control-2 bare 0 coverage 64/128
control-2 bare 0 coverage 80/128
control-2 bare 0 coverage 96/128
control-2 bare 0 coverage 112/128
control-2 bare 0 coverage 128/128
control-2 bare 90 beauty 16/128
control-2 bare 90 beauty 32/128
control-2 bare 90 beauty 48/128
control-2 bare 90 beauty 64/128
control-2 bare 90 beauty 80/128
control-2 bare 90 beauty 96/128
control-2 bare 90 beauty 112/128
control-2 bare 90 beauty 128/128
control-2 bare 90 coverage 16/128
control-2 bare 90 coverage 32/128
control-2 bare 90 coverage 48/128
control-2 bare 90 coverage 64/128
control-2 bare 90 coverage 80/128
control-2 bare 90 coverage 96/128
control-2 bare 90 coverage 112/128
control-2 bare 90 coverage 128/128
control-2 base 0 beauty 16/128
control-2 base 0 beauty 32/128
control-2 base 0 beauty 48/128
control-2 base 0 beauty 64/128
control-2 base 0 beauty 80/128
control-2 base 0 beauty 96/128
control-2 base 0 beauty 112/128
control-2 base 0 beauty 128/128
control-2 base 0 coverage 16/128
control-2 base 0 coverage 32/128
control-2 base 0 coverage 48/128
control-2 base 0 coverage 64/128
control-2 base 0 coverage 80/128
control-2 base 0 coverage 96/128
control-2 base 0 coverage 112/128
control-2 base 0 coverage 128/128
control-2 fork 0 beauty 16/128
control-2 fork 0 beauty 32/128
control-2 fork 0 beauty 48/128
control-2 fork 0 beauty 64/128
control-2 fork 0 beauty 80/128
control-2 fork 0 beauty 96/128
control-2 fork 0 beauty 112/128
control-2 fork 0 beauty 128/128
control-2 fork 0 coverage 16/128
control-2 fork 0 coverage 32/128
control-2 fork 0 coverage 48/128
control-2 fork 0 coverage 64/128
control-2 fork 0 coverage 80/128
control-2 fork 0 coverage 96/128
control-2 fork 0 coverage 112/128
control-2 fork 0 coverage 128/128
control-2 attached-shoot 0 beauty 16/128
control-2 attached-shoot 0 beauty 32/128
control-2 attached-shoot 0 beauty 48/128
control-2 attached-shoot 0 beauty 64/128
control-2 attached-shoot 0 beauty 80/128
control-2 attached-shoot 0 beauty 96/128
control-2 attached-shoot 0 beauty 112/128
control-2 attached-shoot 0 beauty 128/128
control-2 attached-shoot 0 coverage 16/128
control-2 attached-shoot 0 coverage 32/128
control-2 attached-shoot 0 coverage 48/128
control-2 attached-shoot 0 coverage 64/128
control-2 attached-shoot 0 coverage 80/128
control-2 attached-shoot 0 coverage 96/128
control-2 attached-shoot 0 coverage 112/128
control-2 attached-shoot 0 coverage 128/128
control-3 whole 0 beauty 16/128
control-3 whole 0 beauty 32/128
control-3 whole 0 beauty 48/128
control-3 whole 0 beauty 64/128
control-3 whole 0 beauty 80/128
control-3 whole 0 beauty 96/128
control-3 whole 0 beauty 112/128
control-3 whole 0 beauty 128/128
control-3 whole 0 coverage 16/128
control-3 whole 0 coverage 32/128
control-3 whole 0 coverage 48/128
control-3 whole 0 coverage 64/128
control-3 whole 0 coverage 80/128
control-3 whole 0 coverage 96/128
control-3 whole 0 coverage 112/128
control-3 whole 0 coverage 128/128
control-3 whole 90 beauty 16/128
control-3 whole 90 beauty 32/128
control-3 whole 90 beauty 48/128
control-3 whole 90 beauty 64/128
control-3 whole 90 beauty 80/128
control-3 whole 90 beauty 96/128
control-3 whole 90 beauty 112/128
control-3 whole 90 beauty 128/128
control-3 whole 90 coverage 16/128
control-3 whole 90 coverage 32/128
control-3 whole 90 coverage 48/128
control-3 whole 90 coverage 64/128
control-3 whole 90 coverage 80/128
control-3 whole 90 coverage 96/128
control-3 whole 90 coverage 112/128
control-3 whole 90 coverage 128/128
control-3 bare 0 beauty 16/128
control-3 bare 0 beauty 32/128
control-3 bare 0 beauty 48/128
control-3 bare 0 beauty 64/128
control-3 bare 0 beauty 80/128
control-3 bare 0 beauty 96/128
control-3 bare 0 beauty 112/128
control-3 bare 0 beauty 128/128
control-3 bare 0 coverage 16/128
control-3 bare 0 coverage 32/128
control-3 bare 0 coverage 48/128
control-3 bare 0 coverage 64/128
control-3 bare 0 coverage 80/128
control-3 bare 0 coverage 96/128
control-3 bare 0 coverage 112/128
control-3 bare 0 coverage 128/128
control-3 bare 90 beauty 16/128
control-3 bare 90 beauty 32/128
control-3 bare 90 beauty 48/128
control-3 bare 90 beauty 64/128
control-3 bare 90 beauty 80/128
control-3 bare 90 beauty 96/128
control-3 bare 90 beauty 112/128
control-3 bare 90 beauty 128/128
control-3 bare 90 coverage 16/128
control-3 bare 90 coverage 32/128
control-3 bare 90 coverage 48/128
control-3 bare 90 coverage 64/128
control-3 bare 90 coverage 80/128
control-3 bare 90 coverage 96/128
control-3 bare 90 coverage 112/128
control-3 bare 90 coverage 128/128
control-3 base 0 beauty 16/128
control-3 base 0 beauty 32/128
control-3 base 0 beauty 48/128
control-3 base 0 beauty 64/128
control-3 base 0 beauty 80/128
control-3 base 0 beauty 96/128
control-3 base 0 beauty 112/128
control-3 base 0 beauty 128/128
control-3 base 0 coverage 16/128
control-3 base 0 coverage 32/128
control-3 base 0 coverage 48/128
control-3 base 0 coverage 64/128
control-3 base 0 coverage 80/128
control-3 base 0 coverage 96/128
control-3 base 0 coverage 112/128
control-3 base 0 coverage 128/128
control-3 fork 0 beauty 16/128
control-3 fork 0 beauty 32/128
control-3 fork 0 beauty 48/128
control-3 fork 0 beauty 64/128
control-3 fork 0 beauty 80/128
control-3 fork 0 beauty 96/128
control-3 fork 0 beauty 112/128
control-3 fork 0 beauty 128/128
control-3 fork 0 coverage 16/128
control-3 fork 0 coverage 32/128
control-3 fork 0 coverage 48/128
control-3 fork 0 coverage 64/128
control-3 fork 0 coverage 80/128
control-3 fork 0 coverage 96/128
control-3 fork 0 coverage 112/128
control-3 fork 0 coverage 128/128
control-3 attached-shoot 0 beauty 16/128
control-3 attached-shoot 0 beauty 32/128
control-3 attached-shoot 0 beauty 48/128
control-3 attached-shoot 0 beauty 64/128
control-3 attached-shoot 0 beauty 80/128
control-3 attached-shoot 0 beauty 96/128
control-3 attached-shoot 0 beauty 112/128
control-3 attached-shoot 0 beauty 128/128
control-3 attached-shoot 0 coverage 16/128
control-3 attached-shoot 0 coverage 32/128
control-3 attached-shoot 0 coverage 48/128
control-3 attached-shoot 0 coverage 64/128
control-3 attached-shoot 0 coverage 80/128
control-3 attached-shoot 0 coverage 96/128
control-3 attached-shoot 0 coverage 112/128
control-3 attached-shoot 0 coverage 128/128
control-4 whole 0 beauty 16/128
control-4 whole 0 beauty 32/128
control-4 whole 0 beauty 48/128
control-4 whole 0 beauty 64/128
control-4 whole 0 beauty 80/128
control-4 whole 0 beauty 96/128
control-4 whole 0 beauty 112/128
control-4 whole 0 beauty 128/128
control-4 whole 0 coverage 16/128
control-4 whole 0 coverage 32/128
control-4 whole 0 coverage 48/128
control-4 whole 0 coverage 64/128
control-4 whole 0 coverage 80/128
control-4 whole 0 coverage 96/128
control-4 whole 0 coverage 112/128
control-4 whole 0 coverage 128/128
control-4 whole 90 beauty 16/128
control-4 whole 90 beauty 32/128
control-4 whole 90 beauty 48/128
control-4 whole 90 beauty 64/128
control-4 whole 90 beauty 80/128
control-4 whole 90 beauty 96/128
control-4 whole 90 beauty 112/128
control-4 whole 90 beauty 128/128
control-4 whole 90 coverage 16/128
control-4 whole 90 coverage 32/128
control-4 whole 90 coverage 48/128
control-4 whole 90 coverage 64/128
control-4 whole 90 coverage 80/128
control-4 whole 90 coverage 96/128
control-4 whole 90 coverage 112/128
control-4 whole 90 coverage 128/128
control-4 bare 0 beauty 16/128
control-4 bare 0 beauty 32/128
control-4 bare 0 beauty 48/128
control-4 bare 0 beauty 64/128
control-4 bare 0 beauty 80/128
control-4 bare 0 beauty 96/128
control-4 bare 0 beauty 112/128
control-4 bare 0 beauty 128/128
control-4 bare 0 coverage 16/128
control-4 bare 0 coverage 32/128
control-4 bare 0 coverage 48/128
control-4 bare 0 coverage 64/128
control-4 bare 0 coverage 80/128
control-4 bare 0 coverage 96/128
control-4 bare 0 coverage 112/128
control-4 bare 0 coverage 128/128
control-4 bare 90 beauty 16/128
control-4 bare 90 beauty 32/128
control-4 bare 90 beauty 48/128
control-4 bare 90 beauty 64/128
control-4 bare 90 beauty 80/128
control-4 bare 90 beauty 96/128
control-4 bare 90 beauty 112/128
control-4 bare 90 beauty 128/128
control-4 bare 90 coverage 16/128
control-4 bare 90 coverage 32/128
control-4 bare 90 coverage 48/128
control-4 bare 90 coverage 64/128
control-4 bare 90 coverage 80/128
control-4 bare 90 coverage 96/128
control-4 bare 90 coverage 112/128
control-4 bare 90 coverage 128/128
control-4 base 0 beauty 16/128
control-4 base 0 beauty 32/128
control-4 base 0 beauty 48/128
control-4 base 0 beauty 64/128
control-4 base 0 beauty 80/128
control-4 base 0 beauty 96/128
control-4 base 0 beauty 112/128
control-4 base 0 beauty 128/128
control-4 base 0 coverage 16/128
control-4 base 0 coverage 32/128
control-4 base 0 coverage 48/128
control-4 base 0 coverage 64/128
control-4 base 0 coverage 80/128
control-4 base 0 coverage 96/128
control-4 base 0 coverage 112/128
control-4 base 0 coverage 128/128
control-4 fork 0 beauty 16/128
control-4 fork 0 beauty 32/128
control-4 fork 0 beauty 48/128
control-4 fork 0 beauty 64/128
control-4 fork 0 beauty 80/128
control-4 fork 0 beauty 96/128
control-4 fork 0 beauty 112/128
control-4 fork 0 beauty 128/128
control-4 fork 0 coverage 16/128
control-4 fork 0 coverage 32/128
control-4 fork 0 coverage 48/128
control-4 fork 0 coverage 64/128
control-4 fork 0 coverage 80/128
control-4 fork 0 coverage 96/128
control-4 fork 0 coverage 112/128
control-4 fork 0 coverage 128/128
control-4 attached-shoot 0 beauty 16/128
control-4 attached-shoot 0 beauty 32/128
control-4 attached-shoot 0 beauty 48/128
control-4 attached-shoot 0 beauty 64/128
control-4 attached-shoot 0 beauty 80/128
control-4 attached-shoot 0 beauty 96/128
control-4 attached-shoot 0 beauty 112/128
control-4 attached-shoot 0 beauty 128/128
control-4 attached-shoot 0 coverage 16/128
control-4 attached-shoot 0 coverage 32/128
control-4 attached-shoot 0 coverage 48/128
control-4 attached-shoot 0 coverage 64/128
control-4 attached-shoot 0 coverage 80/128
control-4 attached-shoot 0 coverage 96/128
control-4 attached-shoot 0 coverage 112/128
control-4 attached-shoot 0 coverage 128/128
control-5 whole 0 beauty 16/128
control-5 whole 0 beauty 32/128
control-5 whole 0 beauty 48/128
control-5 whole 0 beauty 64/128
control-5 whole 0 beauty 80/128
control-5 whole 0 beauty 96/128
control-5 whole 0 beauty 112/128
control-5 whole 0 beauty 128/128
control-5 whole 0 coverage 16/128
control-5 whole 0 coverage 32/128
control-5 whole 0 coverage 48/128
control-5 whole 0 coverage 64/128
control-5 whole 0 coverage 80/128
control-5 whole 0 coverage 96/128
control-5 whole 0 coverage 112/128
control-5 whole 0 coverage 128/128
control-5 whole 90 beauty 16/128
control-5 whole 90 beauty 32/128
control-5 whole 90 beauty 48/128
control-5 whole 90 beauty 64/128
control-5 whole 90 beauty 80/128
control-5 whole 90 beauty 96/128
control-5 whole 90 beauty 112/128
control-5 whole 90 beauty 128/128
control-5 whole 90 coverage 16/128
control-5 whole 90 coverage 32/128
control-5 whole 90 coverage 48/128
control-5 whole 90 coverage 64/128
control-5 whole 90 coverage 80/128
control-5 whole 90 coverage 96/128
control-5 whole 90 coverage 112/128
control-5 whole 90 coverage 128/128
control-5 bare 0 beauty 16/128
control-5 bare 0 beauty 32/128
control-5 bare 0 beauty 48/128
control-5 bare 0 beauty 64/128
control-5 bare 0 beauty 80/128
control-5 bare 0 beauty 96/128
control-5 bare 0 beauty 112/128
control-5 bare 0 beauty 128/128
control-5 bare 0 coverage 16/128
control-5 bare 0 coverage 32/128
control-5 bare 0 coverage 48/128
control-5 bare 0 coverage 64/128
control-5 bare 0 coverage 80/128
control-5 bare 0 coverage 96/128
control-5 bare 0 coverage 112/128
control-5 bare 0 coverage 128/128
control-5 bare 90 beauty 16/128
control-5 bare 90 beauty 32/128
control-5 bare 90 beauty 48/128
control-5 bare 90 beauty 64/128
control-5 bare 90 beauty 80/128
control-5 bare 90 beauty 96/128
control-5 bare 90 beauty 112/128
control-5 bare 90 beauty 128/128
control-5 bare 90 coverage 16/128
control-5 bare 90 coverage 32/128
control-5 bare 90 coverage 48/128
control-5 bare 90 coverage 64/128
control-5 bare 90 coverage 80/128
control-5 bare 90 coverage 96/128
control-5 bare 90 coverage 112/128
control-5 bare 90 coverage 128/128
control-5 base 0 beauty 16/128
control-5 base 0 beauty 32/128
control-5 base 0 beauty 48/128
control-5 base 0 beauty 64/128
control-5 base 0 beauty 80/128
control-5 base 0 beauty 96/128
control-5 base 0 beauty 112/128
control-5 base 0 beauty 128/128
control-5 base 0 coverage 16/128
control-5 base 0 coverage 32/128
control-5 base 0 coverage 48/128
control-5 base 0 coverage 64/128
control-5 base 0 coverage 80/128
control-5 base 0 coverage 96/128
control-5 base 0 coverage 112/128
control-5 base 0 coverage 128/128
control-5 fork 0 beauty 16/128
control-5 fork 0 beauty 32/128
control-5 fork 0 beauty 48/128
control-5 fork 0 beauty 64/128
control-5 fork 0 beauty 80/128
control-5 fork 0 beauty 96/128
control-5 fork 0 beauty 112/128
control-5 fork 0 beauty 128/128
control-5 fork 0 coverage 16/128
control-5 fork 0 coverage 32/128
control-5 fork 0 coverage 48/128
control-5 fork 0 coverage 64/128
control-5 fork 0 coverage 80/128
control-5 fork 0 coverage 96/128
control-5 fork 0 coverage 112/128
control-5 fork 0 coverage 128/128
control-5 attached-shoot 0 beauty 16/128
control-5 attached-shoot 0 beauty 32/128
control-5 attached-shoot 0 beauty 48/128
control-5 attached-shoot 0 beauty 64/128
control-5 attached-shoot 0 beauty 80/128
control-5 attached-shoot 0 beauty 96/128
control-5 attached-shoot 0 beauty 112/128
control-5 attached-shoot 0 beauty 128/128
control-5 attached-shoot 0 coverage 16/128
control-5 attached-shoot 0 coverage 32/128
control-5 attached-shoot 0 coverage 48/128
control-5 attached-shoot 0 coverage 64/128
control-5 attached-shoot 0 coverage 80/128
control-5 attached-shoot 0 coverage 96/128
control-5 attached-shoot 0 coverage 112/128
control-5 attached-shoot 0 coverage 128/128
control-6 whole 0 beauty 16/128
control-6 whole 0 beauty 32/128
control-6 whole 0 beauty 48/128
control-6 whole 0 beauty 64/128
control-6 whole 0 beauty 80/128
control-6 whole 0 beauty 96/128
control-6 whole 0 beauty 112/128
control-6 whole 0 beauty 128/128
control-6 whole 0 coverage 16/128
control-6 whole 0 coverage 32/128
control-6 whole 0 coverage 48/128
control-6 whole 0 coverage 64/128
control-6 whole 0 coverage 80/128
control-6 whole 0 coverage 96/128
control-6 whole 0 coverage 112/128
control-6 whole 0 coverage 128/128
control-6 whole 90 beauty 16/128
control-6 whole 90 beauty 32/128
control-6 whole 90 beauty 48/128
control-6 whole 90 beauty 64/128
control-6 whole 90 beauty 80/128
control-6 whole 90 beauty 96/128
control-6 whole 90 beauty 112/128
control-6 whole 90 beauty 128/128
control-6 whole 90 coverage 16/128
control-6 whole 90 coverage 32/128
control-6 whole 90 coverage 48/128
control-6 whole 90 coverage 64/128
control-6 whole 90 coverage 80/128
control-6 whole 90 coverage 96/128
control-6 whole 90 coverage 112/128
control-6 whole 90 coverage 128/128
control-6 bare 0 beauty 16/128
control-6 bare 0 beauty 32/128
control-6 bare 0 beauty 48/128
control-6 bare 0 beauty 64/128
control-6 bare 0 beauty 80/128
control-6 bare 0 beauty 96/128
control-6 bare 0 beauty 112/128
control-6 bare 0 beauty 128/128
control-6 bare 0 coverage 16/128
control-6 bare 0 coverage 32/128
control-6 bare 0 coverage 48/128
control-6 bare 0 coverage 64/128
control-6 bare 0 coverage 80/128
control-6 bare 0 coverage 96/128
control-6 bare 0 coverage 112/128
control-6 bare 0 coverage 128/128
control-6 bare 90 beauty 16/128
control-6 bare 90 beauty 32/128
control-6 bare 90 beauty 48/128
control-6 bare 90 beauty 64/128
control-6 bare 90 beauty 80/128
control-6 bare 90 beauty 96/128
control-6 bare 90 beauty 112/128
control-6 bare 90 beauty 128/128
control-6 bare 90 coverage 16/128
control-6 bare 90 coverage 32/128
control-6 bare 90 coverage 48/128
control-6 bare 90 coverage 64/128
control-6 bare 90 coverage 80/128
control-6 bare 90 coverage 96/128
control-6 bare 90 coverage 112/128
control-6 bare 90 coverage 128/128
control-6 base 0 beauty 16/128
control-6 base 0 beauty 32/128
control-6 base 0 beauty 48/128
control-6 base 0 beauty 64/128
control-6 base 0 beauty 80/128
control-6 base 0 beauty 96/128
control-6 base 0 beauty 112/128
control-6 base 0 beauty 128/128
control-6 base 0 coverage 16/128
control-6 base 0 coverage 32/128
control-6 base 0 coverage 48/128
control-6 base 0 coverage 64/128
control-6 base 0 coverage 80/128
control-6 base 0 coverage 96/128
control-6 base 0 coverage 112/128
control-6 base 0 coverage 128/128
control-6 fork 0 beauty 16/128
control-6 fork 0 beauty 32/128
control-6 fork 0 beauty 48/128
control-6 fork 0 beauty 64/128
control-6 fork 0 beauty 80/128
control-6 fork 0 beauty 96/128
control-6 fork 0 beauty 112/128
control-6 fork 0 beauty 128/128
control-6 fork 0 coverage 16/128
control-6 fork 0 coverage 32/128
control-6 fork 0 coverage 48/128
control-6 fork 0 coverage 64/128
control-6 fork 0 coverage 80/128
control-6 fork 0 coverage 96/128
control-6 fork 0 coverage 112/128
control-6 fork 0 coverage 128/128
control-6 attached-shoot 0 beauty 16/128
control-6 attached-shoot 0 beauty 32/128
control-6 attached-shoot 0 beauty 48/128
control-6 attached-shoot 0 beauty 64/128
control-6 attached-shoot 0 beauty 80/128
control-6 attached-shoot 0 beauty 96/128
control-6 attached-shoot 0 beauty 112/128
control-6 attached-shoot 0 beauty 128/128
control-6 attached-shoot 0 coverage 16/128
control-6 attached-shoot 0 coverage 32/128
control-6 attached-shoot 0 coverage 48/128
control-6 attached-shoot 0 coverage 64/128
control-6 attached-shoot 0 coverage 80/128
control-6 attached-shoot 0 coverage 96/128
control-6 attached-shoot 0 coverage 112/128
control-6 attached-shoot 0 coverage 128/128
/home/daniel/Projects/telperion/.worktrees/fn-19-comparative-botanical-geometry-benchmark/.worktrees/fn19-report/.flow/tmp/fn19-visual-replay-v3/candidate
