oregon-white-oak-1 whole 0 beauty 16/128
oregon-white-oak-1 whole 0 beauty 32/128
oregon-white-oak-1 whole 0 beauty 48/128
oregon-white-oak-1 whole 0 beauty 64/128
oregon-white-oak-1 whole 0 beauty 80/128
oregon-white-oak-1 whole 0 beauty 96/128
oregon-white-oak-1 whole 0 beauty 112/128
oregon-white-oak-1 whole 0 beauty 128/128
oregon-white-oak-1 whole 0 coverage 16/128
oregon-white-oak-1 whole 0 coverage 32/128
oregon-white-oak-1 whole 0 coverage 48/128
oregon-white-oak-1 whole 0 coverage 64/128
oregon-white-oak-1 whole 0 coverage 80/128
oregon-white-oak-1 whole 0 coverage 96/128
oregon-white-oak-1 whole 0 coverage 112/128
oregon-white-oak-1 whole 0 coverage 128/128
oregon-white-oak-1 whole 90 beauty 16/128
oregon-white-oak-1 whole 90 beauty 32/128
oregon-white-oak-1 whole 90 beauty 48/128
oregon-white-oak-1 whole 90 beauty 64/128
oregon-white-oak-1 whole 90 beauty 80/128
oregon-white-oak-1 whole 90 beauty 96/128
oregon-white-oak-1 whole 90 beauty 112/128
oregon-white-oak-1 whole 90 beauty 128/128
oregon-white-oak-1 whole 90 coverage 16/128
oregon-white-oak-1 whole 90 coverage 32/128
oregon-white-oak-1 whole 90 coverage 48/128
oregon-white-oak-1 whole 90 coverage 64/128
oregon-white-oak-1 whole 90 coverage 80/128
oregon-white-oak-1 whole 90 coverage 96/128
oregon-white-oak-1 whole 90 coverage 112/128
oregon-white-oak-1 whole 90 coverage 128/128
oregon-white-oak-1 bare 0 beauty 16/128
oregon-white-oak-1 bare 0 beauty 32/128
oregon-white-oak-1 bare 0 beauty 48/128
oregon-white-oak-1 bare 0 beauty 64/128
oregon-white-oak-1 bare 0 beauty 80/128
oregon-white-oak-1 bare 0 beauty 96/128
oregon-white-oak-1 bare 0 beauty 112/128
oregon-white-oak-1 bare 0 beauty 128/128
oregon-white-oak-1 bare 0 coverage 16/128
oregon-white-oak-1 bare 0 coverage 32/128
oregon-white-oak-1 bare 0 coverage 48/128
oregon-white-oak-1 bare 0 coverage 64/128
oregon-white-oak-1 bare 0 coverage 80/128
oregon-white-oak-1 bare 0 coverage 96/128
oregon-white-oak-1 bare 0 coverage 112/128
oregon-white-oak-1 bare 0 coverage 128/128
oregon-white-oak-1 bare 90 beauty 16/128
oregon-white-oak-1 bare 90 beauty 32/128
oregon-white-oak-1 bare 90 beauty 48/128
oregon-white-oak-1 bare 90 beauty 64/128
oregon-white-oak-1 bare 90 beauty 80/128
oregon-white-oak-1 bare 90 beauty 96/128
oregon-white-oak-1 bare 90 beauty 112/128
oregon-white-oak-1 bare 90 beauty 128/128
oregon-white-oak-1 bare 90 coverage 16/128
oregon-white-oak-1 bare 90 coverage 32/128
oregon-white-oak-1 bare 90 coverage 48/128
oregon-white-oak-1 bare 90 coverage 64/128
oregon-white-oak-1 bare 90 coverage 80/128
oregon-white-oak-1 bare 90 coverage 96/128
oregon-white-oak-1 bare 90 coverage 112/128
oregon-white-oak-1 bare 90 coverage 128/128
oregon-white-oak-1 base 0 beauty 16/128
oregon-white-oak-1 base 0 beauty 32/128
oregon-white-oak-1 base 0 beauty 48/128
oregon-white-oak-1 base 0 beauty 64/128
oregon-white-oak-1 base 0 beauty 80/128
oregon-white-oak-1 base 0 beauty 96/128
oregon-white-oak-1 base 0 beauty 112/128
oregon-white-oak-1 base 0 beauty 128/128
oregon-white-oak-1 base 0 coverage 16/128
oregon-white-oak-1 base 0 coverage 32/128
oregon-white-oak-1 base 0 coverage 48/128
oregon-white-oak-1 base 0 coverage 64/128
oregon-white-oak-1 base 0 coverage 80/128
oregon-white-oak-1 base 0 coverage 96/128
oregon-white-oak-1 base 0 coverage 112/128
oregon-white-oak-1 base 0 coverage 128/128
oregon-white-oak-1 fork 0 beauty 16/128
oregon-white-oak-1 fork 0 beauty 32/128
oregon-white-oak-1 fork 0 beauty 48/128
oregon-white-oak-1 fork 0 beauty 64/128
oregon-white-oak-1 fork 0 beauty 80/128
oregon-white-oak-1 fork 0 beauty 96/128
oregon-white-oak-1 fork 0 beauty 112/128
oregon-white-oak-1 fork 0 beauty 128/128
oregon-white-oak-1 fork 0 coverage 16/128
oregon-white-oak-1 fork 0 coverage 32/128
oregon-white-oak-1 fork 0 coverage 48/128
oregon-white-oak-1 fork 0 coverage 64/128
oregon-white-oak-1 fork 0 coverage 80/128
oregon-white-oak-1 fork 0 coverage 96/128
oregon-white-oak-1 fork 0 coverage 112/128
oregon-white-oak-1 fork 0 coverage 128/128
oregon-white-oak-1 attached-shoot 0 beauty 16/128
oregon-white-oak-1 attached-shoot 0 beauty 32/128
oregon-white-oak-1 attached-shoot 0 beauty 48/128
oregon-white-oak-1 attached-shoot 0 beauty 64/128
oregon-white-oak-1 attached-shoot 0 beauty 80/128
oregon-white-oak-1 attached-shoot 0 beauty 96/128
oregon-white-oak-1 attached-shoot 0 beauty 112/128
oregon-white-oak-1 attached-shoot 0 beauty 128/128
oregon-white-oak-1 attached-shoot 0 coverage 16/128
oregon-white-oak-1 attached-shoot 0 coverage 32/128
oregon-white-oak-1 attached-shoot 0 coverage 48/128
oregon-white-oak-1 attached-shoot 0 coverage 64/128
oregon-white-oak-1 attached-shoot 0 coverage 80/128
oregon-white-oak-1 attached-shoot 0 coverage 96/128
oregon-white-oak-1 attached-shoot 0 coverage 112/128
oregon-white-oak-1 attached-shoot 0 coverage 128/128
oregon-white-oak-2 whole 0 beauty 16/128
oregon-white-oak-2 whole 0 beauty 32/128
oregon-white-oak-2 whole 0 beauty 48/128
oregon-white-oak-2 whole 0 beauty 64/128
oregon-white-oak-2 whole 0 beauty 80/128
oregon-white-oak-2 whole 0 beauty 96/128
oregon-white-oak-2 whole 0 beauty 112/128
oregon-white-oak-2 whole 0 beauty 128/128
oregon-white-oak-2 whole 0 coverage 16/128
oregon-white-oak-2 whole 0 coverage 32/128
oregon-white-oak-2 whole 0 coverage 48/128
oregon-white-oak-2 whole 0 coverage 64/128
oregon-white-oak-2 whole 0 coverage 80/128
oregon-white-oak-2 whole 0 coverage 96/128
oregon-white-oak-2 whole 0 coverage 112/128
oregon-white-oak-2 whole 0 coverage 128/128
oregon-white-oak-2 whole 90 beauty 16/128
oregon-white-oak-2 whole 90 beauty 32/128
oregon-white-oak-2 whole 90 beauty 48/128
oregon-white-oak-2 whole 90 beauty 64/128
oregon-white-oak-2 whole 90 beauty 80/128
oregon-white-oak-2 whole 90 beauty 96/128
oregon-white-oak-2 whole 90 beauty 112/128
oregon-white-oak-2 whole 90 beauty 128/128
oregon-white-oak-2 whole 90 coverage 16/128
oregon-white-oak-2 whole 90 coverage 32/128
oregon-white-oak-2 whole 90 coverage 48/128
oregon-white-oak-2 whole 90 coverage 64/128
oregon-white-oak-2 whole 90 coverage 80/128
oregon-white-oak-2 whole 90 coverage 96/128
oregon-white-oak-2 whole 90 coverage 112/128
oregon-white-oak-2 whole 90 coverage 128/128
oregon-white-oak-2 bare 0 beauty 16/128
oregon-white-oak-2 bare 0 beauty 32/128
oregon-white-oak-2 bare 0 beauty 48/128
oregon-white-oak-2 bare 0 beauty 64/128
oregon-white-oak-2 bare 0 beauty 80/128
oregon-white-oak-2 bare 0 beauty 96/128
oregon-white-oak-2 bare 0 beauty 112/128
oregon-white-oak-2 bare 0 beauty 128/128
oregon-white-oak-2 bare 0 coverage 16/128
oregon-white-oak-2 bare 0 coverage 32/128
oregon-white-oak-2 bare 0 coverage 48/128
oregon-white-oak-2 bare 0 coverage 64/128
oregon-white-oak-2 bare 0 coverage 80/128
oregon-white-oak-2 bare 0 coverage 96/128
oregon-white-oak-2 bare 0 coverage 112/128
oregon-white-oak-2 bare 0 coverage 128/128
oregon-white-oak-2 bare 90 beauty 16/128
oregon-white-oak-2 bare 90 beauty 32/128
oregon-white-oak-2 bare 90 beauty 48/128
oregon-white-oak-2 bare 90 beauty 64/128
oregon-white-oak-2 bare 90 beauty 80/128
oregon-white-oak-2 bare 90 beauty 96/128
oregon-white-oak-2 bare 90 beauty 112/128
oregon-white-oak-2 bare 90 beauty 128/128
oregon-white-oak-2 bare 90 coverage 16/128
oregon-white-oak-2 bare 90 coverage 32/128
oregon-white-oak-2 bare 90 coverage 48/128
oregon-white-oak-2 bare 90 coverage 64/128
oregon-white-oak-2 bare 90 coverage 80/128
oregon-white-oak-2 bare 90 coverage 96/128
oregon-white-oak-2 bare 90 coverage 112/128
oregon-white-oak-2 bare 90 coverage 128/128
oregon-white-oak-2 base 0 beauty 16/128
oregon-white-oak-2 base 0 beauty 32/128
oregon-white-oak-2 base 0 beauty 48/128
oregon-white-oak-2 base 0 beauty 64/128
oregon-white-oak-2 base 0 beauty 80/128
oregon-white-oak-2 base 0 beauty 96/128
oregon-white-oak-2 base 0 beauty 112/128
oregon-white-oak-2 base 0 beauty 128/128
oregon-white-oak-2 base 0 coverage 16/128
oregon-white-oak-2 base 0 coverage 32/128
oregon-white-oak-2 base 0 coverage 48/128
oregon-white-oak-2 base 0 coverage 64/128
oregon-white-oak-2 base 0 coverage 80/128
oregon-white-oak-2 base 0 coverage 96/128
oregon-white-oak-2 base 0 coverage 112/128
oregon-white-oak-2 base 0 coverage 128/128
oregon-white-oak-2 fork 0 beauty 16/128
oregon-white-oak-2 fork 0 beauty 32/128
oregon-white-oak-2 fork 0 beauty 48/128
oregon-white-oak-2 fork 0 beauty 64/128
oregon-white-oak-2 fork 0 beauty 80/128
oregon-white-oak-2 fork 0 beauty 96/128
oregon-white-oak-2 fork 0 beauty 112/128
oregon-white-oak-2 fork 0 beauty 128/128
oregon-white-oak-2 fork 0 coverage 16/128
oregon-white-oak-2 fork 0 coverage 32/128
oregon-white-oak-2 fork 0 coverage 48/128
oregon-white-oak-2 fork 0 coverage 64/128
oregon-white-oak-2 fork 0 coverage 80/128
oregon-white-oak-2 fork 0 coverage 96/128
oregon-white-oak-2 fork 0 coverage 112/128
oregon-white-oak-2 fork 0 coverage 128/128
oregon-white-oak-2 attached-shoot 0 beauty 16/128
oregon-white-oak-2 attached-shoot 0 beauty 32/128
oregon-white-oak-2 attached-shoot 0 beauty 48/128
oregon-white-oak-2 attached-shoot 0 beauty 64/128
oregon-white-oak-2 attached-shoot 0 beauty 80/128
oregon-white-oak-2 attached-shoot 0 beauty 96/128
oregon-white-oak-2 attached-shoot 0 beauty 112/128
oregon-white-oak-2 attached-shoot 0 beauty 128/128
oregon-white-oak-2 attached-shoot 0 coverage 16/128
oregon-white-oak-2 attached-shoot 0 coverage 32/128
oregon-white-oak-2 attached-shoot 0 coverage 48/128
oregon-white-oak-2 attached-shoot 0 coverage 64/128
oregon-white-oak-2 attached-shoot 0 coverage 80/128
oregon-white-oak-2 attached-shoot 0 coverage 96/128
oregon-white-oak-2 attached-shoot 0 coverage 112/128
oregon-white-oak-2 attached-shoot 0 coverage 128/128
oregon-white-oak-3 whole 0 beauty 16/128
oregon-white-oak-3 whole 0 beauty 32/128
oregon-white-oak-3 whole 0 beauty 48/128
oregon-white-oak-3 whole 0 beauty 64/128
oregon-white-oak-3 whole 0 beauty 80/128
oregon-white-oak-3 whole 0 beauty 96/128
oregon-white-oak-3 whole 0 beauty 112/128
oregon-white-oak-3 whole 0 beauty 128/128
oregon-white-oak-3 whole 0 coverage 16/128
oregon-white-oak-3 whole 0 coverage 32/128
oregon-white-oak-3 whole 0 coverage 48/128
oregon-white-oak-3 whole 0 coverage 64/128
oregon-white-oak-3 whole 0 coverage 80/128
oregon-white-oak-3 whole 0 coverage 96/128
oregon-white-oak-3 whole 0 coverage 112/128
oregon-white-oak-3 whole 0 coverage 128/128
oregon-white-oak-3 whole 90 beauty 16/128
oregon-white-oak-3 whole 90 beauty 32/128
oregon-white-oak-3 whole 90 beauty 48/128
oregon-white-oak-3 whole 90 beauty 64/128
oregon-white-oak-3 whole 90 beauty 80/128
oregon-white-oak-3 whole 90 beauty 96/128
oregon-white-oak-3 whole 90 beauty 112/128
oregon-white-oak-3 whole 90 beauty 128/128
oregon-white-oak-3 whole 90 coverage 16/128
oregon-white-oak-3 whole 90 coverage 32/128
oregon-white-oak-3 whole 90 coverage 48/128
oregon-white-oak-3 whole 90 coverage 64/128
oregon-white-oak-3 whole 90 coverage 80/128
oregon-white-oak-3 whole 90 coverage 96/128
oregon-white-oak-3 whole 90 coverage 112/128
oregon-white-oak-3 whole 90 coverage 128/128
oregon-white-oak-3 bare 0 beauty 16/128
oregon-white-oak-3 bare 0 beauty 32/128
oregon-white-oak-3 bare 0 beauty 48/128
oregon-white-oak-3 bare 0 beauty 64/128
oregon-white-oak-3 bare 0 beauty 80/128
oregon-white-oak-3 bare 0 beauty 96/128
oregon-white-oak-3 bare 0 beauty 112/128
oregon-white-oak-3 bare 0 beauty 128/128
oregon-white-oak-3 bare 0 coverage 16/128
oregon-white-oak-3 bare 0 coverage 32/128
oregon-white-oak-3 bare 0 coverage 48/128
oregon-white-oak-3 bare 0 coverage 64/128
oregon-white-oak-3 bare 0 coverage 80/128
oregon-white-oak-3 bare 0 coverage 96/128
oregon-white-oak-3 bare 0 coverage 112/128
oregon-white-oak-3 bare 0 coverage 128/128
oregon-white-oak-3 bare 90 beauty 16/128
oregon-white-oak-3 bare 90 beauty 32/128
oregon-white-oak-3 bare 90 beauty 48/128
oregon-white-oak-3 bare 90 beauty 64/128
oregon-white-oak-3 bare 90 beauty 80/128
oregon-white-oak-3 bare 90 beauty 96/128
oregon-white-oak-3 bare 90 beauty 112/128
oregon-white-oak-3 bare 90 beauty 128/128
oregon-white-oak-3 bare 90 coverage 16/128
oregon-white-oak-3 bare 90 coverage 32/128
oregon-white-oak-3 bare 90 coverage 48/128
oregon-white-oak-3 bare 90 coverage 64/128
oregon-white-oak-3 bare 90 coverage 80/128
oregon-white-oak-3 bare 90 coverage 96/128
oregon-white-oak-3 bare 90 coverage 112/128
oregon-white-oak-3 bare 90 coverage 128/128
oregon-white-oak-3 base 0 beauty 16/128
oregon-white-oak-3 base 0 beauty 32/128
oregon-white-oak-3 base 0 beauty 48/128
oregon-white-oak-3 base 0 beauty 64/128
oregon-white-oak-3 base 0 beauty 80/128
oregon-white-oak-3 base 0 beauty 96/128
oregon-white-oak-3 base 0 beauty 112/128
oregon-white-oak-3 base 0 beauty 128/128
oregon-white-oak-3 base 0 coverage 16/128
oregon-white-oak-3 base 0 coverage 32/128
oregon-white-oak-3 base 0 coverage 48/128
oregon-white-oak-3 base 0 coverage 64/128
oregon-white-oak-3 base 0 coverage 80/128
oregon-white-oak-3 base 0 coverage 96/128
oregon-white-oak-3 base 0 coverage 112/128
oregon-white-oak-3 base 0 coverage 128/128
oregon-white-oak-3 fork 0 beauty 16/128
oregon-white-oak-3 fork 0 beauty 32/128
oregon-white-oak-3 fork 0 beauty 48/128
oregon-white-oak-3 fork 0 beauty 64/128
oregon-white-oak-3 fork 0 beauty 80/128
oregon-white-oak-3 fork 0 beauty 96/128
oregon-white-oak-3 fork 0 beauty 112/128
oregon-white-oak-3 fork 0 beauty 128/128
oregon-white-oak-3 fork 0 coverage 16/128
oregon-white-oak-3 fork 0 coverage 32/128
oregon-white-oak-3 fork 0 coverage 48/128
oregon-white-oak-3 fork 0 coverage 64/128
oregon-white-oak-3 fork 0 coverage 80/128
oregon-white-oak-3 fork 0 coverage 96/128
oregon-white-oak-3 fork 0 coverage 112/128
oregon-white-oak-3 fork 0 coverage 128/128
oregon-white-oak-3 attached-shoot 0 beauty 16/128
oregon-white-oak-3 attached-shoot 0 beauty 32/128
oregon-white-oak-3 attached-shoot 0 beauty 48/128
oregon-white-oak-3 attached-shoot 0 beauty 64/128
oregon-white-oak-3 attached-shoot 0 beauty 80/128
oregon-white-oak-3 attached-shoot 0 beauty 96/128
oregon-white-oak-3 attached-shoot 0 beauty 112/128
oregon-white-oak-3 attached-shoot 0 beauty 128/128
oregon-white-oak-3 attached-shoot 0 coverage 16/128
oregon-white-oak-3 attached-shoot 0 coverage 32/128
oregon-white-oak-3 attached-shoot 0 coverage 48/128
oregon-white-oak-3 attached-shoot 0 coverage 64/128
oregon-white-oak-3 attached-shoot 0 coverage 80/128
oregon-white-oak-3 attached-shoot 0 coverage 96/128
oregon-white-oak-3 attached-shoot 0 coverage 112/128
oregon-white-oak-3 attached-shoot 0 coverage 128/128
oregon-white-oak-3407793930 whole 0 beauty 16/128
oregon-white-oak-3407793930 whole 0 beauty 32/128
oregon-white-oak-3407793930 whole 0 beauty 48/128
oregon-white-oak-3407793930 whole 0 beauty 64/128
oregon-white-oak-3407793930 whole 0 beauty 80/128
oregon-white-oak-3407793930 whole 0 beauty 96/128
oregon-white-oak-3407793930 whole 0 beauty 112/128
oregon-white-oak-3407793930 whole 0 beauty 128/128
oregon-white-oak-3407793930 whole 0 coverage 16/128
oregon-white-oak-3407793930 whole 0 coverage 32/128
oregon-white-oak-3407793930 whole 0 coverage 48/128
oregon-white-oak-3407793930 whole 0 coverage 64/128
oregon-white-oak-3407793930 whole 0 coverage 80/128
oregon-white-oak-3407793930 whole 0 coverage 96/128
oregon-white-oak-3407793930 whole 0 coverage 112/128
oregon-white-oak-3407793930 whole 0 coverage 128/128
oregon-white-oak-3407793930 whole 90 beauty 16/128
oregon-white-oak-3407793930 whole 90 beauty 32/128
oregon-white-oak-3407793930 whole 90 beauty 48/128
oregon-white-oak-3407793930 whole 90 beauty 64/128
oregon-white-oak-3407793930 whole 90 beauty 80/128
oregon-white-oak-3407793930 whole 90 beauty 96/128
oregon-white-oak-3407793930 whole 90 beauty 112/128
oregon-white-oak-3407793930 whole 90 beauty 128/128
oregon-white-oak-3407793930 whole 90 coverage 16/128
oregon-white-oak-3407793930 whole 90 coverage 32/128
oregon-white-oak-3407793930 whole 90 coverage 48/128
oregon-white-oak-3407793930 whole 90 coverage 64/128
oregon-white-oak-3407793930 whole 90 coverage 80/128
oregon-white-oak-3407793930 whole 90 coverage 96/128
oregon-white-oak-3407793930 whole 90 coverage 112/128
oregon-white-oak-3407793930 whole 90 coverage 128/128
oregon-white-oak-3407793930 bare 0 beauty 16/128
oregon-white-oak-3407793930 bare 0 beauty 32/128
oregon-white-oak-3407793930 bare 0 beauty 48/128
oregon-white-oak-3407793930 bare 0 beauty 64/128
oregon-white-oak-3407793930 bare 0 beauty 80/128
oregon-white-oak-3407793930 bare 0 beauty 96/128
oregon-white-oak-3407793930 bare 0 beauty 112/128
oregon-white-oak-3407793930 bare 0 beauty 128/128
oregon-white-oak-3407793930 bare 0 coverage 16/128
oregon-white-oak-3407793930 bare 0 coverage 32/128
oregon-white-oak-3407793930 bare 0 coverage 48/128
oregon-white-oak-3407793930 bare 0 coverage 64/128
oregon-white-oak-3407793930 bare 0 coverage 80/128
oregon-white-oak-3407793930 bare 0 coverage 96/128
oregon-white-oak-3407793930 bare 0 coverage 112/128
oregon-white-oak-3407793930 bare 0 coverage 128/128
oregon-white-oak-3407793930 bare 90 beauty 16/128
oregon-white-oak-3407793930 bare 90 beauty 32/128
oregon-white-oak-3407793930 bare 90 beauty 48/128
oregon-white-oak-3407793930 bare 90 beauty 64/128
oregon-white-oak-3407793930 bare 90 beauty 80/128
oregon-white-oak-3407793930 bare 90 beauty 96/128
oregon-white-oak-3407793930 bare 90 beauty 112/128
oregon-white-oak-3407793930 bare 90 beauty 128/128
oregon-white-oak-3407793930 bare 90 coverage 16/128
oregon-white-oak-3407793930 bare 90 coverage 32/128
oregon-white-oak-3407793930 bare 90 coverage 48/128
oregon-white-oak-3407793930 bare 90 coverage 64/128
oregon-white-oak-3407793930 bare 90 coverage 80/128
oregon-white-oak-3407793930 bare 90 coverage 96/128
oregon-white-oak-3407793930 bare 90 coverage 112/128
oregon-white-oak-3407793930 bare 90 coverage 128/128
oregon-white-oak-3407793930 base 0 beauty 16/128
oregon-white-oak-3407793930 base 0 beauty 32/128
oregon-white-oak-3407793930 base 0 beauty 48/128
oregon-white-oak-3407793930 base 0 beauty 64/128
oregon-white-oak-3407793930 base 0 beauty 80/128
oregon-white-oak-3407793930 base 0 beauty 96/128
oregon-white-oak-3407793930 base 0 beauty 112/128
oregon-white-oak-3407793930 base 0 beauty 128/128
oregon-white-oak-3407793930 base 0 coverage 16/128
oregon-white-oak-3407793930 base 0 coverage 32/128
oregon-white-oak-3407793930 base 0 coverage 48/128
oregon-white-oak-3407793930 base 0 coverage 64/128
oregon-white-oak-3407793930 base 0 coverage 80/128
oregon-white-oak-3407793930 base 0 coverage 96/128
oregon-white-oak-3407793930 base 0 coverage 112/128
oregon-white-oak-3407793930 base 0 coverage 128/128
oregon-white-oak-3407793930 fork 0 beauty 16/128
oregon-white-oak-3407793930 fork 0 beauty 32/128
oregon-white-oak-3407793930 fork 0 beauty 48/128
oregon-white-oak-3407793930 fork 0 beauty 64/128
oregon-white-oak-3407793930 fork 0 beauty 80/128
oregon-white-oak-3407793930 fork 0 beauty 96/128
oregon-white-oak-3407793930 fork 0 beauty 112/128
oregon-white-oak-3407793930 fork 0 beauty 128/128
oregon-white-oak-3407793930 fork 0 coverage 16/128
oregon-white-oak-3407793930 fork 0 coverage 32/128
oregon-white-oak-3407793930 fork 0 coverage 48/128
oregon-white-oak-3407793930 fork 0 coverage 64/128
oregon-white-oak-3407793930 fork 0 coverage 80/128
oregon-white-oak-3407793930 fork 0 coverage 96/128
oregon-white-oak-3407793930 fork 0 coverage 112/128
oregon-white-oak-3407793930 fork 0 coverage 128/128
oregon-white-oak-3407793930 attached-shoot 0 beauty 16/128
oregon-white-oak-3407793930 attached-shoot 0 beauty 32/128
oregon-white-oak-3407793930 attached-shoot 0 beauty 48/128
oregon-white-oak-3407793930 attached-shoot 0 beauty 64/128
oregon-white-oak-3407793930 attached-shoot 0 beauty 80/128
oregon-white-oak-3407793930 attached-shoot 0 beauty 96/128
oregon-white-oak-3407793930 attached-shoot 0 beauty 112/128
oregon-white-oak-3407793930 attached-shoot 0 beauty 128/128
oregon-white-oak-3407793930 attached-shoot 0 coverage 16/128
oregon-white-oak-3407793930 attached-shoot 0 coverage 32/128
oregon-white-oak-3407793930 attached-shoot 0 coverage 48/128
oregon-white-oak-3407793930 attached-shoot 0 coverage 64/128
oregon-white-oak-3407793930 attached-shoot 0 coverage 80/128
oregon-white-oak-3407793930 attached-shoot 0 coverage 96/128
oregon-white-oak-3407793930 attached-shoot 0 coverage 112/128
oregon-white-oak-3407793930 attached-shoot 0 coverage 128/128
oregon-white-oak-1701335265 whole 0 beauty 16/128
oregon-white-oak-1701335265 whole 0 beauty 32/128
oregon-white-oak-1701335265 whole 0 beauty 48/128
oregon-white-oak-1701335265 whole 0 beauty 64/128
oregon-white-oak-1701335265 whole 0 beauty 80/128
oregon-white-oak-1701335265 whole 0 beauty 96/128
oregon-white-oak-1701335265 whole 0 beauty 112/128
oregon-white-oak-1701335265 whole 0 beauty 128/128
oregon-white-oak-1701335265 whole 0 coverage 16/128
oregon-white-oak-1701335265 whole 0 coverage 32/128
oregon-white-oak-1701335265 whole 0 coverage 48/128
oregon-white-oak-1701335265 whole 0 coverage 64/128
oregon-white-oak-1701335265 whole 0 coverage 80/128
oregon-white-oak-1701335265 whole 0 coverage 96/128
oregon-white-oak-1701335265 whole 0 coverage 112/128
oregon-white-oak-1701335265 whole 0 coverage 128/128
oregon-white-oak-1701335265 whole 90 beauty 16/128
oregon-white-oak-1701335265 whole 90 beauty 32/128
oregon-white-oak-1701335265 whole 90 beauty 48/128
oregon-white-oak-1701335265 whole 90 beauty 64/128
oregon-white-oak-1701335265 whole 90 beauty 80/128
oregon-white-oak-1701335265 whole 90 beauty 96/128
oregon-white-oak-1701335265 whole 90 beauty 112/128
oregon-white-oak-1701335265 whole 90 beauty 128/128
oregon-white-oak-1701335265 whole 90 coverage 16/128
oregon-white-oak-1701335265 whole 90 coverage 32/128
oregon-white-oak-1701335265 whole 90 coverage 48/128
oregon-white-oak-1701335265 whole 90 coverage 64/128
oregon-white-oak-1701335265 whole 90 coverage 80/128
oregon-white-oak-1701335265 whole 90 coverage 96/128
oregon-white-oak-1701335265 whole 90 coverage 112/128
oregon-white-oak-1701335265 whole 90 coverage 128/128
oregon-white-oak-1701335265 bare 0 beauty 16/128
oregon-white-oak-1701335265 bare 0 beauty 32/128
oregon-white-oak-1701335265 bare 0 beauty 48/128
oregon-white-oak-1701335265 bare 0 beauty 64/128
oregon-white-oak-1701335265 bare 0 beauty 80/128
oregon-white-oak-1701335265 bare 0 beauty 96/128
oregon-white-oak-1701335265 bare 0 beauty 112/128
oregon-white-oak-1701335265 bare 0 beauty 128/128
oregon-white-oak-1701335265 bare 0 coverage 16/128
oregon-white-oak-1701335265 bare 0 coverage 32/128
oregon-white-oak-1701335265 bare 0 coverage 48/128
oregon-white-oak-1701335265 bare 0 coverage 64/128
oregon-white-oak-1701335265 bare 0 coverage 80/128
oregon-white-oak-1701335265 bare 0 coverage 96/128
oregon-white-oak-1701335265 bare 0 coverage 112/128
oregon-white-oak-1701335265 bare 0 coverage 128/128
oregon-white-oak-1701335265 bare 90 beauty 16/128
oregon-white-oak-1701335265 bare 90 beauty 32/128
oregon-white-oak-1701335265 bare 90 beauty 48/128
oregon-white-oak-1701335265 bare 90 beauty 64/128
oregon-white-oak-1701335265 bare 90 beauty 80/128
oregon-white-oak-1701335265 bare 90 beauty 96/128
oregon-white-oak-1701335265 bare 90 beauty 112/128
oregon-white-oak-1701335265 bare 90 beauty 128/128
oregon-white-oak-1701335265 bare 90 coverage 16/128
oregon-white-oak-1701335265 bare 90 coverage 32/128
oregon-white-oak-1701335265 bare 90 coverage 48/128
oregon-white-oak-1701335265 bare 90 coverage 64/128
oregon-white-oak-1701335265 bare 90 coverage 80/128
oregon-white-oak-1701335265 bare 90 coverage 96/128
oregon-white-oak-1701335265 bare 90 coverage 112/128
oregon-white-oak-1701335265 bare 90 coverage 128/128
oregon-white-oak-1701335265 base 0 beauty 16/128
oregon-white-oak-1701335265 base 0 beauty 32/128
oregon-white-oak-1701335265 base 0 beauty 48/128
oregon-white-oak-1701335265 base 0 beauty 64/128
oregon-white-oak-1701335265 base 0 beauty 80/128
oregon-white-oak-1701335265 base 0 beauty 96/128
oregon-white-oak-1701335265 base 0 beauty 112/128
oregon-white-oak-1701335265 base 0 beauty 128/128
oregon-white-oak-1701335265 base 0 coverage 16/128
oregon-white-oak-1701335265 base 0 coverage 32/128
oregon-white-oak-1701335265 base 0 coverage 48/128
oregon-white-oak-1701335265 base 0 coverage 64/128
oregon-white-oak-1701335265 base 0 coverage 80/128
oregon-white-oak-1701335265 base 0 coverage 96/128
oregon-white-oak-1701335265 base 0 coverage 112/128
oregon-white-oak-1701335265 base 0 coverage 128/128
oregon-white-oak-1701335265 fork 0 beauty 16/128
oregon-white-oak-1701335265 fork 0 beauty 32/128
oregon-white-oak-1701335265 fork 0 beauty 48/128
oregon-white-oak-1701335265 fork 0 beauty 64/128
oregon-white-oak-1701335265 fork 0 beauty 80/128
oregon-white-oak-1701335265 fork 0 beauty 96/128
oregon-white-oak-1701335265 fork 0 beauty 112/128
oregon-white-oak-1701335265 fork 0 beauty 128/128
oregon-white-oak-1701335265 fork 0 coverage 16/128
oregon-white-oak-1701335265 fork 0 coverage 32/128
oregon-white-oak-1701335265 fork 0 coverage 48/128
oregon-white-oak-1701335265 fork 0 coverage 64/128
oregon-white-oak-1701335265 fork 0 coverage 80/128
oregon-white-oak-1701335265 fork 0 coverage 96/128
oregon-white-oak-1701335265 fork 0 coverage 112/128
oregon-white-oak-1701335265 fork 0 coverage 128/128
oregon-white-oak-1701335265 attached-shoot 0 beauty 16/128
oregon-white-oak-1701335265 attached-shoot 0 beauty 32/128
oregon-white-oak-1701335265 attached-shoot 0 beauty 48/128
oregon-white-oak-1701335265 attached-shoot 0 beauty 64/128
oregon-white-oak-1701335265 attached-shoot 0 beauty 80/128
oregon-white-oak-1701335265 attached-shoot 0 beauty 96/128
oregon-white-oak-1701335265 attached-shoot 0 beauty 112/128
oregon-white-oak-1701335265 attached-shoot 0 beauty 128/128
oregon-white-oak-1701335265 attached-shoot 0 coverage 16/128
oregon-white-oak-1701335265 attached-shoot 0 coverage 32/128
oregon-white-oak-1701335265 attached-shoot 0 coverage 48/128
oregon-white-oak-1701335265 attached-shoot 0 coverage 64/128
oregon-white-oak-1701335265 attached-shoot 0 coverage 80/128
oregon-white-oak-1701335265 attached-shoot 0 coverage 96/128
oregon-white-oak-1701335265 attached-shoot 0 coverage 112/128
oregon-white-oak-1701335265 attached-shoot 0 coverage 128/128
oregon-white-oak-1462003817 whole 0 beauty 16/128
oregon-white-oak-1462003817 whole 0 beauty 32/128
oregon-white-oak-1462003817 whole 0 beauty 48/128
oregon-white-oak-1462003817 whole 0 beauty 64/128
oregon-white-oak-1462003817 whole 0 beauty 80/128
oregon-white-oak-1462003817 whole 0 beauty 96/128
oregon-white-oak-1462003817 whole 0 beauty 112/128
oregon-white-oak-1462003817 whole 0 beauty 128/128
oregon-white-oak-1462003817 whole 0 coverage 16/128
oregon-white-oak-1462003817 whole 0 coverage 32/128
oregon-white-oak-1462003817 whole 0 coverage 48/128
oregon-white-oak-1462003817 whole 0 coverage 64/128
oregon-white-oak-1462003817 whole 0 coverage 80/128
oregon-white-oak-1462003817 whole 0 coverage 96/128
oregon-white-oak-1462003817 whole 0 coverage 112/128
oregon-white-oak-1462003817 whole 0 coverage 128/128
oregon-white-oak-1462003817 whole 90 beauty 16/128
oregon-white-oak-1462003817 whole 90 beauty 32/128
oregon-white-oak-1462003817 whole 90 beauty 48/128
oregon-white-oak-1462003817 whole 90 beauty 64/128
oregon-white-oak-1462003817 whole 90 beauty 80/128
oregon-white-oak-1462003817 whole 90 beauty 96/128
oregon-white-oak-1462003817 whole 90 beauty 112/128
oregon-white-oak-1462003817 whole 90 beauty 128/128
oregon-white-oak-1462003817 whole 90 coverage 16/128
oregon-white-oak-1462003817 whole 90 coverage 32/128
oregon-white-oak-1462003817 whole 90 coverage 48/128
oregon-white-oak-1462003817 whole 90 coverage 64/128
oregon-white-oak-1462003817 whole 90 coverage 80/128
oregon-white-oak-1462003817 whole 90 coverage 96/128
oregon-white-oak-1462003817 whole 90 coverage 112/128
oregon-white-oak-1462003817 whole 90 coverage 128/128
oregon-white-oak-1462003817 bare 0 beauty 16/128
oregon-white-oak-1462003817 bare 0 beauty 32/128
oregon-white-oak-1462003817 bare 0 beauty 48/128
oregon-white-oak-1462003817 bare 0 beauty 64/128
oregon-white-oak-1462003817 bare 0 beauty 80/128
oregon-white-oak-1462003817 bare 0 beauty 96/128
oregon-white-oak-1462003817 bare 0 beauty 112/128
oregon-white-oak-1462003817 bare 0 beauty 128/128
oregon-white-oak-1462003817 bare 0 coverage 16/128
oregon-white-oak-1462003817 bare 0 coverage 32/128
oregon-white-oak-1462003817 bare 0 coverage 48/128
oregon-white-oak-1462003817 bare 0 coverage 64/128
oregon-white-oak-1462003817 bare 0 coverage 80/128
oregon-white-oak-1462003817 bare 0 coverage 96/128
oregon-white-oak-1462003817 bare 0 coverage 112/128
oregon-white-oak-1462003817 bare 0 coverage 128/128
oregon-white-oak-1462003817 bare 90 beauty 16/128
oregon-white-oak-1462003817 bare 90 beauty 32/128
oregon-white-oak-1462003817 bare 90 beauty 48/128
oregon-white-oak-1462003817 bare 90 beauty 64/128
oregon-white-oak-1462003817 bare 90 beauty 80/128
oregon-white-oak-1462003817 bare 90 beauty 96/128
oregon-white-oak-1462003817 bare 90 beauty 112/128
oregon-white-oak-1462003817 bare 90 beauty 128/128
oregon-white-oak-1462003817 bare 90 coverage 16/128
oregon-white-oak-1462003817 bare 90 coverage 32/128
oregon-white-oak-1462003817 bare 90 coverage 48/128
oregon-white-oak-1462003817 bare 90 coverage 64/128
oregon-white-oak-1462003817 bare 90 coverage 80/128
oregon-white-oak-1462003817 bare 90 coverage 96/128
oregon-white-oak-1462003817 bare 90 coverage 112/128
oregon-white-oak-1462003817 bare 90 coverage 128/128
oregon-white-oak-1462003817 base 0 beauty 16/128
oregon-white-oak-1462003817 base 0 beauty 32/128
oregon-white-oak-1462003817 base 0 beauty 48/128
oregon-white-oak-1462003817 base 0 beauty 64/128
oregon-white-oak-1462003817 base 0 beauty 80/128
oregon-white-oak-1462003817 base 0 beauty 96/128
oregon-white-oak-1462003817 base 0 beauty 112/128
oregon-white-oak-1462003817 base 0 beauty 128/128
oregon-white-oak-1462003817 base 0 coverage 16/128
oregon-white-oak-1462003817 base 0 coverage 32/128
oregon-white-oak-1462003817 base 0 coverage 48/128
oregon-white-oak-1462003817 base 0 coverage 64/128
oregon-white-oak-1462003817 base 0 coverage 80/128
oregon-white-oak-1462003817 base 0 coverage 96/128
oregon-white-oak-1462003817 base 0 coverage 112/128
oregon-white-oak-1462003817 base 0 coverage 128/128
oregon-white-oak-1462003817 fork 0 beauty 16/128
oregon-white-oak-1462003817 fork 0 beauty 32/128
oregon-white-oak-1462003817 fork 0 beauty 48/128
oregon-white-oak-1462003817 fork 0 beauty 64/128
oregon-white-oak-1462003817 fork 0 beauty 80/128
oregon-white-oak-1462003817 fork 0 beauty 96/128
oregon-white-oak-1462003817 fork 0 beauty 112/128
oregon-white-oak-1462003817 fork 0 beauty 128/128
oregon-white-oak-1462003817 fork 0 coverage 16/128
oregon-white-oak-1462003817 fork 0 coverage 32/128
oregon-white-oak-1462003817 fork 0 coverage 48/128
oregon-white-oak-1462003817 fork 0 coverage 64/128
oregon-white-oak-1462003817 fork 0 coverage 80/128
oregon-white-oak-1462003817 fork 0 coverage 96/128
oregon-white-oak-1462003817 fork 0 coverage 112/128
oregon-white-oak-1462003817 fork 0 coverage 128/128
oregon-white-oak-1462003817 attached-shoot 0 beauty 16/128
oregon-white-oak-1462003817 attached-shoot 0 beauty 32/128
oregon-white-oak-1462003817 attached-shoot 0 beauty 48/128
oregon-white-oak-1462003817 attached-shoot 0 beauty 64/128
oregon-white-oak-1462003817 attached-shoot 0 beauty 80/128
oregon-white-oak-1462003817 attached-shoot 0 beauty 96/128
oregon-white-oak-1462003817 attached-shoot 0 beauty 112/128
oregon-white-oak-1462003817 attached-shoot 0 beauty 128/128
oregon-white-oak-1462003817 attached-shoot 0 coverage 16/128
oregon-white-oak-1462003817 attached-shoot 0 coverage 32/128
oregon-white-oak-1462003817 attached-shoot 0 coverage 48/128
oregon-white-oak-1462003817 attached-shoot 0 coverage 64/128
oregon-white-oak-1462003817 attached-shoot 0 coverage 80/128
oregon-white-oak-1462003817 attached-shoot 0 coverage 96/128
oregon-white-oak-1462003817 attached-shoot 0 coverage 112/128
oregon-white-oak-1462003817 attached-shoot 0 coverage 128/128
norway-spruce-1 whole 0 beauty 16/128
norway-spruce-1 whole 0 beauty 32/128
norway-spruce-1 whole 0 beauty 48/128
norway-spruce-1 whole 0 beauty 64/128
norway-spruce-1 whole 0 beauty 80/128
norway-spruce-1 whole 0 beauty 96/128
norway-spruce-1 whole 0 beauty 112/128
norway-spruce-1 whole 0 beauty 128/128
norway-spruce-1 whole 0 coverage 16/128
norway-spruce-1 whole 0 coverage 32/128
norway-spruce-1 whole 0 coverage 48/128
norway-spruce-1 whole 0 coverage 64/128
norway-spruce-1 whole 0 coverage 80/128
norway-spruce-1 whole 0 coverage 96/128
norway-spruce-1 whole 0 coverage 112/128
norway-spruce-1 whole 0 coverage 128/128
norway-spruce-1 whole 90 beauty 16/128
norway-spruce-1 whole 90 beauty 32/128
norway-spruce-1 whole 90 beauty 48/128
norway-spruce-1 whole 90 beauty 64/128
norway-spruce-1 whole 90 beauty 80/128
norway-spruce-1 whole 90 beauty 96/128
norway-spruce-1 whole 90 beauty 112/128
norway-spruce-1 whole 90 beauty 128/128
norway-spruce-1 whole 90 coverage 16/128
norway-spruce-1 whole 90 coverage 32/128
norway-spruce-1 whole 90 coverage 48/128
norway-spruce-1 whole 90 coverage 64/128
norway-spruce-1 whole 90 coverage 80/128
norway-spruce-1 whole 90 coverage 96/128
norway-spruce-1 whole 90 coverage 112/128
norway-spruce-1 whole 90 coverage 128/128
norway-spruce-1 bare 0 beauty 16/128
norway-spruce-1 bare 0 beauty 32/128
norway-spruce-1 bare 0 beauty 48/128
norway-spruce-1 bare 0 beauty 64/128
norway-spruce-1 bare 0 beauty 80/128
norway-spruce-1 bare 0 beauty 96/128
norway-spruce-1 bare 0 beauty 112/128
norway-spruce-1 bare 0 beauty 128/128
norway-spruce-1 bare 0 coverage 16/128
norway-spruce-1 bare 0 coverage 32/128
norway-spruce-1 bare 0 coverage 48/128
norway-spruce-1 bare 0 coverage 64/128
norway-spruce-1 bare 0 coverage 80/128
norway-spruce-1 bare 0 coverage 96/128
norway-spruce-1 bare 0 coverage 112/128
norway-spruce-1 bare 0 coverage 128/128
norway-spruce-1 bare 90 beauty 16/128
norway-spruce-1 bare 90 beauty 32/128
norway-spruce-1 bare 90 beauty 48/128
norway-spruce-1 bare 90 beauty 64/128
norway-spruce-1 bare 90 beauty 80/128
norway-spruce-1 bare 90 beauty 96/128
norway-spruce-1 bare 90 beauty 112/128
norway-spruce-1 bare 90 beauty 128/128
norway-spruce-1 bare 90 coverage 16/128
norway-spruce-1 bare 90 coverage 32/128
norway-spruce-1 bare 90 coverage 48/128
norway-spruce-1 bare 90 coverage 64/128
norway-spruce-1 bare 90 coverage 80/128
norway-spruce-1 bare 90 coverage 96/128
norway-spruce-1 bare 90 coverage 112/128
norway-spruce-1 bare 90 coverage 128/128
norway-spruce-1 base 0 beauty 16/128
norway-spruce-1 base 0 beauty 32/128
norway-spruce-1 base 0 beauty 48/128
norway-spruce-1 base 0 beauty 64/128
norway-spruce-1 base 0 beauty 80/128
norway-spruce-1 base 0 beauty 96/128
norway-spruce-1 base 0 beauty 112/128
norway-spruce-1 base 0 beauty 128/128
norway-spruce-1 base 0 coverage 16/128
norway-spruce-1 base 0 coverage 32/128
norway-spruce-1 base 0 coverage 48/128
norway-spruce-1 base 0 coverage 64/128
norway-spruce-1 base 0 coverage 80/128
norway-spruce-1 base 0 coverage 96/128
norway-spruce-1 base 0 coverage 112/128
norway-spruce-1 base 0 coverage 128/128
norway-spruce-1 fork 0 beauty 16/128
norway-spruce-1 fork 0 beauty 32/128
norway-spruce-1 fork 0 beauty 48/128
norway-spruce-1 fork 0 beauty 64/128
norway-spruce-1 fork 0 beauty 80/128
norway-spruce-1 fork 0 beauty 96/128
norway-spruce-1 fork 0 beauty 112/128
norway-spruce-1 fork 0 beauty 128/128
norway-spruce-1 fork 0 coverage 16/128
norway-spruce-1 fork 0 coverage 32/128
norway-spruce-1 fork 0 coverage 48/128
norway-spruce-1 fork 0 coverage 64/128
norway-spruce-1 fork 0 coverage 80/128
norway-spruce-1 fork 0 coverage 96/128
norway-spruce-1 fork 0 coverage 112/128
norway-spruce-1 fork 0 coverage 128/128
norway-spruce-1 attached-shoot 0 beauty 16/128
norway-spruce-1 attached-shoot 0 beauty 32/128
norway-spruce-1 attached-shoot 0 beauty 48/128
norway-spruce-1 attached-shoot 0 beauty 64/128
norway-spruce-1 attached-shoot 0 beauty 80/128
norway-spruce-1 attached-shoot 0 beauty 96/128
norway-spruce-1 attached-shoot 0 beauty 112/128
norway-spruce-1 attached-shoot 0 beauty 128/128
norway-spruce-1 attached-shoot 0 coverage 16/128
norway-spruce-1 attached-shoot 0 coverage 32/128
norway-spruce-1 attached-shoot 0 coverage 48/128
norway-spruce-1 attached-shoot 0 coverage 64/128
norway-spruce-1 attached-shoot 0 coverage 80/128
norway-spruce-1 attached-shoot 0 coverage 96/128
norway-spruce-1 attached-shoot 0 coverage 112/128
norway-spruce-1 attached-shoot 0 coverage 128/128
norway-spruce-2 whole 0 beauty 16/128
norway-spruce-2 whole 0 beauty 32/128
norway-spruce-2 whole 0 beauty 48/128
norway-spruce-2 whole 0 beauty 64/128
norway-spruce-2 whole 0 beauty 80/128
norway-spruce-2 whole 0 beauty 96/128
norway-spruce-2 whole 0 beauty 112/128
norway-spruce-2 whole 0 beauty 128/128
norway-spruce-2 whole 0 coverage 16/128
norway-spruce-2 whole 0 coverage 32/128
norway-spruce-2 whole 0 coverage 48/128
norway-spruce-2 whole 0 coverage 64/128
norway-spruce-2 whole 0 coverage 80/128
norway-spruce-2 whole 0 coverage 96/128
norway-spruce-2 whole 0 coverage 112/128
norway-spruce-2 whole 0 coverage 128/128
norway-spruce-2 whole 90 beauty 16/128
norway-spruce-2 whole 90 beauty 32/128
norway-spruce-2 whole 90 beauty 48/128
norway-spruce-2 whole 90 beauty 64/128
norway-spruce-2 whole 90 beauty 80/128
norway-spruce-2 whole 90 beauty 96/128
norway-spruce-2 whole 90 beauty 112/128
norway-spruce-2 whole 90 beauty 128/128
norway-spruce-2 whole 90 coverage 16/128
norway-spruce-2 whole 90 coverage 32/128
norway-spruce-2 whole 90 coverage 48/128
norway-spruce-2 whole 90 coverage 64/128
norway-spruce-2 whole 90 coverage 80/128
norway-spruce-2 whole 90 coverage 96/128
norway-spruce-2 whole 90 coverage 112/128
norway-spruce-2 whole 90 coverage 128/128
norway-spruce-2 bare 0 beauty 16/128
norway-spruce-2 bare 0 beauty 32/128
norway-spruce-2 bare 0 beauty 48/128
norway-spruce-2 bare 0 beauty 64/128
norway-spruce-2 bare 0 beauty 80/128
norway-spruce-2 bare 0 beauty 96/128
norway-spruce-2 bare 0 beauty 112/128
norway-spruce-2 bare 0 beauty 128/128
norway-spruce-2 bare 0 coverage 16/128
norway-spruce-2 bare 0 coverage 32/128
norway-spruce-2 bare 0 coverage 48/128
norway-spruce-2 bare 0 coverage 64/128
norway-spruce-2 bare 0 coverage 80/128
norway-spruce-2 bare 0 coverage 96/128
norway-spruce-2 bare 0 coverage 112/128
norway-spruce-2 bare 0 coverage 128/128
norway-spruce-2 bare 90 beauty 16/128
norway-spruce-2 bare 90 beauty 32/128
norway-spruce-2 bare 90 beauty 48/128
norway-spruce-2 bare 90 beauty 64/128
norway-spruce-2 bare 90 beauty 80/128
norway-spruce-2 bare 90 beauty 96/128
norway-spruce-2 bare 90 beauty 112/128
norway-spruce-2 bare 90 beauty 128/128
norway-spruce-2 bare 90 coverage 16/128
norway-spruce-2 bare 90 coverage 32/128
norway-spruce-2 bare 90 coverage 48/128
norway-spruce-2 bare 90 coverage 64/128
norway-spruce-2 bare 90 coverage 80/128
norway-spruce-2 bare 90 coverage 96/128
norway-spruce-2 bare 90 coverage 112/128
norway-spruce-2 bare 90 coverage 128/128
norway-spruce-2 base 0 beauty 16/128
norway-spruce-2 base 0 beauty 32/128
norway-spruce-2 base 0 beauty 48/128
norway-spruce-2 base 0 beauty 64/128
norway-spruce-2 base 0 beauty 80/128
norway-spruce-2 base 0 beauty 96/128
norway-spruce-2 base 0 beauty 112/128
norway-spruce-2 base 0 beauty 128/128
norway-spruce-2 base 0 coverage 16/128
norway-spruce-2 base 0 coverage 32/128
norway-spruce-2 base 0 coverage 48/128
norway-spruce-2 base 0 coverage 64/128
norway-spruce-2 base 0 coverage 80/128
norway-spruce-2 base 0 coverage 96/128
norway-spruce-2 base 0 coverage 112/128
norway-spruce-2 base 0 coverage 128/128
norway-spruce-2 fork 0 beauty 16/128
norway-spruce-2 fork 0 beauty 32/128
norway-spruce-2 fork 0 beauty 48/128
norway-spruce-2 fork 0 beauty 64/128
norway-spruce-2 fork 0 beauty 80/128
norway-spruce-2 fork 0 beauty 96/128
norway-spruce-2 fork 0 beauty 112/128
norway-spruce-2 fork 0 beauty 128/128
norway-spruce-2 fork 0 coverage 16/128
norway-spruce-2 fork 0 coverage 32/128
norway-spruce-2 fork 0 coverage 48/128
norway-spruce-2 fork 0 coverage 64/128
norway-spruce-2 fork 0 coverage 80/128
norway-spruce-2 fork 0 coverage 96/128
norway-spruce-2 fork 0 coverage 112/128
norway-spruce-2 fork 0 coverage 128/128
norway-spruce-2 attached-shoot 0 beauty 16/128
norway-spruce-2 attached-shoot 0 beauty 32/128
norway-spruce-2 attached-shoot 0 beauty 48/128
norway-spruce-2 attached-shoot 0 beauty 64/128
norway-spruce-2 attached-shoot 0 beauty 80/128
norway-spruce-2 attached-shoot 0 beauty 96/128
norway-spruce-2 attached-shoot 0 beauty 112/128
norway-spruce-2 attached-shoot 0 beauty 128/128
norway-spruce-2 attached-shoot 0 coverage 16/128
norway-spruce-2 attached-shoot 0 coverage 32/128
norway-spruce-2 attached-shoot 0 coverage 48/128
norway-spruce-2 attached-shoot 0 coverage 64/128
norway-spruce-2 attached-shoot 0 coverage 80/128
norway-spruce-2 attached-shoot 0 coverage 96/128
norway-spruce-2 attached-shoot 0 coverage 112/128
norway-spruce-2 attached-shoot 0 coverage 128/128
norway-spruce-3 whole 0 beauty 16/128
norway-spruce-3 whole 0 beauty 32/128
norway-spruce-3 whole 0 beauty 48/128
norway-spruce-3 whole 0 beauty 64/128
norway-spruce-3 whole 0 beauty 80/128
norway-spruce-3 whole 0 beauty 96/128
norway-spruce-3 whole 0 beauty 112/128
norway-spruce-3 whole 0 beauty 128/128
norway-spruce-3 whole 0 coverage 16/128
norway-spruce-3 whole 0 coverage 32/128
norway-spruce-3 whole 0 coverage 48/128
norway-spruce-3 whole 0 coverage 64/128
norway-spruce-3 whole 0 coverage 80/128
norway-spruce-3 whole 0 coverage 96/128
norway-spruce-3 whole 0 coverage 112/128
norway-spruce-3 whole 0 coverage 128/128
norway-spruce-3 whole 90 beauty 16/128
norway-spruce-3 whole 90 beauty 32/128
norway-spruce-3 whole 90 beauty 48/128
norway-spruce-3 whole 90 beauty 64/128
norway-spruce-3 whole 90 beauty 80/128
norway-spruce-3 whole 90 beauty 96/128
norway-spruce-3 whole 90 beauty 112/128
norway-spruce-3 whole 90 beauty 128/128
norway-spruce-3 whole 90 coverage 16/128
norway-spruce-3 whole 90 coverage 32/128
norway-spruce-3 whole 90 coverage 48/128
norway-spruce-3 whole 90 coverage 64/128
norway-spruce-3 whole 90 coverage 80/128
norway-spruce-3 whole 90 coverage 96/128
norway-spruce-3 whole 90 coverage 112/128
norway-spruce-3 whole 90 coverage 128/128
norway-spruce-3 bare 0 beauty 16/128
norway-spruce-3 bare 0 beauty 32/128
norway-spruce-3 bare 0 beauty 48/128
norway-spruce-3 bare 0 beauty 64/128
norway-spruce-3 bare 0 beauty 80/128
norway-spruce-3 bare 0 beauty 96/128
norway-spruce-3 bare 0 beauty 112/128
norway-spruce-3 bare 0 beauty 128/128
norway-spruce-3 bare 0 coverage 16/128
norway-spruce-3 bare 0 coverage 32/128
norway-spruce-3 bare 0 coverage 48/128
norway-spruce-3 bare 0 coverage 64/128
norway-spruce-3 bare 0 coverage 80/128
norway-spruce-3 bare 0 coverage 96/128
norway-spruce-3 bare 0 coverage 112/128
norway-spruce-3 bare 0 coverage 128/128
norway-spruce-3 bare 90 beauty 16/128
norway-spruce-3 bare 90 beauty 32/128
norway-spruce-3 bare 90 beauty 48/128
norway-spruce-3 bare 90 beauty 64/128
norway-spruce-3 bare 90 beauty 80/128
norway-spruce-3 bare 90 beauty 96/128
norway-spruce-3 bare 90 beauty 112/128
norway-spruce-3 bare 90 beauty 128/128
norway-spruce-3 bare 90 coverage 16/128
norway-spruce-3 bare 90 coverage 32/128
norway-spruce-3 bare 90 coverage 48/128
norway-spruce-3 bare 90 coverage 64/128
norway-spruce-3 bare 90 coverage 80/128
norway-spruce-3 bare 90 coverage 96/128
norway-spruce-3 bare 90 coverage 112/128
norway-spruce-3 bare 90 coverage 128/128
norway-spruce-3 base 0 beauty 16/128
norway-spruce-3 base 0 beauty 32/128
norway-spruce-3 base 0 beauty 48/128
norway-spruce-3 base 0 beauty 64/128
norway-spruce-3 base 0 beauty 80/128
norway-spruce-3 base 0 beauty 96/128
norway-spruce-3 base 0 beauty 112/128
norway-spruce-3 base 0 beauty 128/128
norway-spruce-3 base 0 coverage 16/128
norway-spruce-3 base 0 coverage 32/128
norway-spruce-3 base 0 coverage 48/128
norway-spruce-3 base 0 coverage 64/128
norway-spruce-3 base 0 coverage 80/128
norway-spruce-3 base 0 coverage 96/128
norway-spruce-3 base 0 coverage 112/128
norway-spruce-3 base 0 coverage 128/128
norway-spruce-3 fork 0 beauty 16/128
norway-spruce-3 fork 0 beauty 32/128
norway-spruce-3 fork 0 beauty 48/128
norway-spruce-3 fork 0 beauty 64/128
norway-spruce-3 fork 0 beauty 80/128
norway-spruce-3 fork 0 beauty 96/128
norway-spruce-3 fork 0 beauty 112/128
norway-spruce-3 fork 0 beauty 128/128
norway-spruce-3 fork 0 coverage 16/128
norway-spruce-3 fork 0 coverage 32/128
norway-spruce-3 fork 0 coverage 48/128
norway-spruce-3 fork 0 coverage 64/128
norway-spruce-3 fork 0 coverage 80/128
norway-spruce-3 fork 0 coverage 96/128
norway-spruce-3 fork 0 coverage 112/128
norway-spruce-3 fork 0 coverage 128/128
norway-spruce-3 attached-shoot 0 beauty 16/128
norway-spruce-3 attached-shoot 0 beauty 32/128
norway-spruce-3 attached-shoot 0 beauty 48/128
norway-spruce-3 attached-shoot 0 beauty 64/128
norway-spruce-3 attached-shoot 0 beauty 80/128
norway-spruce-3 attached-shoot 0 beauty 96/128
norway-spruce-3 attached-shoot 0 beauty 112/128
norway-spruce-3 attached-shoot 0 beauty 128/128
norway-spruce-3 attached-shoot 0 coverage 16/128
norway-spruce-3 attached-shoot 0 coverage 32/128
norway-spruce-3 attached-shoot 0 coverage 48/128
norway-spruce-3 attached-shoot 0 coverage 64/128
norway-spruce-3 attached-shoot 0 coverage 80/128
norway-spruce-3 attached-shoot 0 coverage 96/128
norway-spruce-3 attached-shoot 0 coverage 112/128
norway-spruce-3 attached-shoot 0 coverage 128/128
norway-spruce-3501386541 whole 0 beauty 16/128
norway-spruce-3501386541 whole 0 beauty 32/128
norway-spruce-3501386541 whole 0 beauty 48/128
norway-spruce-3501386541 whole 0 beauty 64/128
norway-spruce-3501386541 whole 0 beauty 80/128
norway-spruce-3501386541 whole 0 beauty 96/128
norway-spruce-3501386541 whole 0 beauty 112/128
norway-spruce-3501386541 whole 0 beauty 128/128
norway-spruce-3501386541 whole 0 coverage 16/128
norway-spruce-3501386541 whole 0 coverage 32/128
norway-spruce-3501386541 whole 0 coverage 48/128
norway-spruce-3501386541 whole 0 coverage 64/128
norway-spruce-3501386541 whole 0 coverage 80/128
norway-spruce-3501386541 whole 0 coverage 96/128
norway-spruce-3501386541 whole 0 coverage 112/128
norway-spruce-3501386541 whole 0 coverage 128/128
norway-spruce-3501386541 whole 90 beauty 16/128
norway-spruce-3501386541 whole 90 beauty 32/128
norway-spruce-3501386541 whole 90 beauty 48/128
norway-spruce-3501386541 whole 90 beauty 64/128
norway-spruce-3501386541 whole 90 beauty 80/128
norway-spruce-3501386541 whole 90 beauty 96/128
norway-spruce-3501386541 whole 90 beauty 112/128
norway-spruce-3501386541 whole 90 beauty 128/128
norway-spruce-3501386541 whole 90 coverage 16/128
norway-spruce-3501386541 whole 90 coverage 32/128
norway-spruce-3501386541 whole 90 coverage 48/128
norway-spruce-3501386541 whole 90 coverage 64/128
norway-spruce-3501386541 whole 90 coverage 80/128
norway-spruce-3501386541 whole 90 coverage 96/128
norway-spruce-3501386541 whole 90 coverage 112/128
norway-spruce-3501386541 whole 90 coverage 128/128
norway-spruce-3501386541 bare 0 beauty 16/128
norway-spruce-3501386541 bare 0 beauty 32/128
norway-spruce-3501386541 bare 0 beauty 48/128
norway-spruce-3501386541 bare 0 beauty 64/128
norway-spruce-3501386541 bare 0 beauty 80/128
norway-spruce-3501386541 bare 0 beauty 96/128
norway-spruce-3501386541 bare 0 beauty 112/128
norway-spruce-3501386541 bare 0 beauty 128/128
norway-spruce-3501386541 bare 0 coverage 16/128
norway-spruce-3501386541 bare 0 coverage 32/128
norway-spruce-3501386541 bare 0 coverage 48/128
norway-spruce-3501386541 bare 0 coverage 64/128
norway-spruce-3501386541 bare 0 coverage 80/128
norway-spruce-3501386541 bare 0 coverage 96/128
norway-spruce-3501386541 bare 0 coverage 112/128
norway-spruce-3501386541 bare 0 coverage 128/128
norway-spruce-3501386541 bare 90 beauty 16/128
norway-spruce-3501386541 bare 90 beauty 32/128
norway-spruce-3501386541 bare 90 beauty 48/128
norway-spruce-3501386541 bare 90 beauty 64/128
norway-spruce-3501386541 bare 90 beauty 80/128
norway-spruce-3501386541 bare 90 beauty 96/128
norway-spruce-3501386541 bare 90 beauty 112/128
norway-spruce-3501386541 bare 90 beauty 128/128
norway-spruce-3501386541 bare 90 coverage 16/128
norway-spruce-3501386541 bare 90 coverage 32/128
norway-spruce-3501386541 bare 90 coverage 48/128
norway-spruce-3501386541 bare 90 coverage 64/128
norway-spruce-3501386541 bare 90 coverage 80/128
norway-spruce-3501386541 bare 90 coverage 96/128
norway-spruce-3501386541 bare 90 coverage 112/128
norway-spruce-3501386541 bare 90 coverage 128/128
norway-spruce-3501386541 base 0 beauty 16/128
norway-spruce-3501386541 base 0 beauty 32/128
norway-spruce-3501386541 base 0 beauty 48/128
norway-spruce-3501386541 base 0 beauty 64/128
norway-spruce-3501386541 base 0 beauty 80/128
norway-spruce-3501386541 base 0 beauty 96/128
norway-spruce-3501386541 base 0 beauty 112/128
norway-spruce-3501386541 base 0 beauty 128/128
norway-spruce-3501386541 base 0 coverage 16/128
norway-spruce-3501386541 base 0 coverage 32/128
norway-spruce-3501386541 base 0 coverage 48/128
norway-spruce-3501386541 base 0 coverage 64/128
norway-spruce-3501386541 base 0 coverage 80/128
norway-spruce-3501386541 base 0 coverage 96/128
norway-spruce-3501386541 base 0 coverage 112/128
norway-spruce-3501386541 base 0 coverage 128/128
norway-spruce-3501386541 fork 0 beauty 16/128
norway-spruce-3501386541 fork 0 beauty 32/128
norway-spruce-3501386541 fork 0 beauty 48/128
norway-spruce-3501386541 fork 0 beauty 64/128
norway-spruce-3501386541 fork 0 beauty 80/128
norway-spruce-3501386541 fork 0 beauty 96/128
norway-spruce-3501386541 fork 0 beauty 112/128
norway-spruce-3501386541 fork 0 beauty 128/128
norway-spruce-3501386541 fork 0 coverage 16/128
norway-spruce-3501386541 fork 0 coverage 32/128
norway-spruce-3501386541 fork 0 coverage 48/128
norway-spruce-3501386541 fork 0 coverage 64/128
norway-spruce-3501386541 fork 0 coverage 80/128
norway-spruce-3501386541 fork 0 coverage 96/128
norway-spruce-3501386541 fork 0 coverage 112/128
norway-spruce-3501386541 fork 0 coverage 128/128
norway-spruce-3501386541 attached-shoot 0 beauty 16/128
norway-spruce-3501386541 attached-shoot 0 beauty 32/128
norway-spruce-3501386541 attached-shoot 0 beauty 48/128
norway-spruce-3501386541 attached-shoot 0 beauty 64/128
norway-spruce-3501386541 attached-shoot 0 beauty 80/128
norway-spruce-3501386541 attached-shoot 0 beauty 96/128
norway-spruce-3501386541 attached-shoot 0 beauty 112/128
norway-spruce-3501386541 attached-shoot 0 beauty 128/128
norway-spruce-3501386541 attached-shoot 0 coverage 16/128
norway-spruce-3501386541 attached-shoot 0 coverage 32/128
norway-spruce-3501386541 attached-shoot 0 coverage 48/128
norway-spruce-3501386541 attached-shoot 0 coverage 64/128
norway-spruce-3501386541 attached-shoot 0 coverage 80/128
norway-spruce-3501386541 attached-shoot 0 coverage 96/128
norway-spruce-3501386541 attached-shoot 0 coverage 112/128
norway-spruce-3501386541 attached-shoot 0 coverage 128/128
norway-spruce-3258201723 whole 0 beauty 16/128
norway-spruce-3258201723 whole 0 beauty 32/128
norway-spruce-3258201723 whole 0 beauty 48/128
norway-spruce-3258201723 whole 0 beauty 64/128
norway-spruce-3258201723 whole 0 beauty 80/128
norway-spruce-3258201723 whole 0 beauty 96/128
norway-spruce-3258201723 whole 0 beauty 112/128
norway-spruce-3258201723 whole 0 beauty 128/128
norway-spruce-3258201723 whole 0 coverage 16/128
norway-spruce-3258201723 whole 0 coverage 32/128
norway-spruce-3258201723 whole 0 coverage 48/128
norway-spruce-3258201723 whole 0 coverage 64/128
norway-spruce-3258201723 whole 0 coverage 80/128
norway-spruce-3258201723 whole 0 coverage 96/128
norway-spruce-3258201723 whole 0 coverage 112/128
norway-spruce-3258201723 whole 0 coverage 128/128
norway-spruce-3258201723 whole 90 beauty 16/128
norway-spruce-3258201723 whole 90 beauty 32/128
norway-spruce-3258201723 whole 90 beauty 48/128
norway-spruce-3258201723 whole 90 beauty 64/128
norway-spruce-3258201723 whole 90 beauty 80/128
norway-spruce-3258201723 whole 90 beauty 96/128
norway-spruce-3258201723 whole 90 beauty 112/128
norway-spruce-3258201723 whole 90 beauty 128/128
norway-spruce-3258201723 whole 90 coverage 16/128
norway-spruce-3258201723 whole 90 coverage 32/128
norway-spruce-3258201723 whole 90 coverage 48/128
norway-spruce-3258201723 whole 90 coverage 64/128
norway-spruce-3258201723 whole 90 coverage 80/128
norway-spruce-3258201723 whole 90 coverage 96/128
norway-spruce-3258201723 whole 90 coverage 112/128
norway-spruce-3258201723 whole 90 coverage 128/128
norway-spruce-3258201723 bare 0 beauty 16/128
norway-spruce-3258201723 bare 0 beauty 32/128
norway-spruce-3258201723 bare 0 beauty 48/128
norway-spruce-3258201723 bare 0 beauty 64/128
norway-spruce-3258201723 bare 0 beauty 80/128
norway-spruce-3258201723 bare 0 beauty 96/128
norway-spruce-3258201723 bare 0 beauty 112/128
norway-spruce-3258201723 bare 0 beauty 128/128
norway-spruce-3258201723 bare 0 coverage 16/128
norway-spruce-3258201723 bare 0 coverage 32/128
norway-spruce-3258201723 bare 0 coverage 48/128
norway-spruce-3258201723 bare 0 coverage 64/128
norway-spruce-3258201723 bare 0 coverage 80/128
norway-spruce-3258201723 bare 0 coverage 96/128
norway-spruce-3258201723 bare 0 coverage 112/128
norway-spruce-3258201723 bare 0 coverage 128/128
norway-spruce-3258201723 bare 90 beauty 16/128
norway-spruce-3258201723 bare 90 beauty 32/128
norway-spruce-3258201723 bare 90 beauty 48/128
norway-spruce-3258201723 bare 90 beauty 64/128
norway-spruce-3258201723 bare 90 beauty 80/128
norway-spruce-3258201723 bare 90 beauty 96/128
norway-spruce-3258201723 bare 90 beauty 112/128
norway-spruce-3258201723 bare 90 beauty 128/128
norway-spruce-3258201723 bare 90 coverage 16/128
norway-spruce-3258201723 bare 90 coverage 32/128
norway-spruce-3258201723 bare 90 coverage 48/128
norway-spruce-3258201723 bare 90 coverage 64/128
norway-spruce-3258201723 bare 90 coverage 80/128
norway-spruce-3258201723 bare 90 coverage 96/128
norway-spruce-3258201723 bare 90 coverage 112/128
norway-spruce-3258201723 bare 90 coverage 128/128
norway-spruce-3258201723 base 0 beauty 16/128
norway-spruce-3258201723 base 0 beauty 32/128
norway-spruce-3258201723 base 0 beauty 48/128
norway-spruce-3258201723 base 0 beauty 64/128
norway-spruce-3258201723 base 0 beauty 80/128
norway-spruce-3258201723 base 0 beauty 96/128
norway-spruce-3258201723 base 0 beauty 112/128
norway-spruce-3258201723 base 0 beauty 128/128
norway-spruce-3258201723 base 0 coverage 16/128
norway-spruce-3258201723 base 0 coverage 32/128
norway-spruce-3258201723 base 0 coverage 48/128
norway-spruce-3258201723 base 0 coverage 64/128
norway-spruce-3258201723 base 0 coverage 80/128
norway-spruce-3258201723 base 0 coverage 96/128
norway-spruce-3258201723 base 0 coverage 112/128
norway-spruce-3258201723 base 0 coverage 128/128
norway-spruce-3258201723 fork 0 beauty 16/128
norway-spruce-3258201723 fork 0 beauty 32/128
norway-spruce-3258201723 fork 0 beauty 48/128
norway-spruce-3258201723 fork 0 beauty 64/128
norway-spruce-3258201723 fork 0 beauty 80/128
norway-spruce-3258201723 fork 0 beauty 96/128
norway-spruce-3258201723 fork 0 beauty 112/128
norway-spruce-3258201723 fork 0 beauty 128/128
norway-spruce-3258201723 fork 0 coverage 16/128
norway-spruce-3258201723 fork 0 coverage 32/128
norway-spruce-3258201723 fork 0 coverage 48/128
norway-spruce-3258201723 fork 0 coverage 64/128
norway-spruce-3258201723 fork 0 coverage 80/128
norway-spruce-3258201723 fork 0 coverage 96/128
norway-spruce-3258201723 fork 0 coverage 112/128
norway-spruce-3258201723 fork 0 coverage 128/128
norway-spruce-3258201723 attached-shoot 0 beauty 16/128
norway-spruce-3258201723 attached-shoot 0 beauty 32/128
norway-spruce-3258201723 attached-shoot 0 beauty 48/128
norway-spruce-3258201723 attached-shoot 0 beauty 64/128
norway-spruce-3258201723 attached-shoot 0 beauty 80/128
norway-spruce-3258201723 attached-shoot 0 beauty 96/128
norway-spruce-3258201723 attached-shoot 0 beauty 112/128
norway-spruce-3258201723 attached-shoot 0 beauty 128/128
norway-spruce-3258201723 attached-shoot 0 coverage 16/128
norway-spruce-3258201723 attached-shoot 0 coverage 32/128
norway-spruce-3258201723 attached-shoot 0 coverage 48/128
norway-spruce-3258201723 attached-shoot 0 coverage 64/128
norway-spruce-3258201723 attached-shoot 0 coverage 80/128
norway-spruce-3258201723 attached-shoot 0 coverage 96/128
norway-spruce-3258201723 attached-shoot 0 coverage 112/128
norway-spruce-3258201723 attached-shoot 0 coverage 128/128
norway-spruce-2774604799 whole 0 beauty 16/128
norway-spruce-2774604799 whole 0 beauty 32/128
norway-spruce-2774604799 whole 0 beauty 48/128
norway-spruce-2774604799 whole 0 beauty 64/128
norway-spruce-2774604799 whole 0 beauty 80/128
norway-spruce-2774604799 whole 0 beauty 96/128
norway-spruce-2774604799 whole 0 beauty 112/128
norway-spruce-2774604799 whole 0 beauty 128/128
norway-spruce-2774604799 whole 0 coverage 16/128
norway-spruce-2774604799 whole 0 coverage 32/128
norway-spruce-2774604799 whole 0 coverage 48/128
norway-spruce-2774604799 whole 0 coverage 64/128
norway-spruce-2774604799 whole 0 coverage 80/128
norway-spruce-2774604799 whole 0 coverage 96/128
norway-spruce-2774604799 whole 0 coverage 112/128
norway-spruce-2774604799 whole 0 coverage 128/128
norway-spruce-2774604799 whole 90 beauty 16/128
norway-spruce-2774604799 whole 90 beauty 32/128
norway-spruce-2774604799 whole 90 beauty 48/128
norway-spruce-2774604799 whole 90 beauty 64/128
norway-spruce-2774604799 whole 90 beauty 80/128
norway-spruce-2774604799 whole 90 beauty 96/128
norway-spruce-2774604799 whole 90 beauty 112/128
norway-spruce-2774604799 whole 90 beauty 128/128
norway-spruce-2774604799 whole 90 coverage 16/128
norway-spruce-2774604799 whole 90 coverage 32/128
norway-spruce-2774604799 whole 90 coverage 48/128
norway-spruce-2774604799 whole 90 coverage 64/128
norway-spruce-2774604799 whole 90 coverage 80/128
norway-spruce-2774604799 whole 90 coverage 96/128
norway-spruce-2774604799 whole 90 coverage 112/128
norway-spruce-2774604799 whole 90 coverage 128/128
norway-spruce-2774604799 bare 0 beauty 16/128
norway-spruce-2774604799 bare 0 beauty 32/128
norway-spruce-2774604799 bare 0 beauty 48/128
norway-spruce-2774604799 bare 0 beauty 64/128
norway-spruce-2774604799 bare 0 beauty 80/128
norway-spruce-2774604799 bare 0 beauty 96/128
norway-spruce-2774604799 bare 0 beauty 112/128
norway-spruce-2774604799 bare 0 beauty 128/128
norway-spruce-2774604799 bare 0 coverage 16/128
norway-spruce-2774604799 bare 0 coverage 32/128
norway-spruce-2774604799 bare 0 coverage 48/128
norway-spruce-2774604799 bare 0 coverage 64/128
norway-spruce-2774604799 bare 0 coverage 80/128
norway-spruce-2774604799 bare 0 coverage 96/128
norway-spruce-2774604799 bare 0 coverage 112/128
norway-spruce-2774604799 bare 0 coverage 128/128
norway-spruce-2774604799 bare 90 beauty 16/128
norway-spruce-2774604799 bare 90 beauty 32/128
norway-spruce-2774604799 bare 90 beauty 48/128
norway-spruce-2774604799 bare 90 beauty 64/128
norway-spruce-2774604799 bare 90 beauty 80/128
norway-spruce-2774604799 bare 90 beauty 96/128
norway-spruce-2774604799 bare 90 beauty 112/128
norway-spruce-2774604799 bare 90 beauty 128/128
norway-spruce-2774604799 bare 90 coverage 16/128
norway-spruce-2774604799 bare 90 coverage 32/128
norway-spruce-2774604799 bare 90 coverage 48/128
norway-spruce-2774604799 bare 90 coverage 64/128
norway-spruce-2774604799 bare 90 coverage 80/128
norway-spruce-2774604799 bare 90 coverage 96/128
norway-spruce-2774604799 bare 90 coverage 112/128
norway-spruce-2774604799 bare 90 coverage 128/128
norway-spruce-2774604799 base 0 beauty 16/128
norway-spruce-2774604799 base 0 beauty 32/128
norway-spruce-2774604799 base 0 beauty 48/128
norway-spruce-2774604799 base 0 beauty 64/128
norway-spruce-2774604799 base 0 beauty 80/128
norway-spruce-2774604799 base 0 beauty 96/128
norway-spruce-2774604799 base 0 beauty 112/128
norway-spruce-2774604799 base 0 beauty 128/128
norway-spruce-2774604799 base 0 coverage 16/128
norway-spruce-2774604799 base 0 coverage 32/128
norway-spruce-2774604799 base 0 coverage 48/128
norway-spruce-2774604799 base 0 coverage 64/128
norway-spruce-2774604799 base 0 coverage 80/128
norway-spruce-2774604799 base 0 coverage 96/128
norway-spruce-2774604799 base 0 coverage 112/128
norway-spruce-2774604799 base 0 coverage 128/128
norway-spruce-2774604799 fork 0 beauty 16/128
norway-spruce-2774604799 fork 0 beauty 32/128
norway-spruce-2774604799 fork 0 beauty 48/128
norway-spruce-2774604799 fork 0 beauty 64/128
norway-spruce-2774604799 fork 0 beauty 80/128
norway-spruce-2774604799 fork 0 beauty 96/128
norway-spruce-2774604799 fork 0 beauty 112/128
norway-spruce-2774604799 fork 0 beauty 128/128
norway-spruce-2774604799 fork 0 coverage 16/128
norway-spruce-2774604799 fork 0 coverage 32/128
norway-spruce-2774604799 fork 0 coverage 48/128
norway-spruce-2774604799 fork 0 coverage 64/128
norway-spruce-2774604799 fork 0 coverage 80/128
norway-spruce-2774604799 fork 0 coverage 96/128
norway-spruce-2774604799 fork 0 coverage 112/128
norway-spruce-2774604799 fork 0 coverage 128/128
norway-spruce-2774604799 attached-shoot 0 beauty 16/128
norway-spruce-2774604799 attached-shoot 0 beauty 32/128
norway-spruce-2774604799 attached-shoot 0 beauty 48/128
norway-spruce-2774604799 attached-shoot 0 beauty 64/128
norway-spruce-2774604799 attached-shoot 0 beauty 80/128
norway-spruce-2774604799 attached-shoot 0 beauty 96/128
norway-spruce-2774604799 attached-shoot 0 beauty 112/128
norway-spruce-2774604799 attached-shoot 0 beauty 128/128
norway-spruce-2774604799 attached-shoot 0 coverage 16/128
norway-spruce-2774604799 attached-shoot 0 coverage 32/128
norway-spruce-2774604799 attached-shoot 0 coverage 48/128
norway-spruce-2774604799 attached-shoot 0 coverage 64/128
norway-spruce-2774604799 attached-shoot 0 coverage 80/128
norway-spruce-2774604799 attached-shoot 0 coverage 96/128
norway-spruce-2774604799 attached-shoot 0 coverage 112/128
norway-spruce-2774604799 attached-shoot 0 coverage 128/128
/tmp/fn19-mature-visual-20260906
