   Compiling telperion-core v0.1.0 (/home/daniel/Projects/telperion/crates/telperion-core)
   Compiling telperion-render v0.1.0 (/home/daniel/Projects/telperion/crates/telperion-render)
   Compiling telperion-jev v0.1.0 (/home/daniel/Projects/telperion/crates/telperion-jev)
    Finished `ci` profile [optimized] target(s) in 6.96s
────────────
 Nextest run ID f4ef37ac-0774-4057-af81-8cef04263d5b with nextest profile: default
    Starting 742 tests across 97 binaries (20 tests skipped)
        PASS [   0.004s] (  1/742) telperion-core::species beech_identity_resolves_to_frozen_profile_and_native_anatomy
        PASS [   0.004s] (  2/742) telperion-core::species a_digest_that_moved_names_the_preset_the_seed_and_both_digests
        PASS [   0.005s] (  3/742) telperion-core::species birch_identity_resolves_to_frozen_profile_and_native_anatomy
        PASS [   0.005s] (  4/742) telperion-core::species oak_identity_resolves_to_frozen_profile_and_native_anatomy
        PASS [   0.004s] (  5/742) telperion-core::species spruce_identity_resolves_to_frozen_profile_and_native_anatomy
        PASS [   0.005s] (  6/742) telperion-core blend::tests::a_field_that_is_off_walks_up_from_nothing
        PASS [   0.006s] (  7/742) telperion-core blend::tests::a_walk_between_two_material_rows_stays_a_row_a_leaf_can_be_drawn_from
        PASS [   0.005s] (  8/742) telperion-core blend::tests::a_walk_rounds_each_kind_of_number_the_way_its_rule_demands
        PASS [   1.632s] (  9/742) telperion-core::species scaffold_reaches_and_hanging_secondaries_subdivide_before_their_tips
        PASS [   1.682s] ( 10/742) telperion-core branching::audit::shipped_scaffolds_are_reproducible
        PASS [   0.015s] ( 11/742) telperion-core branching::local::monthly_tests::monthly_deferred_shoot_does_not_starve_a_younger_live_shoot
        PASS [   0.016s] ( 12/742) telperion-core branching::local::monthly_tests::monthly_local_station_is_reconsidered_when_it_becomes_eligible
        PASS [   0.016s] ( 13/742) telperion-core branching::local::monthly_tests::monthly_run_keeps_stations_waiting_beyond_the_current_envelope
        PASS [   0.008s] ( 14/742) telperion-core branching::local::monthly_tests::monthly_terminal_birth_does_not_retire_unborn_lateral_buds
        PASS [   0.016s] ( 15/742) telperion-core branching::local::pendant::limit_tests::droop_and_step_clearance_are_authored
        PASS [   0.011s] ( 16/742) telperion-core branching::local::pendant::limit_tests::lower_surface_search_closes_to_numeric_precision
        PASS [   0.007s] ( 17/742) telperion-core branching::local::pendant::tests::only_a_hanging_curtain_is_let_into_the_band
        PASS [   0.011s] ( 18/742) telperion-core branching::local::waiting::frontier_tests::a_shoot_beyond_all_reach_of_the_rising_trunk_is_not_replanned
        PASS [   0.007s] ( 19/742) telperion-core branching::local::waiting::frontier_tests::sleeping_terminal_receives_no_visits_and_wakes_at_crown_entry
        PASS [   0.008s] ( 20/742) telperion-core branching::local::waiting::frontier_tests::unchanged_frontier_keeps_its_identity_order_without_visiting_shoots
        PASS [   0.013s] ( 21/742) telperion-core branching::local::waiting::prediction_tests::wake_bound_never_skips_an_eligible_slice_on_either_side_of_the_crown
        PASS [   0.008s] ( 22/742) telperion-core branching::local::waiting::tests::fixed_candidate_waits_until_the_crown_can_reach_it
        PASS [   0.008s] ( 23/742) telperion-core branching::scaffold::frontier::tests::annual_blocked_axes_leave_the_budget_for_live_shoots
        PASS [   0.014s] ( 24/742) telperion-core branching::scaffold::frontier::tests::annual_laterals_extend_before_the_leader_finishes
        PASS [   0.007s] ( 25/742) telperion-core branching::scaffold::frontier::tests::attractor_consumption_keeps_the_first_year
        PASS [   0.007s] ( 26/742) telperion-core branching::scaffold::limit_tests::reach_probe_budget_changes_room_in_a_wide_crown
        PASS [   0.005s] ( 27/742) telperion-core branching::scaffold::stems::tests::a_clump_is_spread_about_its_bearing_and_leans_out_of_it
        PASS [   0.009s] ( 28/742) telperion-core branching::scaffold::stems::tests::a_spread_leans_the_clump_in_its_order
        PASS [   0.006s] ( 29/742) telperion-core branching::scaffold::stems::tests::no_spread_is_the_even_lean_to_the_bit
        PASS [   0.006s] ( 30/742) telperion-core branching::scaffold::stems::tests::one_stem_is_the_upright_axis_the_tree_always_had
        PASS [   0.006s] ( 31/742) telperion-core branching::scaffold::stems::tests::stems_that_share_a_heading_are_refused_by_the_stem_that_is_wrong
        PASS [   0.007s] ( 32/742) telperion-core branching::specimen::change_tests::change_record_bad_placement_is_atomic_and_names_its_run
        PASS [   0.006s] ( 33/742) telperion-core branching::specimen::change_tests::change_record_carries_every_word_a_leaf_moved_by
        PASS [   0.006s] ( 34/742) telperion-core branching::specimen::change_tests::change_record_cohort_boundary_matches_cached_and_cold_reads
        PASS [   0.009s] ( 35/742) telperion-core branching::specimen::change_tests::change_record_fresh_reads_reuse_contacts_until_neighbor_geometry_changes
        PASS [   0.007s] ( 36/742) telperion-core branching::specimen::change_tests::change_record_includes_contact_motion_from_sibling_growth
        PASS [   0.018s] ( 37/742) telperion-core branching::specimen::change_tests::change_record_preserves_run_position_bits
        PASS [   0.804s] ( 38/742) telperion-core branching::audit::trait_extremes_are_trees
        PASS [   0.009s] ( 39/742) telperion-core branching::specimen::change_tests::change_record_rejects_missing_and_wrong_runs_naming_identity_without_mutation
        PASS [   1.633s] ( 40/742) telperion-core branching::specimen::change_tests::change_record_reconciles_birth_extension_shedding_and_expiry
        PASS [   0.008s] ( 41/742) telperion-core branching::specimen::change_tests::change_record_tolerance_suppresses_noise_without_drift
        PASS [   0.294s] ( 42/742) telperion-core branching::specimen::chronicle_tests::dead_records_stay_frozen_and_slots_are_never_reused_by_later_growth
        PASS [   0.010s] ( 43/742) telperion-core branching::specimen::chronicle_tests::shedding_keeps_storage_and_keys_but_packs_only_living_wood
        PASS [   0.015s] ( 44/742) telperion-core branching::specimen::chronicle_tests::vigour_records_preserve_every_earlier_observation_and_counter
        PASS [   0.006s] ( 45/742) telperion-core branching::specimen::cohort_tests::cohort_budget_counts_visible_stations_and_failed_fill_keeps_age
        PASS [   4.744s] ( 46/742) telperion-core branching::audit::every_bias_term_reaches_every_shipped_preset
        PASS [   0.006s] ( 47/742) telperion-core branching::specimen::cohort_tests::thickened_shoot_stops_bearing_at_anatomical_diameter
        PASS [   0.020s] ( 48/742) telperion-core branching::specimen::cohort_tests::young_cohorts_fill_annually_and_keep_station_identities
        PASS [   0.521s] ( 49/742) telperion-core branching::specimen::contacts::tests::contacts_carry_on_into_the_stem_the_surface_does
        PASS [   0.100s] ( 50/742) telperion-core branching::specimen::contacts::tests::indexed_contacts_match_both_endpoint_sweep_dependencies
        PASS [   0.204s] ( 51/742) telperion-core branching::specimen::cost_tests::an_internal_slice_does_not_finalize_existing_local_widths
        PASS [   0.008s] ( 52/742) telperion-core branching::specimen::cost_tests::crown_cache_reuses_geometry_and_matches_exhaustive_profile
        PASS [   3.392s] ( 53/742) telperion-core branching::specimen::change_tests::change_record_replay_buffers_match_fresh_build_for_every_preset_and_blend
        PASS [   0.006s] ( 54/742) telperion-core branching::specimen::cost_tests::inactive_wood_is_not_evaluated_when_shedding_is_disabled
        PASS [   0.054s] ( 55/742) telperion-core branching::specimen::cost_tests::packing_between_advances_does_not_change_grown_and_shed_tree_bytes
        PASS [   0.034s] ( 56/742) telperion-core branching::specimen::cost_tests::packing_keeps_append_headroom_for_the_next_slice
        PASS [   0.033s] ( 57/742) telperion-core branching::specimen::cost_tests::structural_births_do_not_move_existing_local_storage_inside_a_slice
        PASS [   0.008s] ( 58/742) telperion-core branching::specimen::crown::tests::an_unsampled_crown_does_not_rebuild_its_profile
        PASS [   0.476s] ( 59/742) telperion-core branching::specimen::cost_tests::identity_maintenance_without_structural_birth_visits_only_new_locals
        PASS [   0.010s] ( 60/742) telperion-core branching::specimen::foliage_tests::changed_neighboring_contact_polygons_move_an_unchanged_surviving_shoot
        PASS [   0.008s] ( 61/742) telperion-core branching::specimen::foliage_tests::cohort_fill_preserves_integer_ticks_near_the_maximum_age
        PASS [   0.007s] ( 62/742) telperion-core branching::specimen::foliage_tests::foliage_rederives_only_shoots_whose_wood_or_contact_changed
        PASS [   0.008s] ( 63/742) telperion-core branching::specimen::foliage_tests::leaf_lifetime_zero_fractional_and_maximum_are_valid
        PASS [   0.007s] ( 64/742) telperion-core branching::specimen::foliage_tests::leaves_hold_across_the_exact_lifetime_boundary_without_wood_growth
        PASS [   0.006s] ( 65/742) telperion-core branching::specimen::foliage_tests::placement_identities_survive_thickening_and_match_fresh_surface_contacts
        PASS [   0.006s] ( 66/742) telperion-core branching::specimen::foliage_tests::surviving_leaf_randomness_is_independent_of_compaction_and_retired_generations
        PASS [   0.009s] ( 67/742) telperion-core branching::specimen::history::tests::default_read_keeps_exact_frontier_ticks_near_maximum_age
        PASS [   0.218s] ( 68/742) telperion-core branching::specimen::history::tests::every_prior_read_matches_fresh_growth_including_shedding_and_contacts
        PASS [   0.452s] ( 69/742) telperion-core branching::specimen::foliage_tests::annual_leaf_buffers_replay_exactly_across_reads_for_all_presets_and_a_blend
        PASS [   0.012s] ( 70/742) telperion-core branching::specimen::history::tests::historical_read_keeps_zero_budget_envelopes_and_saturated_cohorts
        PASS [   0.005s] ( 71/742) telperion-core branching::specimen::history::tests::historical_read_refuses_invalid_ages_and_names_the_frontier
        PASS [   0.433s] ( 72/742) telperion-core branching::specimen::history::tests::historical_read_cannot_poison_clock_only_cohort_changes
        PASS [   0.021s] ( 73/742) telperion-core branching::specimen::history::tests::ten_year_jump_and_yearly_advances_keep_all_intermediate_reads
        PASS [   0.120s] ( 74/742) telperion-core branching::specimen::interval::stem_tests::every_read_of_a_clump_keeps_its_stems
        PASS [   1.222s] ( 75/742) telperion-core branching::specimen::interval::tests::empty_late_interval_visits_no_unrelated_chronicle_nodes
        PASS [   0.005s] ( 76/742) telperion-core branching::specimen::interval::tests::envelope_growth_without_wood_keyframes_moves_no_placement
        PASS [   0.004s] ( 77/742) telperion-core branching::specimen::interval::tests::interval_advance_cannot_reuse_older_cached_cohort_transforms
        PASS [   0.075s] ( 78/742) telperion-core branching::specimen::interval::tests::interval_records_are_canonical_for_every_intermediate_year
        PASS [   0.005s] ( 79/742) telperion-core branching::specimen::interval::tests::interval_records_follow_sibling_growth_and_removal_contacts
        PASS [   9.441s] ( 80/742) telperion-core branching::audit::every_habit_trait_moves_every_shipped_preset
        PASS [   0.007s] ( 81/742) telperion-core branching::specimen::interval::tests::interval_records_validate_both_ages_without_running_simulation
        PASS [   3.217s] ( 82/742) telperion-core branching::specimen::history::tests::historical_reads_cover_every_preset_blends_and_do_not_change_future_growth
        PASS [   0.011s] ( 83/742) telperion-core branching::specimen::keyframes::tests::annual_keyframes_do_not_finalize_stored_output_radii
        PASS [   0.025s] ( 84/742) telperion-core branching::specimen::keyframes::tests::radius_history_is_monotone_through_extension_forks_and_shedding
        PASS [   0.012s] ( 85/742) telperion-core branching::specimen::keyframes::tests::resize_tolerance_accumulates_from_last_frame_without_rewriting_it
        PASS [   0.150s] ( 86/742) telperion-core branching::specimen::keyframes::tests::ten_year_jump_retains_every_annual_radius_read_and_interval
        PASS [   0.026s] ( 87/742) telperion-core branching::specimen::keyframes::tests::unchanged_canonical_parents_do_not_walk_local_descendants
        PASS [   0.006s] ( 88/742) telperion-core branching::specimen::keyframes::tests::unread_annual_frames_queue_each_output_only_once
        PASS [   0.006s] ( 89/742) telperion-core branching::specimen::measurement::mature_stage_profile
        PASS [   0.007s] ( 90/742) telperion-core branching::specimen::measurement::monthly_cost_report
        PASS [   0.006s] ( 91/742) telperion-core branching::specimen::measurement::spruce_contact_motion_report
        PASS [   0.006s] ( 92/742) telperion-core branching::specimen::measurement::tolerance_cost_report
        PASS [   0.006s] ( 93/742) telperion-core branching::specimen::monthly_tests::annual_blends_preserve_valid_age_and_rate_boundaries
        PASS [   1.842s] ( 94/742) telperion-core branching::specimen::monthly_tests::annual_build_and_irregular_fractional_replay_have_identical_bytes
        PASS [   3.907s] ( 95/742) telperion-core branching::specimen::interval::tests::interval_records_reconcile_all_age_pairs_presets_and_blend
        PASS [   1.036s] ( 96/742) telperion-core branching::specimen::monthly_tests::annual_frontier_storage_permutations_do_not_change_birth_order
        PASS [  10.671s] ( 97/742) telperion-core branching::specimen::cohort_tests::mature_cohorts_hold_for_twice_the_lifetime
        PASS [   2.833s] ( 98/742) telperion-core branching::specimen::monthly_tests::annual_cached_local_runs_obey_the_current_crown_boundary
        PASS [   0.015s] ( 99/742) telperion-core branching::specimen::monthly_tests::annual_node_cap_rolls_back_a_partial_slice_and_resumes_after_raise
        PASS [   0.006s] (100/742) telperion-core branching::specimen::monthly_tests::annual_pause_and_subyear_remainder_do_not_grow_early
        PASS [   0.090s] (101/742) telperion-core branching::specimen::monthly_tests::annual_growth_traits_and_age_are_numeric_family_dimensions
        PASS [   0.007s] (102/742) telperion-core branching::specimen::monthly_tests::annual_time_errors_name_values_and_preserve_the_specimen
        PASS [   0.006s] (103/742) telperion-core branching::specimen::monthly_tests::annual_zero_ceiling_keeps_an_empty_seedling_and_recovers
        PASS [   0.053s] (104/742) telperion-core branching::specimen::read_tests::finalizing_grown_and_shed_records_ignores_stored_output_widths
        PASS [   0.099s] (105/742) telperion-core branching::specimen::read_tests::reads_between_advances_reconcile_after_growth_shedding_and_cap_recovery
        PASS [   0.063s] (106/742) telperion-core branching::specimen::read_tests::unread_advances_do_not_pack_and_reads_preserve_internal_indices
        PASS [   0.533s] (107/742) telperion-core branching::specimen::retention::tests::history_cap_build_and_node_ceiling_keep_the_same_complete_slice
        PASS [   0.157s] (108/742) telperion-core branching::specimen::retention::tests::history_cap_compacts_dead_wood_and_preserves_every_retained_read
        PASS [   3.485s] (109/742) telperion-core branching::specimen::monthly_tests::annual_growth_expands_the_envelope_and_retains_wood
        PASS [   0.027s] (110/742) telperion-core branching::specimen::retention::tests::history_cap_refuses_expired_ages_and_invalid_settings_atomically
        PASS [   1.417s] (111/742) telperion-core branching::specimen::retention::tests::history_cap_preserves_future_growth_identities_and_records
        PASS [   0.005s] (112/742) telperion-core branching::specimen::shared::tests::packed_placement_pages_are_dense_in_birth_order
        PASS [   0.005s] (113/742) telperion-core branching::specimen::shared::tests::placement_edits_preserve_owned_snapshots_counts_and_order
        PASS [   0.005s] (114/742) telperion-core branching::specimen::shared::tests::placement_keys_preserve_stations_above_512
        PASS [   0.174s] (115/742) telperion-core branching::specimen::shared::tests::shared_reads_keep_unchanged_payloads_and_reconcile_every_age
        PASS [   0.539s] (116/742) telperion-core branching::specimen::shared::tests::fractional_contact_advance_does_not_materialize_numeric_offsets
        PASS [   4.110s] (117/742) telperion-core branching::specimen::monthly_tests::annual_saturated_age_jumps_without_visiting_the_intervening_slices
        PASS [   0.504s] (118/742) telperion-core branching::specimen::tests::retained_frontiers_grow_structure_after_twigs_without_changing_identities
        PASS [   0.008s] (119/742) telperion-core branching::specimen::tests::retired_generation_cannot_resolve_a_reused_slot
        PASS [   0.057s] (120/742) telperion-core branching::specimen::tests::scaffold_resume_preserves_each_axis_stream_and_spent_attractors
        PASS [   0.006s] (121/742) telperion-core branching::specimen::tests::shedding_compacts_siblings_without_reusing_birth_identities
        PASS [   0.225s] (122/742) telperion-core branching::specimen::tests::whole_build_replays_the_retained_frontiers_exactly
        PASS [   0.027s] (123/742) telperion-core branching::specimen::thickening_tests::live_shedding_replays_shoot_state_and_surviving_radii_exactly
        PASS [   0.400s] (124/742) telperion-core branching::specimen::thickening_tests::local_wood_thickens_with_its_parent_and_never_shrinks
        PASS [   0.005s] (125/742) telperion-core branching::specimen::thickening_tests::shedding_waits_for_tolerance_and_retires_only_the_dark_subtree
        PASS [   0.005s] (126/742) telperion-core branching::specimen::thickening_tests::snapshot_cuts_are_capped_and_remove_new_descendants_without_reusing_ids
        PASS [   0.005s] (127/742) telperion-core branching::specimen::thickening_tests::structural_forks_and_cuts_preserve_surviving_widths_and_pipe_cache
        PASS [   0.005s] (128/742) telperion-core branching::specimen::thickening_tests::threshold_equality_recovers_and_restarts_the_tolerance_clock
        PASS [   0.010s] (129/742) telperion-core branching::specimen::thickening_tests::tolerance_and_apical_loss_are_validated_blended_numeric_traits
        PASS [   0.005s] (130/742) telperion-core branching::specimen::widths::tests::width_queue_keeps_birth_order_across_bucket_boundaries_and_new_children
        PASS [   0.004s] (131/742) telperion-core capability::tests::the_version_changes_when_a_name_is_added
        PASS [   0.005s] (132/742) telperion-core capability::tests::the_version_changes_when_a_name_moves_into_the_vocabulary
        PASS [   0.005s] (133/742) telperion-core capability::tests::the_version_ignores_the_meanings_and_reads_only_the_names
        PASS [   0.005s] (134/742) telperion-core foliage::bounds_tests::bounds_keep_empty_signed_zero_and_overflow_contracts
        PASS [   0.008s] (135/742) telperion-core foliage::bounds_tests::exact_bounds_match_randomized_curved_elements_and_packed_frames
        PASS [   0.005s] (136/742) telperion-core foliage::bounds_tests::transformed_box_encloses_points_with_identical_sum_order
        PASS [   0.005s] (137/742) telperion-core foliage::clumping::tests::a_trunk_its_limbs_and_their_axes_are_systems_and_deeper_wood_is_not
        PASS [   0.005s] (138/742) telperion-core foliage::clumping::tests::neighbour_budget_is_honoured_above_the_old_limit
        PASS [   0.005s] (139/742) telperion-core foliage::clumping::tests::one_system_has_no_walls_and_keeps_every_leaf
        PASS [   0.004s] (140/742) telperion-core foliage::clumping::tests::the_gap_is_empty_at_the_wall_and_the_centres_are_whole
        PASS [   0.004s] (141/742) telperion-core foliage::packed::tests::a_box_of_no_extent_decodes_every_leaf_to_its_corner
        PASS [   0.004s] (142/742) telperion-core foliage::packed::tests::a_box_with_a_nan_side_is_not_a_box
        PASS [   0.004s] (143/742) telperion-core foliage::packed::tests::a_half_float_round_trips_every_scale_a_leaf_can_carry
        PASS [   2.856s] (144/742) telperion-core branching::specimen::storage::tests::sparse_advance_updates_the_existing_packed_tree
        PASS [   0.004s] (145/742) telperion-core foliage::packed::tests::a_leaf_is_twelve_bytes
        PASS [   0.006s] (146/742) telperion-core foliage::packed::tests::a_position_round_trips_inside_half_a_step
        PASS [   0.005s] (147/742) telperion-core foliage::packed::tests::a_reversed_span_is_read_in_the_order_that_makes_a_box
        PASS [   0.005s] (148/742) telperion-core foliage::packed::tests::a_rotation_round_trips_inside_the_stated_bound
        PASS [   0.004s] (149/742) telperion-core foliage::packed::tests::every_subnormal_half_decodes_to_its_ieee_value
        PASS [   0.004s] (150/742) telperion-core foliage::packed::tests::the_columns_come_back_in_the_order_they_went_in
        PASS [   0.004s] (151/742) telperion-core foliage::packed::tests::the_scale_is_read_back_off_the_word_that_carries_it
        PASS [   0.004s] (152/742) telperion-core foliage::station::tests::algebraic_transport_handles_parallel_antiparallel_and_near_turns
        PASS [   0.004s] (153/742) telperion-core foliage::station::tests::streamed_frames_match_canonical_transport_and_projection
        PASS [   0.004s] (154/742) telperion-core growth::clock::tests::annual_boundary_keeps_the_original_submonth_resolution
        PASS [   0.004s] (155/742) telperion-core growth::limit_tests::lifetime_work_uses_the_authored_budget
        PASS [   0.004s] (156/742) telperion-core material::tests::a_range_that_runs_backwards_is_refused_by_the_pairs_name
        PASS [   0.004s] (157/742) telperion-core material::tests::a_value_off_its_range_is_refused_by_its_own_name
        PASS [   0.004s] (158/742) telperion-core material::tests::the_row_every_family_starts_from_is_one_a_leaf_can_be_drawn_from
        PASS [   0.004s] (159/742) telperion-core params::tests::a_table_in_work_is_reserved_unlisted_and_not_built_by_name
        PASS [   0.006s] (160/742) telperion-core params::tests::age_and_growth_round_trip_and_refuse_invalid_values
        PASS [   0.006s] (161/742) telperion-core params::tests::an_overlay_moves_the_rows_it_names_and_nothing_else
        PASS [  20.625s] (162/742) telperion-core::species fixed_oaks_pass_geometry_and_profile_gates_with_repeatable_varied_specimens
        PASS [   0.006s] (163/742) telperion-core params::tests::leaf_lifetime_is_a_validated_blended_family_trait
        PASS [   0.005s] (164/742) telperion-core params::tests::resize_tolerance_is_a_validated_blended_wire_trait
        PASS [   0.015s] (165/742) telperion-core params::tests::the_material_row_travels_the_wire_and_is_refused_by_field_name
        PASS [   0.007s] (166/742) telperion-core radius::history::tests::historical_maximum_survives_scale_falls_and_later_recovery
        PASS [   0.005s] (167/742) telperion-core radius::incremental::tests::rising_scale_does_not_visit_wood_below_its_previous_width
        PASS [   0.005s] (168/742) telperion-core surface::angular::tests::cached_rings_match_original_formula_bits
        PASS [   0.058s] (169/742) telperion-core surface::fork_tests::a_clump_that_parts_at_the_ground_sweeps_as_it_did_without_the_flag
        PASS [   0.041s] (170/742) telperion-core surface::fork_tests::a_grown_clump_parts_cleanly_and_one_at_the_ground_is_untouched
        PASS [   0.005s] (171/742) telperion-core surface::fork_tests::socket_containment_changes_the_authored_junction_depth
        PASS [   0.005s] (172/742) telperion-core surface::fork_tests::the_trunk_carries_on_into_the_straighter_stem_not_the_wider
        PASS [   0.004s] (173/742) telperion-core surface::fork_tests::the_trunks_girth_eases_into_the_stem_over_the_forks_diameter
        PASS [   0.829s] (174/742) telperion-core params::tests::catalogue_roundtrips_all_controls_and_identities
        PASS [   0.005s] (175/742) telperion-core surface::parallel::tests::capacity_gate_requires_both_phases_to_fit
        PASS [   0.006s] (176/742) telperion-core surface::parallel::tests::collapsed_candidate_is_discarded_and_serial_keeps_its_error
        PASS [   0.004s] (177/742) telperion-core surface::parallel::tests::failed_worker_does_not_skip_other_joins
        PASS [   0.006s] (178/742) telperion-core surface::parallel::tests::independent_slices_match_serial_with_modulation_and_caps
        PASS [   0.005s] (179/742) telperion-core surface::parallel::tests::spawn_failure_in_either_phase_returns_to_serial_after_join
        PASS [   0.005s] (180/742) telperion-core surface::prepared::traversal_tests::nested_faces_match_procedural_order
        PASS [   0.005s] (181/742) telperion-core surface::tests::allocation_failure_is_explicit
        PASS [   0.004s] (182/742) telperion-core tree::tests::a_clump_is_measured_by_its_largest_stem_wherever_it_parts
        PASS [   0.004s] (183/742) telperion-core twigs::limit_tests::internode_budget_is_authored
        PASS [   0.004s] (184/742) telperion-core::capability a_name_nobody_has_declared_is_unrecognised
        PASS [   0.004s] (185/742) telperion-core::capability every_name_is_declared_once_and_carries_one_line_of_meaning
        PASS [   0.004s] (186/742) telperion-core::capability the_catalogue_requires_no_name_the_vocabulary_lacks
        PASS [   0.004s] (187/742) telperion-core::capability the_date_palms_recorded_needs_read_as_one_met_and_five_absent
        PASS [   0.004s] (188/742) telperion-core::capability the_derivation_produces_no_name_the_vocabulary_does_not_carry
        PASS [   0.005s] (189/742) telperion-core::capability the_printed_vocabulary_carries_the_version_and_every_declared_name
        PASS [   0.005s] (190/742) telperion-core::capability the_shipped_presets_derive_what_they_derive_today
        PASS [   0.004s] (191/742) telperion-core::capability the_six_names_the_derivation_produces_are_all_in_the_vocabulary
        PASS [   0.004s] (192/742) telperion-core::capability the_version_is_a_digest_of_the_declared_names
        PASS [   0.004s] (193/742) telperion-core::colonization crown_edges_and_outside_approach
        PASS [   0.005s] (194/742) telperion-core::colonization deterministic_forking_and_termination
        PASS [   0.004s] (195/742) telperion-core::colonization empty_caps_and_invalid_inputs
        PASS [   0.004s] (196/742) telperion-core::colonization fill_measures_only_classified_shell_wood_and_crown_tips
        PASS [   0.004s] (197/742) telperion-core::colonization oversized_climb_step_cannot_skip_the_entire_crown
        PASS [   0.030s] (198/742) telperion-core::crown_reference ordinary_and_giant_crowns
        PASS [  21.102s] (199/742) telperion-core::species fixed_birches_pass_geometry_and_profile_gates_with_repeatable_varied_specimens
        PASS [   0.149s] (200/742) telperion-core::crown_retention oak_infill_reaches_the_retained_seed_two_window
        PASS [   4.135s] (201/742) telperion-core branching::specimen::tests::local_resume_preserves_pending_runs_across_irregular_budgets
        PASS [   0.275s] (202/742) telperion-core::crown_retention spruce_bearing_shoots_follow_the_secondary_span
        PASS [   0.445s] (203/742) telperion-core::crown_retention spreading_crown_retains_generated_interior_subdivisions
        PASS [   0.884s] (204/742) telperion-core surface::parallel::tests::admitted_public_build_retries_once_after_started_worker_spawn_failure
        PASS [   0.489s] (205/742) telperion-core::drop a_hanging_curtain_falls_into_its_band_at_half_and_whole_drop
        PASS [   0.279s] (206/742) telperion-core::drop no_shoot_falls_below_the_clearance_nor_the_clearance_above_the_crown_base
        PASS [   1.000s] (207/742) telperion-core::drop every_shipped_preset_at_neutral_drop_is_the_tree_the_row_never_reached
        PASS [   1.305s] (208/742) telperion-core::drop a_drop_never_reaches_a_table_that_hangs_nothing
        PASS [   0.009s] (209/742) telperion-core::drop the_rows_ride_the_wire_and_are_refused_by_name_off_their_rails
        PASS [   0.009s] (210/742) telperion-core::field empty_and_invalid_queries
        PASS [   0.296s] (211/742) telperion-core::drop only_hanging_wood_falls_and_it_falls_from_the_shell
        PASS [   0.005s] (212/742) telperion-core::field portable_snapshot_is_optional_owned_and_preserves_index
        PASS [   0.004s] (213/742) telperion-core::field species_geometry_bounds_culling_and_field_cover_transformed_connectors_and_units
        PASS [   0.004s] (214/742) telperion-core::field tapered_wood_and_flat_leaf_cells
        PASS [   0.004s] (215/742) telperion-core::foliage attachments::a_signed_lean_turns_the_leaf_back_down_its_shoot_and_toward_the_ground
        PASS [   1.178s] (216/742) telperion-core::drop one_seed_is_one_band_however_it_grows
        PASS [   0.005s] (217/742) telperion-core::foliage attachments::leaned_stations_continue_across_subdivided_twig_runs
        PASS [   0.004s] (218/742) telperion-core::foliage attachments::shoot_radius_alone_clothes_slender_supports_and_spares_thick_limbs
        PASS [   0.005s] (219/742) telperion-core::foliage attachments::species_attachment_uses_local_twig_and_connected_origins
        PASS [   0.004s] (220/742) telperion-core::foliage attachments::species_empty_degenerate_and_invalid_controls_are_explicit
        PASS [   0.004s] (221/742) telperion-core::foliage elements::a_blade_carries_a_coordinate_in_the_unit_square_at_every_vertex
        PASS [   0.005s] (222/742) telperion-core::foliage elements::a_margin_with_more_lobes_than_sections_is_rejected_by_both_names
        PASS [   0.011s] (223/742) telperion-core::foliage elements::every_element_trait_moves_every_shipped_preset
        PASS [   0.007s] (224/742) telperion-core::foliage elements::needles_retain_shaft_width_before_the_distal_point
        PASS [   0.005s] (225/742) telperion-core::foliage elements::one_routine_builds_a_lobed_margin_and_a_four_sided_shaft
        PASS [   0.005s] (226/742) telperion-core::foliage levels::a_level_list_that_is_not_nested_detail_is_rejected_by_name
        PASS [   0.008s] (227/742) telperion-core::foliage levels::levels_nest_from_the_widest_section_down_to_the_whole_element
        PASS [   0.004s] (228/742) telperion-core::foliage stations::a_shoot_can_carry_more_than_512_authored_stations
        PASS [   0.004s] (229/742) telperion-core::foliage stations::cull_retains_in_the_buffer_it_was_given
        PASS [   0.004s] (230/742) telperion-core::foliage stations::element_anatomy_and_bounds
        PASS [   0.004s] (231/742) telperion-core::foliage stations::fallback_folds_zero_edges_and_clumps_at_terminal_tip
        PASS [   0.005s] (232/742) telperion-core::foliage stations::malformed_element_is_rejected_even_when_first_vertex_is_outside_shell
        PASS [   0.004s] (233/742) telperion-core::foliage stations::shell_keeps_leaf_extent_and_crown_underside
        PASS [   0.004s] (234/742) telperion-core::foliage stations::shell_membership_empty_and_invalid
        PASS [   0.004s] (235/742) telperion-core::foliage stations::twig_stations_and_owned_deterministic_frames
        PASS [   0.004s] (236/742) telperion-core::foundation bias_and_sampling_limits_are_explicit
        PASS [   0.004s] (237/742) telperion-core::foundation bias_preserves_scale_sampling_and_upward_progress
        PASS [   0.004s] (238/742) telperion-core::foundation envelope_boundaries_and_invalid_values
        PASS [   0.004s] (239/742) telperion-core::foundation envelope_profile_has_authored_maximum_and_continuous_shoulder
        PASS [   0.004s] (240/742) telperion-core::foundation noise_seed_range_flow_and_feature_scale
        PASS [   0.004s] (241/742) telperion-core::foundation seeded_stream_matches_reference
        PASS [   0.004s] (242/742) telperion-core::foundation tree_validation_rejects_bad_topology_and_nonfinite_storage
        PASS [   0.004s] (243/742) telperion-core::foundation vector_and_noise_boundaries
        PASS [   0.025s] (244/742) telperion-core::generation_limit_guard generation_limits_are_classified
        PASS [   0.004s] (245/742) telperion-core::generation_limit_guard new_literal_limits_are_detected
        PASS [   0.045s] (246/742) telperion-core::generation_limits a_fine_scaffold_step_reaches_the_authored_height
        PASS [   0.229s] (247/742) telperion-core::generation_limits caller_budget_above_old_ceiling_grows_the_complete_beech
        PASS [   0.005s] (248/742) telperion-core::generation_limits envelope_endpoints_and_small_shoulders_take_effect
        PASS [   0.006s] (249/742) telperion-core::generation_limits new_limits_are_named_validated_and_walked
        PASS [   0.005s] (250/742) telperion-core::generation_limits old_snapshots_are_refused_and_missing_new_json_fields_get_defaults
        PASS [   0.005s] (251/742) telperion-core::generation_limits out_of_range_node_budget_names_the_field
        PASS [   0.004s] (252/742) telperion-core::generation_limits sampling_budget_is_explicit_and_exhaustion_is_named
        PASS [   0.004s] (253/742) telperion-core::geometry_benchmark analytic_axes_taper_angles_and_degeneracy
        PASS [   0.004s] (254/742) telperion-core::geometry_benchmark biological_centroid_bins_count_needles_and_exclude_connectors
        PASS [   0.006s] (255/742) telperion-core::geometry_benchmark frozen_parameters_resolve_without_default_substitution
        PASS [  14.521s] (256/742) telperion-core branching::specimen::interval::tests::sparse_spruce_projects_only_changed_contact_paths
        PASS [   0.005s] (257/742) telperion-core::growth anatomy::fork_conservation_and_appended_radius_independence
        PASS [   0.005s] (258/742) telperion-core::growth anatomy::generation_limit_is_explicit
        PASS [   0.004s] (259/742) telperion-core::growth anatomy::local_anatomy_attachment_taper_and_resolution
        PASS [   0.004s] (260/742) telperion-core::growth anatomy::shedding_keeps_whole_runs_and_terminal_transition
        PASS [   0.005s] (261/742) telperion-core::growth anatomy::shedding_remaps_runs_preserves_transitions_and_caps
        PASS [   0.170s] (262/742) telperion-core::geometry_benchmark receipt_manifest_and_replay_controls
        PASS [   0.090s] (263/742) telperion-core::growth habit::a_crooked_row_subdivides_substantial_axes_without_effects
        PASS [   2.681s] (264/742) telperion-core::drop a_walk_of_the_drop_row_lowers_the_curtain_continuously
        PASS [   0.006s] (265/742) telperion-core::growth habit::clipped_local_axis_still_subdivides_before_its_terminal_twig
        PASS [   0.050s] (266/742) telperion-core::growth habit::a_persistent_leader_carries_hanging_wood
        PASS [   0.015s] (267/742) telperion-core::growth habit::every_habit_trait_is_a_range_and_names_itself
        PASS [   1.572s] (268/742) telperion-core::field generated_block_consumer_and_giant_samples_without_surface
        PASS [   0.066s] (269/742) telperion-core::growth limits::empty_caps_invalid_and_finite_rails
        PASS [   0.173s] (270/742) telperion-core::growth habit::habit_topology_bounds_seeds_and_limits_are_explicit
        PASS [   0.007s] (271/742) telperion-core::growth_reference beech_and_birch_record_mature_height_by_age
        PASS [   0.004s] (272/742) telperion-core::growth_reference every_shipped_species_growth_reference_matches_its_preset
        PASS [   0.004s] (273/742) telperion-core::identity every_pin_matches_its_catalogue_record
        PASS [   0.335s] (274/742) telperion-core::growth limits::natural_bias_is_independent_of_disabled_effects
        PASS [   0.402s] (275/742) telperion-core::growth limits::family_and_seed_controls_rederive_growth
        PASS [   0.050s] (276/742) telperion-core::limb_clumping a_value_off_the_rail_is_refused_by_name
        PASS [   0.276s] (277/742) telperion-core::limb_clumping a_clumped_crown_is_the_whole_crown_thinned_in_order
        PASS [   0.020s] (278/742) telperion-core::material_detail detail_rows_all_walk_at_an_interior_point
        PASS [   0.028s] (279/742) telperion-core::material_detail detail_rows_refuse_both_bounds_by_name_and_roundtrip_the_endpoints
        PASS [   0.005s] (280/742) telperion-core::material_detail every_shipped_canopy_row_crosses_the_wire_the_page_sends_unchanged
        PASS [   0.005s] (281/742) telperion-core::material_detail every_shipped_young_wood_row_crosses_the_wire_the_page_sends_unchanged
        PASS [   0.005s] (282/742) telperion-core::material_detail older_material_documents_gain_only_inert_detail_defaults
        PASS [   0.102s] (283/742) telperion-core::mesh a_family_the_generator_rejects_surfaces_its_own_message
        PASS [   1.820s] (284/742) telperion-core::growth complete_presets_are_deterministic_and_solved
        PASS [   0.005s] (285/742) telperion-core::outline a_blend_walks_the_amplitude_and_the_wavelength
        PASS [   0.018s] (286/742) telperion-core::outline a_neutral_amplitude_is_the_smooth_radius_to_the_byte
        PASS [   0.005s] (287/742) telperion-core::outline a_shell_with_an_amplitude_is_not_the_smooth_shell
        PASS [   1.176s] (288/742) telperion-core::limb_clumping the_growth_view_clumps_its_crown_as_well
        PASS [   0.007s] (289/742) telperion-core::outline one_seed_is_one_outline_and_two_seeds_are_two
        PASS [   0.004s] (290/742) telperion-core::outline the_outline_rows_are_refused_by_their_own_names
        PASS [   0.074s] (291/742) telperion-core::outline every_crown_node_lies_inside_the_shell_its_seed_shapes
        PASS [   0.013s] (292/742) telperion-core::outline the_perturbed_radius_stays_within_the_amplitude
        PASS [   0.041s] (293/742) telperion-core::packed_leaf a_leaf_cached_at_one_age_decodes_at_a_later_one
        PASS [   7.744s] (294/742) telperion-core foliage::packed::tests::every_preset_placement_round_trips_inside_r2
        PASS [   0.004s] (295/742) telperion-core::packed_leaf the_position_step_is_under_a_quarter_millimetre_for_every_species
        PASS [   4.086s] (296/742) telperion-core::packed_leaf a_crown_is_twelve_bytes_a_leaf
        PASS [   0.360s] (297/742) telperion-core::pendulous a_family_at_hang_zero_is_the_tree_the_curtain_never_reached
        PASS [   0.004s] (298/742) telperion-core::pendulous each_curtain_row_is_refused_by_its_own_name
        PASS [  34.064s] (299/742) telperion-core::species fixed_beeches_pass_geometry_and_profile_gates_with_repeatable_varied_specimens
        PASS [   3.916s] (300/742) telperion-core::pendulous the_curtain_grows_in_from_nothing_rather_than_switching_on
        PASS [   0.004s] (301/742) telperion-core::pendulous the_spruce_states_the_values_that_reproduce_the_constants
        PASS [   0.004s] (302/742) telperion-core::profile_distance nearest_profile_distance_preserves_scale_and_projection
        PASS [   1.721s] (303/742) telperion-core::pendulous the_floor_holds_under_every_hang_and_the_curtain_does_not_stack_on_it
        PASS [   1.731s] (304/742) telperion-core::sag a_sag_never_reaches_a_table_that_hangs_nothing
        PASS [   0.217s] (305/742) telperion-core::sag arc::a_hanging_shoot_turns_toward_the_ground_and_never_back
        PASS [   0.527s] (306/742) telperion-core::sag arc::a_sag_carries_a_shoot_past_what_holds_a_stiff_one_back
        PASS [   0.258s] (307/742) telperion-core::sag arc::a_shoot_of_its_full_pendulous_length_turns_the_stated_fraction
        PASS [   0.420s] (308/742) telperion-core::sag arc::the_lower_half_of_a_shoot_at_full_sag_hangs_all_but_straight_down
        PASS [   0.161s] (309/742) telperion-core::sag every_shipped_preset_at_neutral_sag_is_the_tree_the_row_never_reached
        PASS [   2.023s] (310/742) telperion-core::sag a_walk_of_the_sag_row_bends_the_curtain_continuously
        PASS [  13.444s] (311/742) telperion-core::identity shipped_species_meshes_are_the_tree_recorded_before_the_levels
        PASS [   0.140s] (312/742) telperion-core::short_shoots a_short_shoot_stands_only_on_limb_and_branch_wood_under_the_row
        PASS [  12.026s] (313/742) telperion-core::packed_leaf no_station_of_any_shipped_species_falls_outside_its_box
        PASS [   0.205s] (314/742) telperion-core::short_shoots a_zero_spacing_is_inert_whatever_the_other_rows_say
        PASS [   0.004s] (315/742) telperion-core::short_shoots every_table_but_the_beech_grows_none
        PASS [   0.087s] (316/742) telperion-core::short_shoots every_row_is_refused_by_name_off_its_rail
        PASS [   0.069s] (317/742) telperion-core::short_shoots order::a_monthly_replay_and_a_growth_view_draw_what_a_fresh_build_draws
        PASS [   0.463s] (318/742) telperion-core::short_shoots order::a_walk_from_none_thins_in_and_closes_continuously
        PASS [   0.921s] (319/742) telperion-core::short_shoots every_cluster_carries_the_row_s_count_of_leaves
        PASS [  11.150s] (320/742) telperion-core::packed_leaf the_reference_box_does_not_move_with_age
        PASS [   0.865s] (321/742) telperion-core::short_shoots order::the_same_wood_draws_the_same_short_shoots_in_any_storage_order
        PASS [   0.538s] (322/742) telperion-core::short_shoots short_shoots_append_and_leave_every_other_leaf_its_bytes
        PASS [   0.004s] (323/742) telperion-core::species_metrics a_fork_below_breast_height_is_two_stems_there_and_above_it_one
        PASS [   0.004s] (324/742) telperion-core::species_metrics analytic_units_dbh_axes_and_retained_area
        PASS [   0.003s] (325/742) telperion-core::species_metrics gates_do_not_pass_estimates_missing_values_or_outliers
        PASS [   0.005s] (326/742) telperion-core::species_metrics measured_species_subsets_exclude_connectors_and_use_transformed_geometry
        PASS [   0.004s] (327/742) telperion-core::species_metrics missing_multi_stemmed_truncated_and_nonfinite_are_distinct
        PASS [   0.004s] (328/742) telperion-core::species_metrics overflow_and_degenerate_geometry_fail_explicitly
        PASS [   0.416s] (329/742) telperion-core::short_shoots the_instance_budget_counts_short_shoot_leaves
        PASS [   0.014s] (330/742) telperion-core::specimen_cache a_family_that_is_not_a_shipped_table_is_built_and_never_stored
        PASS [   0.004s] (331/742) telperion-core::specimen_cache a_stored_specimen_that_differs_from_the_fresh_one_fails_by_its_path
        PASS [   0.008s] (332/742) telperion-core::specimen_cache the_cache_directory_is_ignored_by_git
        PASS [   0.005s] (333/742) telperion-core::specimen_handle specimen_handle_ceiling_can_resume_and_snapshot_keeps_compacted_history
        PASS [   0.004s] (334/742) telperion-core::specimen_handle specimen_handle_recovery_and_ownership
        PASS [   0.004s] (335/742) telperion-core::specimen_handle specimen_snapshot_detects_payload_corruption_and_keeps_the_handle
        PASS [   0.005s] (336/742) telperion-core::specimen_handle specimen_snapshot_round_trip_reads_and_continuation
        PASS [   0.065s] (337/742) telperion-core::specimen_cache a_key_miss_generates_and_stores_and_the_next_read_is_the_stored_specimen
        PASS [   0.037s] (338/742) telperion-core::specimen_view scrubbed_view_can_advance_beyond_its_old_history_window
        PASS [   0.016s] (339/742) telperion-core::specimen_view specimen_view_scrubs_advances_and_rebuilds_one_chronicle
        PASS [   0.062s] (340/742) telperion-core::stem_fork_height a_stem_born_on_a_stem_leaves_from_a_socket_not_the_ground
        PASS [   0.850s] (341/742) telperion-core::short_shoots the_beech_carries_most_of_its_leaves_on_short_shoots
        PASS [   0.022s] (342/742) telperion-core::stem_fork_height the_girth_below_the_fork_is_the_pipe_models_sum
        PASS [   1.340s] (343/742) telperion-core::short_shoots short_shoots_add_no_node_to_the_skeleton
        PASS [   0.005s] (344/742) telperion-core::stem_fork_height the_rail_is_refused_by_the_name_of_the_row
        PASS [   0.071s] (345/742) telperion-core::stem_fork_height the_later_stem_leaves_the_first_at_the_fork_height
        PASS [   0.095s] (346/742) telperion-core::stem_lean_spread a_spread_clump_grows_its_stems_leaning_in_order
        PASS [   0.213s] (347/742) telperion-core::stem_fork_height the_walk_from_the_ground_lifts_the_fork
        PASS [   0.004s] (348/742) telperion-core::stem_lean_spread the_rail_is_refused_by_the_name_of_the_row
        PASS [   0.192s] (349/742) telperion-core::stem_lean_spread the_walk_from_an_even_lean_to_a_spread_one_stands_the_first_stem_up
        PASS [  15.345s] (350/742) telperion-core::mesh every_preset_builds_a_mesh_whose_counts_and_bounds_describe_its_buffers
        PASS [   0.011s] (351/742) telperion-core::stems a_clump_that_cannot_be_placed_names_the_stem_that_is_wrong
        PASS [   0.037s] (352/742) telperion-core::stems a_stems_own_root_is_never_shed
        PASS [   0.006s] (353/742) telperion-core::stems each_rail_is_refused_by_the_name_of_the_row_that_is_wrong
        PASS [   0.600s] (354/742) telperion-core::stems a_clump_grows_one_axis_per_stem_inside_the_shell_and_clear_of_each_other
        PASS [   3.504s] (355/742) telperion-core::sag the_same_seed_and_row_grow_the_same_curtain
        PASS [   0.215s] (356/742) telperion-core::stems the_diameter_proxy_reports_the_largest_stem_and_how_many_there_were
        PASS [   0.218s] (357/742) telperion-core::stems the_stems_share_the_base_through_the_pipe_model
        PASS [   2.078s] (358/742) telperion-core::specimen_view a_clump_that_parts_above_the_ground_is_viewed_as_it_is_read
        PASS [   0.066s] (359/742) telperion-core::strands a_short_strand_under_a_full_sag_ends_hanging_straight_down
        PASS [   1.235s] (360/742) telperion-core::stems every_stem_is_swept_as_a_trunk_run
        PASS [   0.199s] (361/742) telperion-core::stems the_walk_from_one_stem_to_two_opens_the_clump_rather_than_switching_it
        PASS [   0.676s] (362/742) telperion-core::strands a_variation_never_reaches_a_table_that_hangs_nothing
        PASS [   0.676s] (363/742) telperion-core::strands a_walk_of_the_variation_row_shortens_the_curtain_continuously
        PASS [   0.005s] (364/742) telperion-core::strands the_row_rides_the_wire_and_is_refused_by_name_off_its_rail
        PASS [   0.138s] (365/742) telperion-core::strands the_runs_spread_between_the_pendulous_length_and_its_shortened_share
        PASS [   0.004s] (366/742) telperion-core::surface empty_degenerate_and_invalid_are_atomic
        PASS [   0.004s] (367/742) telperion-core::surface every_vertex_carries_how_far_along_and_how_far_around_it_lies
        PASS [   0.004s] (368/742) telperion-core::surface fork_socket_is_contained_and_thickest_child_continues
        PASS [   0.004s] (369/742) telperion-core::surface reversed_path_keeps_finite_frames
        PASS [   0.004s] (370/742) telperion-core::surface root_only_and_float32_limits
        PASS [   0.004s] (371/742) telperion-core::surface tapered_closed_surface_has_normals_and_bounds
        PASS [   0.004s] (372/742) telperion-core::surface_attachments needle_origins_touch_rendered_facets_across_bends_and_sockets
        PASS [   0.004s] (373/742) telperion-core::surface_collapse a_position_float32_cannot_hold_is_still_an_error
        PASS [   0.004s] (374/742) telperion-core::surface_collapse a_ring_collapsed_to_one_point_drops_the_strips_that_meet_it
        PASS [   0.004s] (375/742) telperion-core::surface_collapse a_tip_below_float32_resolution_far_out_drops_its_cap
        PASS [   0.004s] (376/742) telperion-core::surface_collapse a_vertex_left_without_a_triangle_faces_out_from_its_ring
        PASS [   0.003s] (377/742) telperion-core::surface_collapse past_two_rings_worth_the_tree_fails_naming_the_count
        PASS [   0.384s] (378/742) telperion-core::strands one_seed_is_one_curtain_whatever_order_it_grows_in
        PASS [   0.004s] (379/742) telperion-core::surface_collapse the_run_table_shrinks_only_the_run_that_dropped
        PASS [   0.004s] (380/742) telperion-core::surface_prepared clumps_reserve_every_buried_ring_and_collapsed_surfaces_fall_back
        PASS [   0.004s] (381/742) telperion-core::surface_prepared compact_precision_domain_boundaries
        PASS [   0.004s] (382/742) telperion-core::surface_prepared prepared_preserves_canonical_surface_without_expanded_arrays
        PASS [   0.003s] (383/742) telperion-core::surface_prepared root_only_has_no_surface_or_gpu_work
        PASS [   0.004s] (384/742) telperion-core::surface_prepared shared_contacts_preserve_station_stream_and_rounded_rings
        PASS [   0.004s] (385/742) telperion-core::surface_prepared shared_empty_and_validation_outcomes_are_explicit
        PASS [   1.080s] (386/742) telperion-core::strands every_shipped_preset_at_neutral_variation_is_the_tree_the_row_never_reached
        PASS [   1.145s] (387/742) telperion-core::surface_collapse the_reproducing_beech_builds_and_drops_two_triangles
        PASS [   0.015s] (388/742) telperion-core::sweep every_wire_parameter_a_preset_moves_is_walked
        PASS [   0.013s] (389/742) telperion-core::sweep the_ends_of_a_walk_are_the_rows_themselves_and_a_row_walked_with_itself_holds
        PASS [   0.285s] (390/742) telperion-core::sweep the_oak_to_birch_walk_ramps_the_curtain_up_from_nothing
        PASS [   0.158s] (391/742) telperion-core::sweep the_oak_to_spruce_walk_has_no_switch_frame
        PASS [   0.244s] (392/742) telperion-core::terminal_taper only_childless_species_structure_gets_terminal_taper
        PASS [   0.005s] (393/742) telperion-core::twig_generations a_blend_walks_the_count_in_integer_steps
        PASS [   0.004s] (394/742) telperion-core::twig_generations a_lateral_the_cap_makes_a_twig_still_bears_its_leaves
        PASS [   0.789s] (395/742) telperion-core::twig_generations authored_generations_complete_within_the_caller_budget
        PASS [   0.004s] (396/742) telperion-core::twig_generations no_lateral_is_born_past_the_cap_whatever_the_radii
        PASS [   0.730s] (397/742) telperion-core::twig_generations the_beech_stays_at_its_stated_depth_whatever_its_radii
        PASS [  46.041s] (398/742) telperion-core::species fixed_spruces_pass_geometry_and_profile_gates_with_repeatable_varied_specimens
        PASS [   0.004s] (399/742) telperion-core::twig_generations the_rail_is_one_to_six_and_refused_by_name
        PASS [   0.179s] (400/742) telperion-core::twig_generations the_neutral_reaches_no_shipped_preset
        PASS [   0.005s] (401/742) telperion-jev caller::date_tests::epoch_is_1970_01_01
        PASS [   0.004s] (402/742) telperion-jev caller::date_tests::known_day
        PASS [   0.004s] (403/742) telperion-jev ledger::tests::ids_are_unique_and_used_as_the_reference
        PASS [   0.004s] (404/742) telperion-jev ledger::tests::write_refuses_to_overwrite
        PASS [   0.004s] (405/742) telperion-jev pipeline::canon::tests::a_number_read_back_from_its_canonical_bytes_writes_the_same_bytes
        PASS [   0.004s] (406/742) telperion-jev pipeline::canon::tests::canonical_bytes_sort_keys_and_end_with_one_newline
        PASS [   0.004s] (407/742) telperion-jev pipeline::canon::tests::read_json_names_the_path_on_a_missing_file
        PASS [   0.004s] (408/742) telperion-jev pipeline::canon::tests::write_atomic_leaves_no_temporary_file_and_replaces_the_target
        PASS [   0.004s] (409/742) telperion-jev pipeline::canon::tests::write_canonical_returns_the_checksum_of_the_bytes_on_disk
        PASS [   0.004s] (410/742) telperion-jev pipeline::consume::tests::a_replace_source_without_a_url_is_refused
        PASS [   0.004s] (411/742) telperion-jev pipeline::consume::tests::an_option_no_stage_consumes_is_refused_naming_the_kind_and_the_consumed_ones
        PASS [   0.004s] (412/742) telperion-jev pipeline::consume::tests::the_consuming_stage_is_recorded_once_and_a_rejected_proposal_stops_later_stages
        PASS [   0.004s] (413/742) telperion-jev pipeline::decision::tests::a_stale_resolution_is_void_and_the_decision_reopens
        PASS [   0.004s] (414/742) telperion-jev pipeline::decision::tests::an_unknown_option_does_not_resolve
        PASS [   0.004s] (415/742) telperion-jev pipeline::decision::tests::append_deduplicates_by_id_and_sorts
        PASS [   0.004s] (416/742) telperion-jev pipeline::decision::tests::id_is_species_stage_kind_field_age
        PASS [   0.004s] (417/742) telperion-jev pipeline::decision::tests::open_for_stage_splits_global_and_field_scoped
        PASS [   0.004s] (418/742) telperion-jev pipeline::gap::cli::tests::every_command_names_the_flag_it_lacks_before_it_reads_anything
        PASS [   0.004s] (419/742) telperion-jev pipeline::gap::cli::tests::the_verdict_file_reads_a_bare_list_or_one_under_verdicts
        PASS [   0.004s] (420/742) telperion-jev pipeline::gap::metrics::tests::a_gap_the_owner_took_is_never_a_reversal_and_the_record_carries_all_three_numbers
        PASS [   0.004s] (421/742) telperion-jev pipeline::gap::metrics::tests::an_owner_resolution_naming_another_option_is_the_reversal_the_record_carries
        PASS [   0.005s] (422/742) telperion-jev pipeline::gap::metrics::tests::autonomy_counts_every_route_and_the_share_the_loop_took
        PASS [   0.004s] (423/742) telperion-jev pipeline::gap::option::tests::a_set_holds_two_to_four_options_for_its_own_gap
        PASS [   0.004s] (424/742) telperion-jev pipeline::gap::option::tests::an_empty_agent_set_goes_to_the_stronger_model_and_an_empty_stronger_set_to_the_owner
        PASS [   0.004s] (425/742) telperion-jev pipeline::gap::option::tests::the_owner_flags_default_to_false_when_the_file_omits_them
        PASS [   0.004s] (426/742) telperion-jev pipeline::gap::option::tests::the_stronger_model_never_writes_first_and_the_agent_never_twice
        PASS [   0.004s] (427/742) telperion-jev pipeline::gap::questions::tests::every_case_is_answerable_and_the_set_carries_a_no_match_case
        PASS [   0.009s] (428/742) telperion-jev pipeline::gap::questions::tests::the_questions_ask_four_per_option_and_one_best_match_with_a_no_match_key
        PASS [   0.005s] (429/742) telperion-jev pipeline::gap::questions::tests::the_state_leaves_the_declared_kind_and_pin_out
        PASS [   0.004s] (430/742) telperion-jev pipeline::gap::rounds::tests::a_second_verdict_keeps_its_own_count_and_acceptance_is_recorded_per_verdict
        PASS [   0.004s] (431/742) telperion-jev pipeline::gap::rounds::tests::two_rounds_are_allowed_and_the_third_is_refused_for_the_owner
        PASS [   0.004s] (432/742) telperion-jev pipeline::gap::route::tests::a_judged_pin_counts_like_a_declared_one_and_no_match_keeps_every_signal
        PASS [   0.004s] (433/742) telperion-jev pipeline::gap::route::tests::an_empty_answer_set_still_records_a_full_signal_row
        PASS [   0.004s] (434/742) telperion-jev pipeline::gap::route::tests::the_signals_are_the_top_options_with_the_spread_read_from_the_distribution
        PASS [   0.004s] (435/742) telperion-jev pipeline::gap::table::tests::a_clear_winner_proceeds_and_each_owner_signal_overrides_it
        PASS [   0.004s] (436/742) telperion-jev pipeline::gap::table::tests::a_close_spread_or_no_match_goes_to_the_stronger_model
        PASS [   0.004s] (437/742) telperion-jev pipeline::gap::table::tests::a_missing_signal_routes_to_the_owner_by_rule
        PASS [   0.004s] (438/742) telperion-jev pipeline::gap::table::tests::the_shipped_table_parses_and_ends_in_a_catch_all_row
        PASS [   0.004s] (439/742) telperion-jev pipeline::gap::tests::the_slug_drops_the_species_and_joins_the_rest
        PASS [   0.004s] (440/742) telperion-jev pipeline::judge::tests::the_identity_depends_on_state_questions_and_model_only
        PASS [   0.004s] (441/742) telperion-jev pipeline::judge::tests::the_index_keeps_the_first_entry_per_identity
        PASS [   0.004s] (442/742) telperion-jev pipeline::known::root_tests::the_flow_root_is_the_nearest_dot_flow_ancestor
        PASS [   0.004s] (443/742) telperion-jev pipeline::known::tests::a_catalogued_source_is_known_by_its_species_folder_and_the_tables_it_holds
        PASS [   0.004s] (444/742) telperion-jev pipeline::known::tests::merging_widens_dimensions_and_keeps_an_error
        PASS [   0.004s] (445/742) telperion-jev pipeline::known::tests::the_research_section_ends_at_the_next_heading_and_urls_lose_trailing_punctuation
        PASS [   0.004s] (446/742) telperion-jev pipeline::manifest::tests::a_minimal_manifest_loads_with_its_file_checksum
        PASS [   0.004s] (447/742) telperion-jev pipeline::manifest::tests::sufficiency_levels_order_none_below_sufficient
        PASS [   0.004s] (448/742) telperion-jev pipeline::manifest::tests::the_seed_checksum_ignores_admission_and_follows_a_seed_edit
        PASS [   0.004s] (449/742) telperion-jev pipeline::manifest::tests::validation_names_the_broken_entry
        PASS [   0.004s] (450/742) telperion-jev pipeline::stage::tests::a_global_open_decision_stops_the_stage_by_id
        PASS [   0.004s] (451/742) telperion-jev pipeline::stage::tests::a_missing_manifest_names_the_stage_and_the_path
        PASS [   0.004s] (452/742) telperion-jev pipeline::stage::tests::the_command_log_keeps_every_argv_in_order
        PASS [   0.005s] (453/742) telperion-jev pipeline::stage::tests::the_key_changes_with_every_covered_input_and_the_artifact_is_current_only_on_match
        PASS [   0.004s] (454/742) telperion-jev pipeline::stages::discover::tests::the_query_reads_the_field_in_words_not_its_id
        PASS [   0.004s] (455/742) telperion-jev pipeline::stages::document::tests::a_claim_is_a_body_line_per_cited_source_and_never_a_generated_block
        PASS [   0.005s] (456/742) telperion-jev pipeline::stages::select::tests::a_span_yields_its_numbers_in_metres
        PASS [   0.004s] (457/742) telperion-jev pipeline::swap::tests::a_command_outside_the_runbook_fails_the_trial_and_names_it
        PASS [   0.004s] (458/742) telperion-jev pipeline::swap::tests::an_absent_artifact_on_one_side_is_one_difference_at_the_root
        PASS [   0.004s] (459/742) telperion-jev pipeline::swap::tests::identical_artifacts_pass_and_a_changed_leaf_is_named_by_pointer
        PASS [   0.004s] (460/742) telperion-jev::adapter a_flattened_table_is_a_coverage_gap
        PASS [   0.004s] (461/742) telperion-jev::adapter a_merged_table_is_a_coverage_gap_and_its_block_yields_the_species_rows
        PASS [   0.004s] (462/742) telperion-jev::adapter a_pdf_scrape_names_a_file_under_the_cache_directory
        PASS [   0.007s] (463/742) telperion-jev::adapter a_rejected_credential_is_unauthenticated_and_every_other_failure_is_failed
        PASS [   0.003s] (464/742) telperion-jev::adapter checksums_separate_the_raw_response_from_the_markdown
        PASS [   0.003s] (465/742) telperion-jev::adapter credits_are_read_where_the_cli_prices_a_call_and_estimated_where_it_does_not
        PASS [   0.004s] (466/742) telperion-jev::adapter fixture_adapter_fails_on_an_unknown_url
        PASS [   0.004s] (467/742) telperion-jev::adapter fixture_adapter_round_trips_scrape_search_research_and_parse
        PASS [   0.004s] (468/742) telperion-jev::adapter is_pdf_reads_the_content_type_then_the_url
        PASS [   0.010s] (469/742) telperion-jev::adapter the_cli_adapter_builds_its_arguments_and_reads_the_output
        PASS [   0.004s] (470/742) telperion-jev::adapter the_spruce_table_yields_eleven_age_indexed_rows_with_commas_converted
        PASS [   1.481s] (471/742) telperion-core::twig_generations the_same_seed_and_rows_grow_the_same_tree
        PASS [   0.004s] (472/742) telperion-jev::caller malformed_json_records_a_failure_entry
        PASS [   0.004s] (473/742) telperion-jev::caller missing_key_names_bashrc_and_never_prints_a_secret
        PASS [   1.004s] (474/742) telperion-jev::caller retries_429_then_records_success
        PASS [   0.004s] (475/742) telperion-jev::caller same_state_writes_distinct_ids_and_files
        PASS [   0.004s] (476/742) telperion-jev::caller transport_error_writes_a_ledger_entry
        PASS [   0.006s] (477/742) telperion-jev::cite_triage citation_lists_o1_and_passes_the_six_true_claims
        PASS [   0.004s] (478/742) telperion-jev::cite_triage citation_parses_research_bullets
        PASS [   0.004s] (479/742) telperion-jev::cite_triage citation_unreachable_and_no_section
        PASS [   0.008s] (480/742) telperion-jev::cite_triage labelled_cases_meet_pilot_offline
        PASS [   0.005s] (481/742) telperion-jev::cite_triage low_confidence_measured_size_is_listed_with_both_ledgers
        PASS [   0.005s] (482/742) telperion-jev::cite_triage parse_research_keeps_url_less_bullets_and_reuses_same_paper
        PASS [   0.006s] (483/742) telperion-jev::cite_triage triage_routes_eight_of_eight_and_ranks_true_pairs
        PASS [   0.004s] (484/742) telperion-jev::cite_triage triage_writes_only_the_ledger
        PASS [   0.004s] (485/742) telperion-jev::cite_triage unassessable_observation_is_unassessed
        PASS [   0.004s] (486/742) telperion-jev::cite_triage unmatched_observation_returns_new_spec
        PASS [   0.004s] (487/742) telperion-jev::cite_triage whole_spec_uses_only_the_research_section
        PASS [   0.006s] (488/742) telperion-jev::curve a_dimension_with_too_few_points_is_skipped_not_fitted
        PASS [   0.008s] (489/742) telperion-jev::curve a_miss_beyond_tolerance_is_filed_and_one_inside_it_is_not
        PASS [   0.003s] (490/742) telperion-jev::curve a_table_of_one_row_is_too_few_points
        PASS [   0.006s] (491/742) telperion-jev::curve a_tie_keeps_the_first_minimum_in_grid_order
        PASS [   0.005s] (492/742) telperion-jev::curve an_age_beyond_the_last_row_is_unavailable_never_extrapolated
        PASS [   0.004s] (493/742) telperion-jev::curve below_the_first_row_is_unavailable_when_the_manifest_says_so
        PASS [   0.003s] (494/742) telperion-jev::curve gould_worked_case_grows_2_82_cm_per_decade_at_40_cm
        PASS [   0.005s] (495/742) telperion-jev::curve height_and_diameter_misses_are_independent
        PASS [   0.004s] (496/742) telperion-jev::curve interpolation_is_linear_between_rows
        PASS [   0.003s] (497/742) telperion-jev::curve mature_age_is_the_first_saturated_integer_year
        PASS [   0.006s] (498/742) telperion-jev::curve oak_fit_matches_fn30
        PASS [   0.006s] (499/742) telperion-jev::curve spruce_fit_matches_fn30
        PASS [   0.004s] (500/742) telperion-jev::curve the_gould_composition_stops_at_its_last_age
        PASS [   0.004s] (501/742) telperion-jev::curve unit_conversion_runs_in_code
        PASS [   0.004s] (502/742) telperion-jev::curve unsorted_duplicate_or_non_finite_rows_are_rejected
        PASS [   0.004s] (503/742) telperion-jev::extract empty_source_yields_no_sentence
        PASS [   0.006s] (504/742) telperion-jev::extract html_tags_do_not_enter_candidate_text
        PASS [   0.004s] (505/742) telperion-jev::extract key_terms_missing_section_is_none
        PASS [   0.004s] (506/742) telperion-jev::extract long_sentence_splits_with_a_bounded_neighbourhood
        PASS [   0.005s] (507/742) telperion-jev::extract recall_covers_foot_the_pilot_missed
        PASS [   0.005s] (508/742) telperion-jev::extract selection_cases_all_have_their_expected_span_or_none
        PASS [   0.005s] (509/742) telperion-jev::extract unicode_offsets_stay_on_char_boundaries
        PASS [   0.004s] (510/742) telperion-jev::gap a_decision_that_is_not_a_halt_never_starts_the_loop
        PASS [   0.005s] (511/742) telperion-jev::gap a_fix_that_moves_a_pin_is_the_owners_and_lands_only_with_the_pin_note
        PASS [   0.005s] (512/742) telperion-jev::gap a_gap_spec_reviewed_needs_work_twice_files_for_the_owner
        PASS [   0.005s] (513/742) telperion-jev::gap a_reroute_reads_the_recorded_signals_again_and_an_owner_override_is_a_reversal
        PASS [   0.005s] (514/742) telperion-jev::gap an_empty_agent_set_escalates_and_the_stronger_models_set_routes_proceeds_and_resumes
        PASS [   0.004s] (515/742) telperion-jev::isolation a_render_subdirectory_of_the_browser_source_is_scanned
        PASS [   0.004s] (516/742) telperion-jev::isolation failure_names_the_file_and_the_rule
        PASS [   0.010s] (517/742) telperion-jev::isolation generation_path_does_not_import_the_caller_or_name_the_endpoint
        PASS [   0.010s] (518/742) telperion-jev::pipeline_fixes a_merged_table_and_a_missing_block_file_coverage_gap_and_its_options_are_consumed
        PASS [   0.007s] (519/742) telperion-jev::pipeline_fixes a_page_the_store_rejects_files_unavailable_source_with_the_error_verbatim
        PASS [   0.008s] (520/742) telperion-jev::pipeline_fixes admitting_the_manifest_does_not_rerun_discovery_and_a_seed_edit_does
        PASS [   0.006s] (521/742) telperion-jev::pipeline_fixes discovery_lists_the_repository_sources_first_and_never_proposes_one_with_a_fetch_error
        PASS [   0.009s] (522/742) telperion-jev::pipeline_fixes each_unavailable_source_option_changes_the_next_fetch_and_the_rest_are_refused
        PASS [   0.007s] (523/742) telperion-jev::pipeline_fixes the_report_sums_cost_per_stage_and_a_rerun_shows_one_discovery
        PASS [   0.007s] (524/742) telperion-jev::pipeline_upstream a_field_below_the_bar_files_data_insufficient_and_select_records_it_unavailable
        PASS [   0.005s] (525/742) telperion-jev::pipeline_upstream a_missing_earlier_artifact_names_the_stage_and_the_path
        PASS [   0.005s] (526/742) telperion-jev::pipeline_upstream a_run_directory_keeps_a_runs_scratch_out_of_the_species_folder
        PASS [   0.004s] (527/742) telperion-jev::pipeline_upstream discovery_lists_every_catalogued_source_before_it_searches_the_web
        PASS [   0.009s] (528/742) telperion-jev::pipeline_upstream the_upstream_chain_runs_over_fixtures_and_fills_the_packet_with_provenance
        PASS [   0.003s] (529/742) telperion-jev::routes routes::a_described_entry_round_trips_and_carries_no_probability
        PASS [   0.004s] (530/742) telperion-jev::routes routes::described_breaks_a_tie_by_table_order
        PASS [   0.003s] (531/742) telperion-jev::routes routes::described_keeps_the_others_selectable_past_a_measurement_error
        PASS [   0.003s] (532/742) telperion-jev::routes routes::described_measures_every_candidate_exactly_once
        PASS [   0.003s] (533/742) telperion-jev::routes routes::described_ships_the_in_range_candidate_nearest_the_midpoint
        PASS [   0.003s] (534/742) telperion-jev::routes routes::described_with_a_reversed_range_is_unavailable
        PASS [   0.003s] (535/742) telperion-jev::routes routes::described_with_an_unknown_level_is_unavailable
        PASS [   0.004s] (536/742) telperion-jev::routes routes::described_with_no_candidate_in_range_is_a_level_miss
        PASS [   0.003s] (537/742) telperion-jev::routes routes::described_with_no_candidate_values_is_unavailable
        PASS [   0.004s] (538/742) telperion-jev::routes routes::family_for_nests_a_dotted_dial
        PASS [   0.003s] (539/742) telperion-jev::routes routes::metric_reads_every_shape_the_species_example_writes
        PASS [   0.003s] (540/742) telperion-jev::routes routes::ranking_puts_in_range_first_then_distance_then_table_order
        PASS [   0.003s] (541/742) telperion-jev::routes routes::transfer_computes_the_candidate_from_the_reference_and_the_level
        PASS [   0.003s] (542/742) telperion-jev::routes routes::transfer_files_no_reference_when_the_manifest_forbids_the_other_growth_form
        PASS [   0.003s] (543/742) telperion-jev::routes routes::transfer_interpolates_between_two_bracketing_references
        PASS [   0.003s] (544/742) telperion-jev::routes routes::transfer_outside_the_levels_range_is_unavailable
        PASS [   0.003s] (545/742) telperion-jev::routes routes::transfer_takes_another_growth_form_when_the_manifest_allows_it
        PASS [   0.003s] (546/742) telperion-jev::routes routes::transfer_with_a_nearest_answer_of_none_files_no_reference
        PASS [   0.004s] (547/742) telperion-jev::screen empty_source_prints_checksum_and_no_rows
        PASS [   0.005s] (548/742) telperion-jev::screen forged_span_is_a_contract_failure
        PASS [   0.003s] (549/742) telperion-jev::screen questions_always_offer_a_no_match
        PASS [   0.006s] (550/742) telperion-jev::screen screen_scores_twelve_of_twelve_and_o1_is_a_site_criterion
        PASS [   0.005s] (551/742) telperion-jev::screen screen_state_fields_stay_within_the_limit
        PASS [   0.005s] (552/742) telperion-jev::screen selection_scores_five_of_five
        PASS [   0.005s] (553/742) telperion-jev::screen spread_none_prints_the_candidate_list
        PASS [   0.004s] (554/742) telperion-jev::sets built_questions_keep_the_table_order_and_offer_a_no_match_answer
        PASS [   0.004s] (555/742) telperion-jev::sets every_set_is_version_one_and_its_cases_carry_the_fields_the_runner_reads
        PASS [   0.004s] (556/742) telperion-jev::sets level_from_score_rounds_to_the_nearest_level_and_clamps
        PASS [   0.004s] (557/742) telperion-jev::sets missed_ids_names_the_cases_a_set_missed
        PASS [   0.008s] (558/742) telperion-jev::sets the_runner_scores_every_set_labelled_and_held_out_against_its_bound
        PASS [   0.007s] (559/742) telperion-jev::stages_downstream a_one_row_table_files_missing_curve_and_the_other_dimension_still_fits
        PASS [   0.004s] (560/742) telperion-jev::stages_downstream a_registered_table_that_does_not_produce_what_the_species_requires_is_its_own_gate
        PASS [   0.004s] (561/742) telperion-jev::stages_downstream a_required_name_the_vocabulary_does_not_carry_is_unrecognised_not_missing
        PASS [   0.004s] (562/742) telperion-jev::stages_downstream a_species_with_no_recorded_assessment_does_not_pass_the_capability_gate
        PASS [   0.004s] (563/742) telperion-jev::stages_downstream a_table_probe_that_errors_files_the_error_and_never_an_empty_list
        PASS [   0.004s] (564/742) telperion-jev::stages_downstream an_empty_packet_list_does_not_erase_the_manifests_recorded_assessment
        PASS [   0.008s] (565/742) telperion-jev::stages_downstream an_unchanged_rerun_of_the_fit_is_current_and_writes_nothing_new
        PASS [   0.005s] (566/742) telperion-jev::stages_downstream generate_files_level_miss_when_no_candidate_lands_in_range
        PASS [   0.005s] (567/742) telperion-jev::stages_downstream generate_files_no_reference_when_the_nearest_answer_is_none
        PASS [   0.005s] (568/742) telperion-jev::stages_downstream generate_ships_a_described_value_into_the_sidecar_at_the_dials_pointer
        PASS [   0.005s] (569/742) telperion-jev::stages_downstream the_date_palms_recorded_needs_are_five_missing_organs_and_no_false_positive
        PASS [   0.006s] (570/742) telperion-jev::stages_downstream the_fit_reproduces_fn30s_oak_and_files_a_tolerance_miss_per_age
        PASS [   0.005s] (571/742) telperion-jev::stages_downstream the_gate_files_nothing_when_every_gate_is_answered
        PASS [   0.004s] (572/742) telperion-jev::stages_downstream the_gate_files_onboarding_gate_for_an_unregistered_preset
        PASS [   0.004s] (573/742) telperion-jev::stages_downstream the_gate_records_the_vocabulary_version_it_compared_against
        PASS [   0.004s] (574/742) telperion-jev::stages_downstream the_packets_species_record_carries_exactly_the_closed_keys
        PASS [   0.009s] (575/742) telperion-jev::stages_downstream the_report_is_halted_with_an_open_decision_and_complete_once_it_is_resolved
        PASS [   0.007s] (576/742) telperion-jev::stages_downstream the_reports_inputs_name_every_artifact_it_read
        PASS [   0.010s] (577/742) telperion-jev::validation_fn30 the_fit_over_the_fixtures_reproduces_fn30_for_the_oak_and_the_spruce
        PASS [   0.010s] (578/742) telperion-jev::validation_fn30 two_isolated_runs_over_the_same_fixtures_compare_identical
        PASS [   0.004s] (579/742) telperion-jev::bin/jev tests::triage_requires_standard_before_the_key
        PASS [   0.003s] (580/742) telperion-render buffer::tests::a_second_smaller_submit_reuses_the_allocation
        PASS [   0.004s] (581/742) telperion-render buffer::tests::a_submit_that_outgrows_the_headroom_allocates_again
        PASS [   0.004s] (582/742) telperion-render buffer::tests::an_allocation_carries_headroom_above_what_it_holds
        PASS [   0.005s] (583/742) telperion-render buffer::tests::an_empty_tree_asks_for_nothing
        PASS [   0.004s] (584/742) telperion-render camera::tests::a_close_up_aims_at_the_stem_and_a_framed_shot_at_the_bounds
        PASS [   0.004s] (585/742) telperion-render camera::tests::a_shot_aims_where_it_says_and_never_sinks_underground
        PASS [   0.005s] (586/742) telperion-render camera::tests::a_shot_fills_the_frame_it_states_on_any_aspect
        PASS [   0.004s] (587/742) telperion-render camera::tests::a_subject_smaller_than_a_person_still_fills_its_frame
        PASS [   0.004s] (588/742) telperion-render camera::tests::a_sweep_turns_the_eye_about_the_subject_and_keeps_its_height
        PASS [   0.004s] (589/742) telperion-render camera::tests::a_walk_keeps_the_subject_and_the_stand_off_between_its_ends
        PASS [   0.004s] (590/742) telperion-render camera::tests::a_walk_stands_at_a_hero_pose_at_each_of_its_ends
        PASS [   0.004s] (591/742) telperion-render camera::tests::a_whole_sweep_comes_back_to_the_pose_it_left
        PASS [   0.005s] (592/742) telperion-render camera::tests::an_orbit_keeps_the_hero_height_and_the_hero_distance
        PASS [   0.005s] (593/742) telperion-render camera::tests::the_camera_never_stands_underground
        PASS [   0.004s] (594/742) telperion-render camera::tests::the_default_shot_looks_from_where_the_hero_pose_does
        PASS [   0.004s] (595/742) telperion-render camera::tests::the_far_plane_clears_the_ground_disc
        PASS [   0.004s] (596/742) telperion-render camera::tests::the_margin_is_the_only_air_around_the_crown
        PASS [   0.004s] (597/742) telperion-render camera::tests::the_whole_crown_sits_inside_the_frame
        PASS [   0.003s] (598/742) telperion-render device::tests::a_generator_rejection_keeps_its_own_words
        PASS [   0.004s] (599/742) telperion-render device::tests::every_condition_names_itself
        PASS [   0.004s] (600/742) telperion-render foliage::tests::a_leaf_carries_a_normal_off_its_own_face
        PASS [   0.004s] (601/742) telperion-render foliage::tests::an_element_at_the_origin_bounds_itself
        PASS [   0.428s] (602/742) telperion-render generation::io::pending_tests::read_is_submitted_and_mapped_before_completion_is_polled
        PASS [   0.252s] (603/742) telperion-render generation::readback_tests::leaf_readback_device_loss_returns_no_output
        PASS [   0.260s] (604/742) telperion-render generation::readback_tests::leaf_readback_preserves_words_across_chunk_boundaries
        PASS [   0.258s] (605/742) telperion-render generation::readback_tests::leaf_readback_rejects_invalid_buffers_and_allocation
        PASS [   0.005s] (606/742) telperion-render generation::request::tests::invalidation_keeps_busy_until_guard_drops_and_errors_release_it
        PASS [   0.493s] (607/742) telperion-render generation::standalone_tests::standalone_rejects_resident_before_generation_and_delivers_owned_cpu_mesh
        PASS [   7.004s] (608/742) telperion-jev::caller exhausted_retries_record_failure_and_error
        PASS [   0.005s] (609/742) telperion-render generation::tests::compact_position_candidate_does_not_override_station_capability
        PASS [   2.761s] (610/742) telperion-render generation::tests::compact_gpu_foliage_is_repeatable_seated_and_bounded
        PASS [   0.393s] (611/742) telperion-render generation::tests::foreign_prepared_result_preserves_the_live_tree
        PASS [   0.282s] (612/742) telperion-render generation::tests::gpu_extrema_order_preserves_signed_zero_and_finite_signs
        PASS [  31.563s] (613/742) telperion-core::foliage attachments::every_attachment_trait_moves_every_shipped_preset
        PASS [   0.310s] (614/742) telperion-render generation::tests::huge_phases_fall_back_but_supported_large_ordinals_keep_orientation
        PASS [   0.005s] (615/742) telperion-render generation::tests::preparation_capabilities_and_failures_are_explicit
        PASS [  11.952s] (616/742) telperion-core::sweep every_shipped_preset_carries_foliage
        PASS [   0.777s] (617/742) telperion-render generation::tests::late_station_capability_and_error_join_positions_before_reusing_generator
        PASS [   0.326s] (618/742) telperion-render generation::wood_tests::multirow_empty_and_unusable_normals_have_explicit_outcomes
        PASS [   0.372s] (619/742) telperion-render generation::wood_tests::position_probe::compact_position_edge_cases
        PASS [   0.323s] (620/742) telperion-render generation::wood_tests::position_probe::production::production_positions_admit_geometry_and_reject_unsupported_inputs
        PASS [   0.319s] (621/742) telperion-render generation::wood_tests::resident_wood_matches_cpu_and_remains_writable_after_adoption
        PASS [   0.005s] (622/742) telperion-render headless::tests::a_still_of_one_colour_has_no_subject
        PASS [   0.005s] (623/742) telperion-render headless::tests::an_unwritable_path_names_itself
        PASS [   0.010s] (624/742) telperion-render mass::tests::a_leaf_under_its_own_lobe_is_deeper_than_one_on_its_face
        PASS [   0.005s] (625/742) telperion-render mass::tests::no_crown_and_no_leaves_read_no_depth
        PASS [   0.005s] (626/742) telperion-render pass::tests::a_target_that_will_not_multisample_takes_the_whole_frame_down_to_one_sample
        PASS [   0.005s] (627/742) telperion-render scene::room::tests::the_disc_is_wound_one_way_and_covers_its_whole_circle
        PASS [   0.004s] (628/742) telperion-render scene::room::tests::the_figure_stands_one_point_eight_metres_tall_on_the_ground
        PASS [   0.004s] (629/742) telperion-render scene::row::tests::a_row_the_renderer_will_not_have_says_what_was_wrong_with_it
        PASS [   0.004s] (630/742) telperion-render scene::row::tests::the_default_is_a_row_the_renderer_will_have
        PASS [   0.004s] (631/742) telperion-render scene::row::tests::the_row_survives_its_own_json_in_both_directions
        PASS [   0.004s] (632/742) telperion-render scene::tests::sky_and_ground_light_bracket_the_hemisphere_term
        PASS [   0.004s] (633/742) telperion-render select::frame::tests::a_leaf_stands_in_a_sphere_that_holds_all_of_it
        PASS [   3.250s] (634/742) telperion-render generation::tests::compact_positions_seat_contacts_on_the_rendered_surface
        PASS [   0.006s] (635/742) telperion-render select::frame::tests::a_metre_spans_the_frame_it_fills
        PASS [   0.005s] (636/742) telperion-render select::frame::tests::the_frustum_holds_what_the_camera_frames_and_nothing_behind_it
        PASS [   0.004s] (637/742) telperion-render select::frame::tests::the_planes_measure_in_metres
        PASS [   0.004s] (638/742) telperion-render select::tests::every_level_is_given_a_list_the_whole_crown_could_fill
        PASS [   0.004s] (639/742) telperion-render shadow::fit::tests::a_lower_sun_is_given_a_longer_map_and_a_sun_on_the_horizon_is_not
        PASS [   0.004s] (640/742) telperion-render shadow::fit::tests::the_map_holds_the_subject_and_the_shadow_it_throws
        PASS [   0.004s] (641/742) telperion-render shadow::fit::tests::the_sun_stands_where_its_two_angles_put_it
        PASS [   0.466s] (642/742) telperion-render shadow::kernel_test::kernel_averages_comparisons_and_offsets_the_receiver
        PASS [   0.486s] (643/742) telperion-render select::tests::compaction_preserves_placement_order_at_every_level
        PASS [   0.005s] (644/742) telperion-render shot::tests::the_shot_survives_its_own_json_and_refuses_what_it_cannot_frame
        PASS [   0.005s] (645/742) telperion-render shot::tests::the_default_shot_is_the_hero_pose
        PASS [   0.004s] (646/742) telperion-render submit::tests::the_crown_is_the_box_the_placements_fill_and_nothing_when_there_are_none
        PASS [   0.004s] (647/742) telperion-render view::tests::every_name_the_usage_line_offers_resolves_and_nothing_else_does
        PASS [   0.005s] (648/742) telperion-render wood::calibration::flat_patch_coordinates_have_the_stated_physical_scale
        PASS [   0.005s] (649/742) telperion-render wood::radius::tests::translated_tapered_rings_keep_their_metric_radius_and_caps_are_smooth
        PASS [   0.005s] (650/742) telperion-render::bark_detail radius_storage_is_refused_before_upload_when_only_its_binding_limit_is_exceeded
        PASS [   3.429s] (651/742) telperion-render generation::wood_tests::compute_limits_and_device_failure_never_return_partial_wood
        PASS [   3.248s] (652/742) telperion-render::bark_detail relief_moves_the_light_while_every_wood_mesh_byte_holds
        PASS [   0.522s] (653/742) telperion-render::bark_field surface_lengths_young_wood_wrap_and_plate_drift
        PASS [   6.497s] (654/742) telperion-render generation::wood_tests::measured_specimens_keep_all_cpu_fields_and_gpu_surface_contracts
        PASS [   0.556s] (655/742) telperion-render::bark_filter either_unresolved_axis_leaves_little_relief_and_furrows_can_close
        PASS [   4.921s] (656/742) telperion-render::bark_depth the_depth_row_moves_no_wood_and_changes_the_picture
        PASS [   4.242s] (657/742) telperion-render::bark_distance resolved_scales_survive_until_the_two_pixel_boundary
        PASS [   0.440s] (658/742) telperion-render::bark_parallax parallax_descends_away_from_the_eye_and_refines_the_intersection
        PASS [   0.482s] (659/742) telperion-render::bark_plates every_plate_carries_an_identity_of_its_own
        PASS [   1.348s] (660/742) telperion-render::bark_plates edge_shape_blends_continuously_and_is_independent_of_smooth_terms
        PASS [   1.554s] (661/742) telperion-render::bark_plates rough_plate_mean_matches_its_narrow_ragged_profile
        PASS [   3.913s] (662/742) telperion-render::bark_occlusion the_darkened_side_of_a_furrow_follows_the_sun
        PASS [   1.599s] (663/742) telperion-render::bark_plates the_pinned_plate_mean_is_the_mean_the_field_averages_to
        PASS [   4.097s] (664/742) telperion-render::bark_occlusion the_row_at_zero_leaves_the_frame_exactly_as_it_was
        PASS [   1.059s] (665/742) telperion-render::bark_relief_range revised_profiles_reduce_the_rejected_broad_relief
        PASS [   0.195s] (666/742) telperion-render::bark_score the_score_separates_bark_from_brickwork
        PASS [  26.332s] (667/742) telperion-core::stem_fork_height at_one_stem_the_fork_height_reaches_no_table
        PASS [  26.217s] (668/742) telperion-core::stem_lean_spread at_one_stem_the_spread_reaches_no_table
        PASS [   0.617s] (669/742) telperion-render::bark_structure mature_girth_strengthens_an_axial_field
        PASS [  26.472s] (670/742) telperion-core::stems one_stem_is_every_shipped_tree_exactly_as_it_was
        PASS [   3.483s] (671/742) telperion-render::blade_colour a_matte_needle_row_is_inert_even_with_scales_and_tints_set
        PASS [   4.441s] (672/742) telperion-render::bark_resolution trunk_agrees_with_a_box_reduction_at_half_resolution
        PASS [   3.861s] (673/742) telperion-render::blade_colour blade_colour_rows_survive_levels_and_the_back_has_no_cuticle
        PASS [   0.480s] (674/742) telperion-render::canopy_terms diffuse_transmission_reaches_a_leaf_lit_from_behind_at_any_angle
        PASS [   3.456s] (675/742) telperion-render::canopy_light no_canopy_row_touches_the_clay_room_or_the_wood
        PASS [   0.597s] (676/742) telperion-render::canopy_terms the_canopy_normal_turns_a_leaf_facing_away_toward_a_sunward_shell
        PASS [   0.597s] (677/742) telperion-render::canopy_terms the_crown_over_a_leaf_takes_its_share_of_the_sky_per_radius
        PASS [   0.609s] (678/742) telperion-render::canopy_terms the_highlight_returns_at_most_its_fresnel_share_of_the_sun
        PASS [   0.612s] (679/742) telperion-render::canopy_terms the_sheen_rises_from_its_reflectance_to_all_of_the_sky_at_grazing
        PASS [   0.622s] (680/742) telperion-render::canopy_terms the_wrap_lights_past_the_terminator_and_leaves_a_square_face_alone
        PASS [   6.357s] (681/742) telperion-render::canopy_light each_leaf_term_lights_a_leaf_the_way_its_sun_stands
        PASS [   3.239s] (682/742) telperion-render::canopy_light the_canopy_normal_lights_the_sunward_side_of_the_mass_over_the_far_side
        PASS [   3.387s] (683/742) telperion-render::canopy_light the_crown_shade_darkens_the_underside_of_the_mass_more_than_its_top
        PASS [   0.080s] (684/742) telperion-render::conformance a_set_the_generator_will_not_have_says_which_parameter
        PASS [   7.575s] (685/742) telperion-render::bark_structure_colour each_structure_colour_row_changes_the_picture_and_moves_no_wood
        PASS [   3.504s] (686/742) telperion-render::colour_cavity cavity_cuts_sun_and_sky_and_ground_contact_needs_no_relief
        PASS [   0.006s] (687/742) telperion-render::conformance the_renderer_library_never_names_a_family
        PASS [   0.004s] (688/742) telperion-render::conformance the_selection_path_names_no_family_and_no_anatomy
        PASS [  10.406s] (689/742) telperion-render::bark_resolution grazing_trunks_agree_with_a_box_reduction_at_half_resolution
        PASS [   3.014s] (690/742) telperion-render::conformance parameter_sets_nobody_wrote_by_hand_render_the_same_way
        PASS [   4.126s] (691/742) telperion-render::colour_cavity crown_occlusion_darkens_wood_and_leaves_but_not_a_single_leaf_or_clay
        PASS [  33.857s] (692/742) telperion-core::sweep every_pair_of_presets_grows_a_tree_at_every_step
        PASS [   4.421s] (693/742) telperion-render::colour_cavity fissures_crests_and_mottle_change_colour_without_changing_wood
        PASS [   4.433s] (694/742) telperion-render::conformance a_frame_is_drawn_at_the_count_the_device_offers_and_read_back_resolved
        PASS [   3.448s] (695/742) telperion-render::grain blade_grain_shows_near_and_is_its_mean_far
        PASS [   4.454s] (696/742) telperion-render::grain bark_grain_shows_near_and_is_its_mean_far
        PASS [   3.742s] (697/742) telperion-render::leaf_detail transmission_reaches_the_drawn_leaf_through_the_material_uniform
        PASS [   3.955s] (698/742) telperion-render::headless a_tree_reaches_the_pixels
        PASS [   4.042s] (699/742) telperion-render::headless a_second_smaller_tree_reuses_the_wood_buffers
        PASS [   0.013s] (700/742) telperion-render::material_shaders production_material_stages_validate_with_uniform_derivatives
        PASS [   3.682s] (701/742) telperion-render::leaf_detail veins_draw_at_every_blade_level_and_never_on_a_round_section
        PASS [   3.961s] (702/742) telperion-render::lobe_shade a_lobe_s_face_keeps_its_light_and_its_underside_falls_into_shade
        PASS [   3.441s] (703/742) telperion-render::lobe_shade at_zero_the_row_draws_the_frame_it_always_drew
        PASS [   3.713s] (704/742) telperion-render::look every_leaf_takes_its_own_offset_inside_the_row_s_ranges
        PASS [   3.577s] (705/742) telperion-render::look the_lit_frame_has_a_sky_that_deepens_with_height_and_is_not_blown_out
        PASS [   4.158s] (706/742) telperion-render::look the_clay_view_draws_the_still_the_room_always_drew
        PASS [   4.151s] (707/742) telperion-render::shadow full_casters_cover_at_least_the_default_on_separated_surfaces
        PASS [   3.938s] (708/742) telperion-render::shadow the_sun_sees_the_wood_and_the_whole_crown_and_the_leaf_view_is_not_in_its_way
        PASS [   3.515s] (709/742) telperion-render::shoot_colour a_row_with_no_shoot_radius_draws_the_bark_whatever_shoot_colour_it_states
        PASS [   3.300s] (710/742) telperion-render::shoot_colour mottle_still_acts_on_young_wood
        PASS [   3.407s] (711/742) telperion-render::shoot_colour young_wood_takes_the_shoot_colour_and_gives_it_up_continuously_by_twice_its_radius
        PASS [   1.715s] (712/742) telperion-render::smooth_means every_smooth_layer_fades_to_the_mean_its_field_averages_to
        PASS [   0.005s] (713/742) telperion-render::submit a_ladder_longer_than_selection_can_tally_is_refused_by_its_length
        PASS [   3.339s] (714/742) telperion-render::shot a_shot_poses_the_frame_and_the_figure_leaves_when_asked
        PASS [   0.005s] (715/742) telperion-render::submit a_tree_is_judged_on_the_allocation_it_needs_not_the_bytes_it_holds
        PASS [  15.852s] (716/742) telperion-render::conformance every_shipped_family_renders_through_the_one_path
        PASS [   0.004s] (717/742) telperion-render::submit every_buffer_selection_needs_is_judged_and_named_before_the_upload
        PASS [   0.004s] (718/742) telperion-render::submit every_buffer_that_will_not_fit_is_refused_by_name_and_by_size
        PASS [   0.004s] (719/742) telperion-render::submit wood_runs_must_tile_the_index_buffer_in_radius_order
        PASS [   3.574s] (720/742) telperion-render::submit a_crown_with_no_leaves_submits_draws_and_frames
        PASS [   3.892s] (721/742) telperion-render::submit each_view_draws_what_its_name_promises
        PASS [   0.007s] (722/742) telperion-render::timing a_valid_record_carries_every_pass_the_levels_and_the_orbit
        PASS [   0.006s] (723/742) telperion-render::timing a_valid_record_carries_its_numbers_and_an_invalid_one_carries_none
        PASS [   0.007s] (724/742) telperion-render::timing every_verdict_is_reached_by_the_samples_that_define_it
        PASS [   0.005s] (725/742) telperion-render::timing nothing_a_session_did_not_earn_reaches_a_record
        PASS [   0.006s] (726/742) telperion-render::timing the_wall_clock_is_the_one_number_the_gpu_verdict_does_not_govern
        PASS [   4.809s] (727/742) telperion-render::socket_cavity a_fork_socket_occludes_sun_and_sky_without_relief
        PASS [   0.005s] (728/742) telperion-render::walk a_frame_count_schedules_exactly_what_it_always_did
        PASS [   0.004s] (729/742) telperion-render::walk a_scene_row_off_the_command_line_moves_what_it_names_and_nothing_else
        PASS [   0.004s] (730/742) telperion-render::walk a_value_a_flag_cannot_mean_is_refused_by_that_flag_s_name
        PASS [   0.004s] (731/742) telperion-render::walk a_walk_holds_at_each_end_and_eases_between_them
        PASS [   0.003s] (732/742) telperion-render::walk a_walk_leaves_and_arrives_at_rest
        PASS [   0.003s] (733/742) telperion-render::walk the_parser_reads_a_frame_run_the_way_it_always_read_one
        PASS [  11.370s] (734/742) telperion-render::shadow every_preset_has_default_casters_fixed_under_orbit_and_row_changes
        PASS [   0.005s] (735/742) telperion-wasm generate::tests::surviving_diagnostics_match_radius_law_and_empty_state
        PASS [   0.574s] (736/742) telperion-render::transmission shadow_blocks_transmission_and_a_lit_backface_obeys_the_row
        PASS [   3.405s] (737/742) telperion-render::timing a_device_session_times_the_selection_pass_and_counts_what_it_chose
        PASS [   3.078s] (738/742) telperion-render::timing a_session_on_a_device_never_reports_a_percentile_it_did_not_earn
        PASS [  10.298s] (739/742) telperion-render::smooth_bark the_smooth_barks_hold_the_resolution_and_redraw_contracts
        PASS [  10.668s] (740/742) telperion-render::submit a_submitted_tree_is_the_tree_the_core_counted
        PASS [  14.852s] (741/742) telperion-render::smooth_bark each_smooth_layer_changes_the_close_up_and_moves_no_wood
        PASS [  10.516s] (742/742) telperion-wasm generate::tests::mesh_build_matches_the_binding_chain_for_oak_and_spruce
────────────
     Summary [ 102.375s] 742 tests run: 742 passed, 20 skipped
