   Compiling futures-core v0.3.34
   Compiling telperion-core v0.1.0 (/home/daniel/Projects/telperion/crates/telperion-core)
   Compiling futures-channel v0.3.34
   Compiling telperion-jev v0.1.0 (/home/daniel/Projects/telperion/crates/telperion-jev)
   Compiling telperion-render v0.1.0 (/home/daniel/Projects/telperion/crates/telperion-render)
   Compiling telperion-wasm v0.1.0 (/home/daniel/Projects/telperion/crates/telperion-wasm)
error[E0425]: cannot find value `_gpu` in this scope
   --> crates/telperion-render/src/generation/io.rs:356:9
    |
356 |         _gpu.device
    |         ^^^^
    |
help: a local variable with a similar name exists
    |
356 -         _gpu.device
356 +         gpu.device
    |

For more information about this error, try `rustc --explain E0425`.
error: could not compile `telperion-render` (lib test) due to 1 previous error
warning: build failed, waiting for other jobs to finish...
error: command `cargo '--color=auto' test --no-run --message-format json-render-diagnostics --workspace --profile ci` exited with code 101
