format_exit=0
crates/telperion-core/src/family.rs
crates/telperion-core/src/foliage.rs
crates/telperion-core/src/foliage/placement.rs
crates/telperion-core/src/foliage/prepared.rs
crates/telperion-core/src/foliage/station.rs
crates/telperion-core/src/lib.rs
crates/telperion-core/src/presets.rs
crates/telperion-core/src/surface/attachment.rs
crates/telperion-render/examples/generation_gpu.rs
crates/telperion-render/src/buffer.rs
crates/telperion-render/src/device.rs
crates/telperion-render/src/foliage.rs
crates/telperion-render/src/generation.rs
crates/telperion-render/src/generation/compute.rs
crates/telperion-render/src/generation/data.rs
crates/telperion-render/src/generation/io.rs
crates/telperion-render/src/generation/tests.rs
crates/telperion-render/src/lib.rs
crates/telperion-render/src/select.rs
crates/telperion-render/src/submit.rs
crates/telperion-render/src/wood.rs
