   Compiling proc-macro2 v1.0.107
   Compiling quote v1.0.47
   Compiling wasm-bindgen-shared v0.2.128
   Compiling rustversion v1.0.23
   Compiling bumpalo v3.20.3
    Checking cfg-if v1.0.4
    Checking futures-core v0.3.34
    Checking unicode-ident v1.0.24
   Compiling serde_core v1.0.229
    Checking futures-task v0.3.34
    Checking pin-project-lite v0.2.17
    Checking once_cell v1.21.4
    Checking slab v0.4.12
   Compiling serde v1.0.229
   Compiling thiserror v2.0.20
    Checking foldhash v0.2.0
   Compiling version_check v0.9.5
   Compiling parking_lot_core v0.9.12
    Checking equivalent v1.0.2
   Compiling zmij v1.0.23
   Compiling libm v0.2.16
    Checking rustc-hash v1.1.0
    Checking scopeguard v1.2.0
    Checking smallvec v1.16.0
   Compiling cfg_aliases v0.2.2
   Compiling serde_json v1.0.151
    Checking itoa v1.0.18
   Compiling litrs v1.0.0
    Checking memchr v2.8.3
    Checking static_assertions v1.1.0
    Checking raw-window-handle v0.6.2
    Checking bitflags v2.13.1
    Checking log v0.4.34
    Checking profiling v1.0.18
    Checking arrayvec v0.7.8
    Checking futures-channel v0.3.34
    Checking lock_api v0.4.14
   Compiling wgpu v30.0.1
    Checking hashbrown v0.17.1
    Checking futures-util v0.3.34
   Compiling slotmap v1.1.1
    Checking parking_lot v0.12.5
   Compiling document-features v0.2.12
   Compiling wasm-bindgen v0.2.128
    Checking indexmap v2.14.2
   Compiling syn v3.0.5
   Compiling wasm-bindgen-macro-support v0.2.128
   Compiling thiserror-impl v2.0.20
   Compiling serde_derive v1.0.229
   Compiling bytemuck_derive v1.12.0
    Checking bytemuck v1.25.2
    Checking naga-types v30.0.1
    Checking bincode v1.3.3
   Compiling wasm-bindgen-macro v0.2.128
    Checking telperion-core v0.1.0 (/home/daniel/Projects/telperion/crates/telperion-core)
    Checking js-sys v0.3.105
    Checking web-sys v0.3.105
    Checking wasm-bindgen-futures v0.4.78
    Checking wgpu-types v30.0.1
    Checking telperion-render v0.1.0 (/home/daniel/Projects/telperion/crates/telperion-render)
    Finished `dev` profile [unoptimized + debuginfo] target(s) in 19.87s
