bark_plates default-parallel test binary, 2026-09-20, SIGSEGV
                Stack trace of thread 151070:
                #0  0x0000000000000000 n/a (n/a + 0x0)
                #1  0x00007fe8431860cc n/a (libvulkan.so.1 + 0x270cc)
                #2  0x00007fe843190fcc n/a (libvulkan.so.1 + 0x31fcc)
                #3  0x00007fe8431afcd1 vkEnumerateInstanceExtensionProperties (libvulkan.so.1 + 0x50cd1)
                #4  0x000055d08049e1fc _RNvMs0_NtNtCs7s1t0EUwW0y_8wgpu_hal6vulkan8instanceNtB7_8Instance39enumerate_instance_extension_properties (bark_plates-704915c70cf9a4e9 + 0x48c1fc)
                #5  0x000055d0803b5b47 _RNvMNtCs9cJLcc8jvYC_9wgpu_core8instanceNtB2_8Instance3new (bark_plates-704915c70cf9a4e9 + 0x3a3b47)
                #6  0x000055d080133b16 _RNCNvMs1_NtCsfWN6L6nCHbD_16telperion_render6deviceNtB7_3Gpu7request0Csej6nK8GxTKB_11bark_plates (bark_plates-704915c70cf9a4e9 + 0x121b16)
                #7  0x000055d080140c2d _RNvCsej6nK8GxTKB_11bark_plates14sample_profile (bark_plates-704915c70cf9a4e9 + 0x12ec2d)
                #8  0x000055d08013e926 _RNvCsej6nK8GxTKB_11bark_plates10check_mean (bark_plates-704915c70cf9a4e9 + 0x12c926)
                #9  0x000055d08015c26e _RNvYNCNvCsej6nK8GxTKB_11bark_plates55the_pinned_plate_mean_is_the_mean_the_field_averages_to0INtNtNtCsgxBkk5gSRhY_4core3ops8function6FnOnceuE9call_onceB6_ (bark_plates-704915c70cf9a4e9 + 0x14a26e)
                #10 0x000055d08032df9b _RINvCs965H7XVcgUb_4test28___rust_begin_short_backtraceINtNtCsgxBkk5gSRhY_4core6result6ResultuNtNtCs6i54tJFfzR_5alloc6string6StringEFEBQ_EB2_ (bark_plates-704915c70cf9a4e9 + 0x31bf9b)
                #11 0x000055d080329542 _RNCNvCs965H7XVcgUb_4test8run_test0B3_ (bark_plates-704915c70cf9a4e9 + 0x317542)
                #12 0x000055d080328fbc _RINvNtNtCs9k3SxhrAWiO_3std3sys9backtrace28___rust_begin_short_backtraceNCNvCs965H7XVcgUb_4test8run_tests_0uEB1b_ (bark_plates-704915c70cf9a4e9 + 0x316fbc)
                #13 0x000055d08034566c _RNSNvYNCINvNtNtCs9k3SxhrAWiO_3std6thread9lifecycle15spawn_uncheckedNCNvCs965H7XVcgUb_4test8run_tests_0uEs_0INtNtNtCsgxBkk5gSRhY_4core3ops8function6FnOnceuE9call_once6vtableB17_ (bark_plates-704915c70cf9a4e9 + 0x33366c)
                #14 0x000055d080316ff9 _RNvNvMs0_NtNtNtCs9k3SxhrAWiO_3std3sys6thread4unixNtB7_6Thread3new12thread_start (bark_plates-704915c70cf9a4e9 + 0x304ff9)
                #15 0x00007fe8438980a2 n/a (libc.so.6 + 0x980a2)
                #16 0x00007fe84392080c n/a (libc.so.6 + 0x12080c)
                
                Stack trace of thread 151069:
                #0  0x000055d08015acf1 _RNvXsv_NtNtCsgxBkk5gSRhY_4core3str7patternNtB5_11StrSearcherNtB5_8Searcher10next_match (bark_plates-704915c70cf9a4e9 + 0x148cf1)
                #1  0x000055d080130ffc _RNCNvCsej6nK8GxTKB_11bark_plates10check_means_0B3_ (bark_plates-704915c70cf9a4e9 + 0x11effc)
                #2  0x000055d08013ec5c _RNvCsej6nK8GxTKB_11bark_plates10check_mean (bark_plates-704915c70cf9a4e9 + 0x12cc5c)
                #3  0x000055d08015c24b _RNvYNCNvCsej6nK8GxTKB_11bark_plates50rough_plate_mean_matches_its_narrow_ragged_profile0INtNtNtCsgxBkk5gSRhY_4core3ops8function6FnOnceuE9call_onceB6_ (bark_plates-704915c70cf9a4e9 + 0x14a24b)
                #4  0x000055d08032df9b _RINvCs965H7XVcgUb_4test28___rust_begin_short_backtraceINtNtCsgxBkk5gSRhY_4core6result6ResultuNtNtCs6i54tJFfzR_5alloc6string6StringEFEBQ_EB2_ (bark_plates-704915c70cf9a4e9 + 0x31bf9b)
                #5  0x000055d080329542 _RNCNvCs965H7XVcgUb_4test8run_test0B3_ (bark_plates-704915c70cf9a4e9 + 0x317542)
                #6  0x000055d080328fbc _RINvNtNtCs9k3SxhrAWiO_3std3sys9backtrace28___rust_begin_short_backtraceNCNvCs965H7XVcgUb_4test8run_tests_0uEB1b_ (bark_plates-704915c70cf9a4e9 + 0x316fbc)
                #7  0x000055d08034566c _RNSNvYNCINvNtNtCs9k3SxhrAWiO_3std6thread9lifecycle15spawn_uncheckedNCNvCs965H7XVcgUb_4test8run_tests_0uEs_0INtNtNtCsgxBkk5gSRhY_4core3ops8function6FnOnceuE9call_once6vtableB17_ (bark_plates-704915c70cf9a4e9 + 0x33366c)
                #8  0x000055d080316ff9 _RNvNvMs0_NtNtNtCs9k3SxhrAWiO_3std3sys6thread4unixNtB7_6Thread3new12thread_start (bark_plates-704915c70cf9a4e9 + 0x304ff9)
                #9  0x00007fe8438980a2 n/a (libc.so.6 + 0x980a2)
                #10 0x00007fe84392080c n/a (libc.so.6 + 0x12080c)
                
                Stack trace of thread 151067:
                #0  0x00007fe8438a0952 n/a (libc.so.6 + 0xa0952)
                #1  0x00007fe843911365 __poll (libc.so.6 + 0x111365)
                #2  0x00007fe842e1a20b n/a (libxcb.so.1 + 0xd20b)
                #3  0x00007fe842e1a910 n/a (libxcb.so.1 + 0xd910)
                #4  0x00007fe842e1bba5 xcb_wait_for_reply64 (libxcb.so.1 + 0xeba5)
                #5  0x00007fe842e9ca4e _XReply (libX11.so.6 + 0x46a4e)
                #6  0x00007fe842e8da92 XQueryExtension (libX11.so.6 + 0x37a92)
                #7  0x00007fe84355160d n/a (libGLX_nvidia.so.0 + 0x7d60d)
                #8  0x00007fe843572603 n/a (libGLX_nvidia.so.0 + 0x9e603)
                #9  0x00007fe8435739d2 vk_icdNegotiateLoaderICDInterfaceVersion (libGLX_nvidia.so.0 + 0x9f9d2)
                #10 0x00007fe843181743 n/a (libvulkan.so.1 + 0x22743)
                #11 0x00007fe843186ce2 n/a (libvulkan.so.1 + 0x27ce2)
                #12 0x00007fe8431b0c1c vkCreateInstance (libvulkan.so.1 + 0x51c1c)
                #13 0x000055d0803b7ce6 _RNvMNtCs9cJLcc8jvYC_9wgpu_core8instanceNtB2_8Instance3new (bark_plates-704915c70cf9a4e9 + 0x3a5ce6)
                #14 0x000055d080133b16 _RNCNvMs1_NtCsfWN6L6nCHbD_16telperion_render6deviceNtB7_3Gpu7request0Csej6nK8GxTKB_11bark_plates (bark_plates-704915c70cf9a4e9 + 0x121b16)
                #15 0x000055d080140c2d _RNvCsej6nK8GxTKB_11bark_plates14sample_profile (bark_plates-704915c70cf9a4e9 + 0x12ec2d)
                #16 0x000055d08015c44c _RNvYNCNvCsej6nK8GxTKB_11bark_plates65edge_shape_blends_continuously_and_is_independent_of_smooth_terms0INtNtNtCsgxBkk5gSRhY_4core3ops8function6FnOnceuE9call_onceB6_ (bark_plates-704915c70cf9a4e9 + 0x14a44c)
                #17 0x000055d08032df9b _RINvCs965H7XVcgUb_4test28___rust_begin_short_backtraceINtNtCsgxBkk5gSRhY_4core6result6ResultuNtNtCs6i54tJFfzR_5alloc6string6StringEFEBQ_EB2_ (bark_plates-704915c70cf9a4e9 + 0x31bf9b)
                #18 0x000055d080329542 _RNCNvCs965H7XVcgUb_4test8run_test0B3_ (bark_plates-704915c70cf9a4e9 + 0x317542)
                #19 0x000055d080328fbc _RINvNtNtCs9k3SxhrAWiO_3std3sys9backtrace28___rust_begin_short_backtraceNCNvCs965H7XVcgUb_4test8run_tests_0uEB1b_ (bark_plates-704915c70cf9a4e9 + 0x316fbc)
                #20 0x000055d08034566c _RNSNvYNCINvNtNtCs9k3SxhrAWiO_3std6thread9lifecycle15spawn_uncheckedNCNvCs965H7XVcgUb_4test8run_tests_0uEs_0INtNtNtCsgxBkk5gSRhY_4core3ops8function6FnOnceuE9call_once6vtableB17_ (bark_plates-704915c70cf9a4e9 + 0x33366c)
                #21 0x000055d080316ff9 _RNvNvMs0_NtNtNtCs9k3SxhrAWiO_3std3sys6thread4unixNtB7_6Thread3new12thread_start (bark_plates-704915c70cf9a4e9 + 0x304ff9)
                #22 0x00007fe8438980a2 n/a (libc.so.6 + 0x980a2)
                #23 0x00007fe84392080c n/a (libc.so.6 + 0x12080c)
                
                Stack trace of thread 151066:
                #0  0x00007fe84391e4ed syscall (libc.so.6 + 0x11e4ed)
                #1  0x000055d08034516b _RNCNvMs1_NtNtNtCs9k3SxhrAWiO_3std4sync4mpmc4listINtB7_7ChannelNtNtCs965H7XVcgUb_4test5event13CompletedTestE4recvs_0B12_ (bark_plates-704915c70cf9a4e9 + 0x33316b)
                #2  0x000055d080343d1b _RNvMs1_NtNtNtCs9k3SxhrAWiO_3std4sync4mpmc4listINtB5_7ChannelNtNtCs965H7XVcgUb_4test5event13CompletedTestE4recvB10_ (bark_plates-704915c70cf9a4e9 + 0x331d1b)
                #3  0x000055d080339cd7 _RNvNtCs965H7XVcgUb_4test7console17run_tests_console (bark_plates-704915c70cf9a4e9 + 0x327cd7)
                #4  0x000055d08014d647 _RNvCsej6nK8GxTKB_11bark_plates4main (bark_plates-704915c70cf9a4e9 + 0x13b647)
                #5  0x000055d080130be3 _RINvNtNtCs9k3SxhrAWiO_3std3sys9backtrace28___rust_begin_short_backtraceFEuuECsej6nK8GxTKB_11bark_plates (bark_plates-704915c70cf9a4e9 + 0x11ebe3)
                #6  0x000055d08015cde8 main (bark_plates-704915c70cf9a4e9 + 0x14ade8)
                #7  0x00007fe843827781 n/a (libc.so.6 + 0x27781)
                #8  0x00007fe8438278b9 __libc_start_main (libc.so.6 + 0x278b9)
                #9  0x000055d08012c455 _start (bark_plates-704915c70cf9a4e9 + 0x11a455)
                ELF object binary architecture: AMD x86-64
