   Compiling telperion-render v0.1.0 (/home/daniel/Projects/telperion/.worktrees/fn-42-bark-depth-level-and-a-fair-capture/crates/telperion-render)
    Finished `ci` profile [optimized] target(s) in 2.09s
     Running tests/bark_relief_range.rs (/home/daniel/Projects/telperion/target/ci/deps/bark_relief_range-5e5432dfd13d584c)

running 1 test
test oak_and_spruce_profiles_increase_resolved_height_range ... ok

test result: ok. 1 passed; 0 failed; 0 ignored; 0 measured; 0 filtered out; finished in 0.31s

     Running tests/bark_resolution.rs (/home/daniel/Projects/telperion/target/ci/deps/bark_resolution-8c089c2de9f6af10)

running 2 tests
test trunk_agrees_with_a_box_reduction_at_half_resolution ... ok
test grazing_trunks_agree_with_a_box_reduction_at_half_resolution ... ok

test result: ok. 2 passed; 0 failed; 0 ignored; 0 measured; 0 filtered out; finished in 9.84s

     Running tests/material_shaders.rs (/home/daniel/Projects/telperion/target/ci/deps/material_shaders-9efc940a1c677f0b)

running 1 test
test production_material_stages_validate_with_uniform_derivatives ... ok

test result: ok. 1 passed; 0 failed; 0 ignored; 0 measured; 0 filtered out; finished in 0.01s

     Running tests/smooth_bark.rs (/home/daniel/Projects/telperion/target/ci/deps/smooth_bark-217dbc934c1c28f0)

running 2 tests
test the_smooth_barks_hold_the_resolution_and_redraw_contracts ... ok
test each_smooth_layer_changes_the_close_up_and_moves_no_wood ... ok

test result: ok. 2 passed; 0 failed; 0 ignored; 0 measured; 0 filtered out; finished in 14.80s

     Running tests/smooth_means.rs (/home/daniel/Projects/telperion/target/ci/deps/smooth_means-4e34f4c2e5860c00)

running 1 test
test every_smooth_layer_fades_to_the_mean_its_field_averages_to ... ok

test result: ok. 1 passed; 0 failed; 0 ignored; 0 measured; 0 filtered out; finished in 0.83s
