   Compiling telperion-render v0.1.0 (/home/daniel/Projects/telperion/.worktrees/fn-42-bark-depth-level-and-a-fair-capture/crates/telperion-render)
    Finished `ci` profile [optimized] target(s) in 1.60s
     Running tests/bark_depth.rs (/home/daniel/Projects/telperion/target/ci/deps/bark_depth-db6f5359aa5c0d35)

running 1 test
test the_depth_row_moves_no_wood_and_changes_the_picture ... depth row at 0.5375: mean 1.2898/255, worst 93/255 over the trunk frame
ok

test result: ok. 1 passed; 0 failed; 0 ignored; 0 measured; 0 filtered out; finished in 5.37s

     Running tests/bark_detail.rs (/home/daniel/Projects/telperion/target/ci/deps/bark_detail-0dee69b7e63c9db3)

running 2 tests
test radius_storage_is_refused_before_upload_when_only_its_binding_limit_is_exceeded ... ok
test relief_moves_the_light_while_every_wood_mesh_byte_holds ... R1 wood hash: off=16822752187927960657, on=16822752187927960657
ok

test result: ok. 2 passed; 0 failed; 0 ignored; 0 measured; 0 filtered out; finished in 2.37s

     Running tests/bark_field.rs (/home/daniel/Projects/telperion/target/ci/deps/bark_field-a0b2ac68c7b0490d)

running 1 test
test surface_lengths_young_wood_wrap_and_plate_drift ... wrap samples: [2.4315752e-6, 2.4584983e-6, 0.0, 0.0]
ridge peaks around 0.4/0.8 m radii: 84/146
ok

test result: ok. 1 passed; 0 failed; 0 ignored; 0 measured; 0 filtered out; finished in 0.49s

     Running tests/bark_filter.rs (/home/daniel/Projects/telperion/target/ci/deps/bark_filter-135e4d36eb6fe546)

running 1 test
test either_unresolved_axis_leaves_little_relief_and_furrows_can_close ... height deviations: resolved / unresolved arc / unresolved axial / closed furrows [0.0006450471635183587, 3.807520758477264e-5, 4.074784467559336e-5, 0.000244849315683115]
ok

test result: ok. 1 passed; 0 failed; 0 ignored; 0 measured; 0 filtered out; finished in 0.47s

     Running tests/bark_occlusion.rs (/home/daniel/Projects/telperion/target/ci/deps/bark_occlusion-a48eff9a46a1ac0b)

running 2 tests
test the_darkened_side_of_a_furrow_follows_the_sun ... sun 45: took 0.1150 from the left, 0.0000 from the right
sun 225: took 0.0000 from the left, 0.1038 from the right
left-minus-right darkening: [0.11497163809519861, -0.10383401904755374]
ok
test the_row_at_zero_leaves_the_frame_exactly_as_it_was ... ok

test result: ok. 2 passed; 0 failed; 0 ignored; 0 measured; 0 filtered out; finished in 5.29s

     Running tests/bark_parallax.rs (/home/daniel/Projects/telperion/target/ci/deps/bark_parallax-551269b39439ba48)

running 1 test
test parallax_descends_away_from_the_eye_and_refines_the_intersection ... flat, zero strength, head-on, ramp: [[-0.01, 1.0, 0.0, 0.0], [0.0, 1.0, 0.0, 0.0], [0.0, 1.0, 0.0, 0.0], [-0.014374999, 1.0, 0.0, 0.0]]
ramp residual: first 0.005, refined 0.0028125
ok

test result: ok. 1 passed; 0 failed; 0 ignored; 0 measured; 0 filtered out; finished in 0.33s

     Running tests/bark_structure.rs (/home/daniel/Projects/telperion/target/ci/deps/bark_structure-8dc677db8f6794ed)

running 1 test
test mature_girth_strengthens_an_axial_field ... mature trunk/branch height deviation 3.081483286328609; across/along slope 2.077718358156895
ok

test result: ok. 1 passed; 0 failed; 0 ignored; 0 measured; 0 filtered out; finished in 0.56s

     Running tests/bark_structure_colour.rs (/home/daniel/Projects/telperion/target/ci/deps/bark_structure_colour-e48e9a8d70a1dedb)

running 1 test
test each_structure_colour_row_changes_the_picture_and_moves_no_wood ... weathering: mean 1.2414/255 over the trunk frame
orientation: mean 0.7540/255 over the trunk frame
plate identity: mean 1.8248/255 over the trunk frame
the oak's shipped row against the same row before fn-32: mean 3.3875/255
ok

test result: ok. 1 passed; 0 failed; 0 ignored; 0 measured; 0 filtered out; finished in 8.42s

     Running tests/grain.rs (/home/daniel/Projects/telperion/target/ci/deps/grain-d7f9aae62a7252c7)

running 2 tests
test bark_grain_shows_near_and_is_its_mean_far ... distance 0.5: 757389 channels moved, worst 44, mean 3.9023
distance 8: 90186 channels moved, worst 21, mean 0.1413
ok
test blade_grain_shows_near_and_is_its_mean_far ... distance 0.12: 91468 channels moved, worst 19, mean 1.1440
distance 6: 0 channels moved, worst 0, mean 0.0000
ok

test result: ok. 2 passed; 0 failed; 0 ignored; 0 measured; 0 filtered out; finished in 4.58s

     Running tests/material_shaders.rs (/home/daniel/Projects/telperion/target/ci/deps/material_shaders-9efc940a1c677f0b)

running 1 test
test production_material_stages_validate_with_uniform_derivatives ... ok

test result: ok. 1 passed; 0 failed; 0 ignored; 0 measured; 0 filtered out; finished in 0.01s

     Running tests/smooth_bark.rs (/home/daniel/Projects/telperion/target/ci/deps/smooth_bark-217dbc934c1c28f0)

running 2 tests
test each_smooth_layer_changes_the_close_up_and_moves_no_wood ... lichen: mean 1.3282/255 over the birch's close-up
lenticel: mean 2.1683/255 over the birch's close-up
peel: mean 5.9832/255 over the birch's close-up
ok
test the_smooth_barks_hold_the_resolution_and_redraw_contracts ... EuropeanBeech close-up: 310804 pixels, mean 1.0568/255, p95 3.25/255
SilverBirch close-up: 117234 pixels, mean 2.5596/255, p95 9.50/255
ok

test result: ok. 2 passed; 0 failed; 0 ignored; 0 measured; 0 filtered out; finished in 24.53s

     Running tests/smooth_means.rs (/home/daniel/Projects/telperion/target/ci/deps/smooth_means-4e34f4c2e5860c00)

running 1 test
test every_smooth_layer_fades_to_the_mean_its_field_averages_to ... share 0.25: lichen 0.0304 far 0.0305, lenticel 0.0960 far 0.0978, its groove 0.0955 far 0.0978, a strip curled 0.25 0.5680 far 0.5956
share 0.5: lichen 0.0640 far 0.0641, lenticel 0.0960 far 0.0978, its groove 0.0955 far 0.0978, a strip curled 0.5 0.6050 far 0.6382
share 0.75: lichen 0.0959 far 0.0960, lenticel 0.0960 far 0.0978, its groove 0.0955 far 0.0978, a strip curled 0.75 0.6594 far 0.6868
share 1: lichen 0.1245 far 0.1246, lenticel 0.0960 far 0.0978, its groove 0.0955 far 0.0978, a strip curled 1 0.7203 far 0.7371
ok

test result: ok. 1 passed; 0 failed; 0 ignored; 0 measured; 0 filtered out; finished in 1.21s
