   Compiling telperion-core v0.1.0 (/home/daniel/Projects/telperion/.worktrees/fn-42-bark-depth-level-and-a-fair-capture/crates/telperion-core)
   Compiling telperion-render v0.1.0 (/home/daniel/Projects/telperion/.worktrees/fn-42-bark-depth-level-and-a-fair-capture/crates/telperion-render)
    Finished `ci` profile [optimized] target(s) in 5.68s
     Running tests/bark_plates.rs (/home/daniel/Projects/telperion/target/ci/deps/bark_plates-83e764f2da7d2d65)

running 5 tests
test edge_shape_blends_continuously_and_is_independent_of_smooth_terms ... 
thread 'edge_shape_blends_continuously_and_is_independent_of_smooth_terms' (1120883) panicked at crates/telperion-render/tests/bark_plates.rs:321:13:
profile row failed to interpolate
note: run with `RUST_BACKTRACE=1` environment variable to display a backtrace
FAILED
test every_plate_carries_an_identity_of_its_own ... identity: 44626 adjacent pairs share a plate, 7227 at a plate's width, variance 0.0820
ok
test inspect_rough_plate_means ... ignored, explicit diagnostic for rough-profile integral calibration
test rough_plate_mean_matches_its_narrow_ragged_profile ... oak (furrow 0): face 0.7494 model 0.7540, dome 0.5746 model 0.5795, rim 0.3044 model 0.3038
spruce (furrow 0): face 0.7579 model 0.7540, dome 0.5845 model 0.5795, rim 0.3031 model 0.3038
a furrow of 0.25 (furrow 0.25): face 0.5072 model 0.5004, dome 0.3217 model 0.3180, rim 0.2176 model 0.2120
a furrow of 0.6 (furrow 0.6): face 0.2787 model 0.2819, dome 0.1347 model 0.1373, rim 0.1276 model 0.1280
ok
test the_pinned_plate_mean_is_the_mean_the_field_averages_to ... historical oak profile (furrow 0): face 0.5217 model 0.5208, dome 0.2844 model 0.2839, rim 0.3907 model 0.3891
historical spruce profile (furrow 0): face 0.5261 model 0.5208, dome 0.2853 model 0.2839, rim 0.3966 model 0.3891
a furrow of 0.25 (furrow 0.25): face 0.3404 model 0.3368, dome 0.1567 model 0.1567, rim 0.2630 model 0.2596
a furrow of 0.6 (furrow 0.6): face 0.1794 model 0.1829, dome 0.0648 model 0.0682, rim 0.1467 model 0.1473
ok

failures:

failures:
    edge_shape_blends_continuously_and_is_independent_of_smooth_terms

test result: FAILED. 3 passed; 1 failed; 1 ignored; 0 measured; 0 filtered out; finished in 3.39s

error: test failed, to rerun pass `-p telperion-render --test bark_plates`
