   Compiling telperion-render v0.1.0 (/home/daniel/Projects/telperion/.worktrees/fn-42-bark-depth-level-and-a-fair-capture/crates/telperion-render)
    Finished `ci` profile [optimized] target(s) in 8.85s
     Running tests/bark_distance.rs (/home/daniel/Projects/telperion/target/ci/deps/bark_distance-0f992422d88c843a)

running 1 test
distance-series height deviation near/far: 0.0009139285741035447/0.0008364669699845517
OregonWhiteOak 2x resolution: 10000 pixels, mean 1.748008/255, p95 5.00/255
OregonWhiteOak 4x resolution: 5000 pixels, mean 2.525850/255, p95 6.50/255
test resolved_scales_survive_until_the_two_pixel_boundary ... ok

test result: ok. 1 passed; 0 failed; 0 ignored; 0 measured; 0 filtered out; finished in 22.67s

     Running tests/bark_plates.rs (/home/daniel/Projects/telperion/target/ci/deps/bark_plates-83e764f2da7d2d65)

running 4 tests
test inspect_rough_plate_means ... ignored, explicit diagnostic for rough-profile integral calibration
identity: 11157 adjacent pairs share a plate, 1829 at a plate's width, variance 0.0814
test every_plate_carries_an_identity_of_its_own ... ok
oak (furrow 0): face 0.7470 model 0.7540, dome 0.5616 model 0.5704, rim 0.3167 model 0.3149
oak (furrow 0): face 0.5193 model 0.5208, dome 0.2848 model 0.2839, rim 0.3853 model 0.3891
spruce (furrow 0): face 0.5378 model 0.5208, dome 0.2947 model 0.2839, rim 0.4024 model 0.3891

thread 'the_pinned_plate_mean_is_the_mean_the_field_averages_to' (1093092) panicked at crates/telperion-render/tests/bark_plates.rs:213:9:
spruce: a domed face: far 0.8047 against 0.8325; a lifted rim: far 0.9099 against 0.9403
note: run with `RUST_BACKTRACE=1` environment variable to display a backtrace
test the_pinned_plate_mean_is_the_mean_the_field_averages_to ... FAILED
spruce (furrow 0): face 0.7609 model 0.7540, dome 0.5793 model 0.5704, rim 0.3130 model 0.3149
a furrow of 0.25 (furrow 0.25): face 0.4909 model 0.4929, dome 0.3112 model 0.3107, rim 0.2117 model 0.2119
a furrow of 0.6 (furrow 0.6): face 0.2690 model 0.2719, dome 0.1303 model 0.1327, rim 0.1220 model 0.1217
test rough_plate_mean_matches_its_narrow_ragged_profile ... ok

failures:

failures:
    the_pinned_plate_mean_is_the_mean_the_field_averages_to

test result: FAILED. 2 passed; 1 failed; 1 ignored; 0 measured; 0 filtered out; finished in 4.93s

error: test failed, to rerun pass `-p telperion-render --test bark_plates`
