   Compiling telperion-render v0.1.0 (/home/daniel/Projects/telperion/.worktrees/fn-42-bark-depth-level-and-a-fair-capture/crates/telperion-render)
    Finished `ci` profile [optimized] target(s) in 0.70s
     Running tests/bark_plates.rs (/home/daniel/Projects/telperion/target/ci/deps/bark_plates-83e764f2da7d2d65)

running 5 tests
test edge_shape_blends_continuously_and_is_independent_of_smooth_terms ... ok
test every_plate_carries_an_identity_of_its_own ... identity: 44626 adjacent pairs share a plate, 7227 at a plate's width, variance 0.0820
ok
test inspect_rough_plate_means ... ignored, explicit diagnostic for rough-profile integral calibration
test rough_plate_mean_matches_its_narrow_ragged_profile ... oak (furrow 0): face 0.7494 model 0.7540, dome 0.5746 model 0.5795, rim 0.3044 model 0.3038
spruce (furrow 0): face 0.7579 model 0.7540, dome 0.5845 model 0.5795, rim 0.3031 model 0.3038
a furrow of 0.25 (furrow 0.25): face 0.5072 model 0.5004, dome 0.3217 model 0.3180, rim 0.2176 model 0.2120
a furrow of 0.6 (furrow 0.6): face 0.2787 model 0.2819, dome 0.1347 model 0.1373, rim 0.1276 model 0.1280
ok
test the_pinned_plate_mean_is_the_mean_the_field_averages_to ... historical oak profile (furrow 0): face 0.5217 model 0.5208, dome 0.2844 model 0.2839, rim 0.3907 model 0.3891
historical spruce profile (furrow 0): face 0.5261 model 0.5208, dome 0.2853 model 0.2839, rim 0.3966 model 0.3891
a furrow of 0.25 (furrow 0.25): face 0.3404 model 0.3368, dome 0.1567 model 0.1567, rim 0.2630 model 0.2596
a furrow of 0.6 (furrow 0.6): face 0.1794 model 0.1829, dome 0.0648 model 0.0682, rim 0.1467 model 0.1473
ok

test result: ok. 4 passed; 0 failed; 1 ignored; 0 measured; 0 filtered out; finished in 3.27s

     Running tests/bark_relief_range.rs (/home/daniel/Projects/telperion/target/ci/deps/bark_relief_range-5e5432dfd13d584c)

running 1 test
test revised_profiles_reduce_the_rejected_broad_relief ... oak physical height p95-p5: before 0.005169369 m, after 0.003184657 m, ratio 0.616063; radius .4m, square .4m, footprint .001m, 128x128 samples
spruce physical height p95-p5: before 0.002371103 m, after 0.001491043 m, ratio 0.628840; radius .4m, square .4m, footprint .001m, 128x128 samples
ok

test result: ok. 1 passed; 0 failed; 0 ignored; 0 measured; 0 filtered out; finished in 0.57s

     Running tests/material_shaders.rs (/home/daniel/Projects/telperion/target/ci/deps/material_shaders-9efc940a1c677f0b)

running 1 test
test production_material_stages_validate_with_uniform_derivatives ... ok

test result: ok. 1 passed; 0 failed; 0 ignored; 0 measured; 0 filtered out; finished in 0.01s
