   Compiling telperion-render v0.1.0 (/home/daniel/Projects/telperion/.worktrees/fn-42-bark-depth-level-and-a-fair-capture/crates/telperion-render)
    Finished `ci` profile [optimized] target(s) in 3.64s
     Running tests/bark_plates.rs (/home/daniel/Projects/telperion/target/ci/deps/bark_plates-83e764f2da7d2d65)

running 4 tests
test every_plate_carries_an_identity_of_its_own ... identity: 44626 adjacent pairs share a plate, 7227 at a plate's width, variance 0.0820
ok
test inspect_rough_plate_means ... ignored, explicit diagnostic for rough-profile integral calibration
test rough_plate_mean_matches_its_narrow_ragged_profile ... oak (furrow 0): face 0.7494 model 0.7540, dome 0.5746 model 0.5704, rim 0.3044 model 0.3149
spruce (furrow 0): face 0.7579 model 0.7540, dome 0.5845 model 0.5704, rim 0.3031 model 0.3149
a furrow of 0.25 (furrow 0.25): face 0.5072 model 0.4929, dome 0.3217 model 0.3107, rim 0.2176 model 0.2119

thread 'rough_plate_mean_matches_its_narrow_ragged_profile' (1101603) panicked at crates/telperion-render/tests/bark_plates.rs:229:9:
a furrow of 0.25: a domed face: far 0.8036 against 0.8289; a lifted rim: far 0.7048 against 0.7248
note: run with `RUST_BACKTRACE=1` environment variable to display a backtrace
FAILED
test the_pinned_plate_mean_is_the_mean_the_field_averages_to ... historical oak profile (furrow 0): face 0.5217 model 0.5208, dome 0.2844 model 0.2839, rim 0.3907 model 0.3891
historical spruce profile (furrow 0): face 0.5261 model 0.5208, dome 0.2853 model 0.2839, rim 0.3966 model 0.3891
a furrow of 0.25 (furrow 0.25): face 0.3404 model 0.3368, dome 0.1567 model 0.1567, rim 0.2630 model 0.2596
a furrow of 0.6 (furrow 0.6): face 0.1794 model 0.1829, dome 0.0648 model 0.0682, rim 0.1467 model 0.1473
ok

failures:

failures:
    rough_plate_mean_matches_its_narrow_ragged_profile

test result: FAILED. 2 passed; 1 failed; 1 ignored; 0 measured; 0 filtered out; finished in 3.46s

error: test failed, to rerun pass `-p telperion-render --test bark_plates`
