   Compiling telperion-core v0.1.0 (/home/daniel/Projects/telperion/.worktrees/fn-42-bark-depth-level-and-a-fair-capture/crates/telperion-core)
   Compiling telperion-render v0.1.0 (/home/daniel/Projects/telperion/.worktrees/fn-42-bark-depth-level-and-a-fair-capture/crates/telperion-render)
    Finished `ci` profile [optimized] target(s) in 6.20s
     Running tests/bark_distance.rs (/home/daniel/Projects/telperion/target/ci/deps/bark_distance-0f992422d88c843a)

running 1 test
test resolved_scales_survive_until_the_two_pixel_boundary ... distance-series height deviation near/far: 0.0009139285741035447/0.0008364669699845517
OregonWhiteOak 2x resolution: 10000 pixels, mean 1.951400/255, p95 5.75/255
OregonWhiteOak 4x resolution: 5000 pixels, mean 2.541083/255, p95 6.75/255
ok

test result: ok. 1 passed; 0 failed; 0 ignored; 0 measured; 0 filtered out; finished in 3.84s

     Running tests/bark_plates.rs (/home/daniel/Projects/telperion/target/ci/deps/bark_plates-83e764f2da7d2d65)

running 4 tests
test every_plate_carries_an_identity_of_its_own ... identity: 44626 adjacent pairs share a plate, 7227 at a plate's width, variance 0.0820
ok
test inspect_rough_plate_means ... ignored, explicit diagnostic for rough-profile integral calibration
test rough_plate_mean_matches_its_narrow_ragged_profile ... oak (furrow 0): face 0.7494 model 0.7540, dome 0.5746 model 0.5795, rim 0.3044 model 0.3038
spruce (furrow 0): face 0.7579 model 0.7540, dome 0.5845 model 0.5795, rim 0.3031 model 0.3038
a furrow of 0.25 (furrow 0.25): face 0.5072 model 0.5004, dome 0.3217 model 0.3180, rim 0.2176 model 0.2120
a furrow of 0.6 (furrow 0.6): face 0.2787 model 0.2819, dome 0.1347 model 0.1373, rim 0.1276 model 0.1280
ok
test the_pinned_plate_mean_is_the_mean_the_field_averages_to ... historical oak profile (furrow 0): face 0.5217 model 0.5208, dome 0.2844 model 0.2839, rim 0.3907 model 0.3891
historical spruce profile (furrow 0): face 0.5261 model 0.5208, dome 0.2853 model 0.2839, rim 0.3966 model 0.3891
a furrow of 0.25 (furrow 0.25): face 0.3404 model 0.3368, dome 0.1567 model 0.1567, rim 0.2630 model 0.2596
a furrow of 0.6 (furrow 0.6): face 0.1794 model 0.1829, dome 0.0648 model 0.0682, rim 0.1467 model 0.1473
ok

test result: ok. 3 passed; 0 failed; 1 ignored; 0 measured; 0 filtered out; finished in 2.43s

     Running tests/bark_relief_range.rs (/home/daniel/Projects/telperion/target/ci/deps/bark_relief_range-5e5432dfd13d584c)

running 1 test
test revised_profiles_reduce_the_rejected_broad_relief ... oak physical height p95-p5: before 0.005169369 m, after 0.003184657 m, ratio 0.616063; radius .4m, square .4m, footprint .001m, 128x128 samples
spruce physical height p95-p5: before 0.002371103 m, after 0.001491043 m, ratio 0.628840; radius .4m, square .4m, footprint .001m, 128x128 samples
ok

test result: ok. 1 passed; 0 failed; 0 ignored; 0 measured; 0 filtered out; finished in 0.60s

     Running tests/bark_resolution.rs (/home/daniel/Projects/telperion/target/ci/deps/bark_resolution-8c089c2de9f6af10)

running 2 tests
test grazing_trunks_agree_with_a_box_reduction_at_half_resolution ... OregonWhiteOak grazing: 6178 pixels, mean 2.531334/255, p95 7.75/255, redraw worst 0/255
OregonWhiteOak plain grazing: (0.77034099492824, 2.0)
NorwaySpruce grazing: 2962 pixels, mean 1.777487/255, p95 4.75/255, redraw worst 0/255
NorwaySpruce plain grazing: (0.6917623227548954, 1.75)
ok
test trunk_agrees_with_a_box_reduction_at_half_resolution ... trunk redraw worst 0/255
trunk resolution agreement: mean 1.809107/255, p95 6.25/255
plain trunk diagnostic (mean, p95): (0.542490243342516, 1.5)
ok

test result: ok. 2 passed; 0 failed; 0 ignored; 0 measured; 0 filtered out; finished in 11.24s
