   Compiling telperion-render v0.1.0 (/home/daniel/Projects/telperion/.worktrees/fn-42-bark-depth-level-and-a-fair-capture/crates/telperion-render)
    Finished `ci` profile [optimized] target(s) in 0.74s
     Running tests/bark_plates.rs (/home/daniel/Projects/telperion/target/ci/deps/bark_plates-83e764f2da7d2d65)

running 4 tests
test every_plate_carries_an_identity_of_its_own ... identity: 44626 adjacent pairs share a plate, 7227 at a plate's width, variance 0.0820
ok
test inspect_rough_plate_means ... ignored, explicit diagnostic for rough-profile integral calibration
test rough_plate_mean_matches_its_narrow_ragged_profile ... oak (furrow 0): face 0.7501 model 0.7540, dome 0.5647 model 0.5704, rim 0.3173 model 0.3149
spruce (furrow 0): face 0.7589 model 0.7540, dome 0.5764 model 0.5704, rim 0.3139 model 0.3149
a furrow of 0.25 (furrow 0.25): face 0.4937 model 0.4929, dome 0.3133 model 0.3107, rim 0.2113 model 0.2119
a furrow of 0.6 (furrow 0.6): face 0.2719 model 0.2719, dome 0.1311 model 0.1327, rim 0.1246 model 0.1217
ok
test the_pinned_plate_mean_is_the_mean_the_field_averages_to ... historical oak profile (furrow 0): face 0.5217 model 0.5208, dome 0.2844 model 0.2839, rim 0.3907 model 0.3891
historical spruce profile (furrow 0): face 0.5261 model 0.5208, dome 0.2853 model 0.2839, rim 0.3966 model 0.3891
a furrow of 0.25 (furrow 0.25): face 0.3404 model 0.3368, dome 0.1567 model 0.1567, rim 0.2630 model 0.2596
a furrow of 0.6 (furrow 0.6): face 0.1794 model 0.1829, dome 0.0648 model 0.0682, rim 0.1467 model 0.1473
ok

test result: ok. 3 passed; 0 failed; 1 ignored; 0 measured; 0 filtered out; finished in 2.18s

     Running tests/bark_relief_range.rs (/home/daniel/Projects/telperion/target/ci/deps/bark_relief_range-5e5432dfd13d584c)

running 1 test
test revised_profiles_reduce_the_rejected_broad_relief ... oak physical height p95-p5: before 0.005135940 m, after 0.003133731 m, ratio 0.610157; radius .4m, square .4m, footprint .001m, 128x128 samples
spruce physical height p95-p5: before 0.002309733 m, after 0.001475052 m, ratio 0.638625; radius .4m, square .4m, footprint .001m, 128x128 samples
ok

test result: ok. 1 passed; 0 failed; 0 ignored; 0 measured; 0 filtered out; finished in 0.59s

     Running tests/bark_resolution.rs (/home/daniel/Projects/telperion/target/ci/deps/bark_resolution-8c089c2de9f6af10)

running 2 tests
test grazing_trunks_agree_with_a_box_reduction_at_half_resolution ... OregonWhiteOak grazing: 6178 pixels, mean 2.426473/255, p95 7.25/255, redraw worst 0/255
OregonWhiteOak plain grazing: (0.77034099492824, 2.0)
NorwaySpruce grazing: 2962 pixels, mean 1.800838/255, p95 4.75/255, redraw worst 0/255
NorwaySpruce plain grazing: (0.6917623227548954, 1.75)
ok
test trunk_agrees_with_a_box_reduction_at_half_resolution ... trunk redraw worst 0/255
trunk resolution agreement: mean 1.571688/255, p95 5.25/255
plain trunk diagnostic (mean, p95): (0.542490243342516, 1.5)
ok

test result: ok. 2 passed; 0 failed; 0 ignored; 0 measured; 0 filtered out; finished in 11.00s
