   Compiling telperion-wasm v0.1.0 (/home/daniel/Projects/telperion/crates/telperion-wasm)
   Compiling telperion-core v0.1.0 (/home/daniel/Projects/telperion/crates/telperion-core)
   Compiling telperion-render v0.1.0 (/home/daniel/Projects/telperion/crates/telperion-render)
    Finished `release` profile [optimized] target(s) in 57.84s
     Running unittests src/lib.rs (target/release/deps/telperion_core-0f9804aad39f341e)

running 135 tests
test blend::tests::a_field_that_is_off_walks_up_from_nothing ... ok
test blend::tests::a_walk_rounds_each_kind_of_number_the_way_its_rule_demands ... ok
test branching::audit::retained_supports ... ignored, mature stage audit; run explicitly with --nocapture
test branching::audit::scaffold_directions ... ignored, mature scaffold direction audit
test branching::audit::shape_report ... ignored, calibration read-out
test branching::local::monthly_tests::monthly_deferred_shoot_does_not_starve_a_younger_live_shoot ... ok
test branching::local::monthly_tests::monthly_local_station_is_reconsidered_when_it_becomes_eligible ... ok
test branching::local::monthly_tests::monthly_terminal_birth_does_not_retire_unborn_lateral_buds ... ok
test branching::local::monthly_tests::monthly_run_keeps_stations_waiting_beyond_the_current_envelope ... ok
test blend::tests::a_walk_between_two_material_rows_stays_a_row_a_leaf_can_be_drawn_from ... ok
test branching::local::waiting::frontier_tests::sleeping_terminal_receives_no_visits_and_wakes_at_crown_entry ... ok
test branching::local::waiting::frontier_tests::unchanged_frontier_keeps_its_identity_order_without_visiting_shoots ... ok
test branching::local::waiting::tests::fixed_candidate_waits_until_the_crown_can_reach_it ... ok
test branching::local::waiting::frontier_tests::a_shoot_beyond_all_reach_of_the_rising_trunk_is_not_replanned ... ok
test branching::scaffold::frontier::tests::annual_blocked_axes_leave_the_budget_for_live_shoots ... ok
test branching::scaffold::frontier::tests::attractor_consumption_keeps_the_first_year ... ok
test branching::specimen::change_tests::change_record_bad_placement_is_atomic_and_names_its_run ... ok
test branching::specimen::change_tests::change_record_preserves_transform_bits_including_signed_zero ... ok
test branching::specimen::change_tests::change_record_includes_contact_motion_from_sibling_growth ... ok
test branching::specimen::change_tests::change_record_fresh_reads_reuse_contacts_until_neighbor_geometry_changes ... ok
test branching::specimen::change_tests::change_record_cohort_boundary_matches_cached_and_cold_reads ... ok
test branching::specimen::change_tests::change_record_preserves_run_position_bits ... ok
test branching::specimen::change_tests::change_record_rejects_missing_and_wrong_runs_naming_identity_without_mutation ... ok
test branching::specimen::change_tests::change_record_tolerance_suppresses_noise_without_drift ... ok
test branching::specimen::cohort_tests::cohort_budget_counts_visible_stations_and_failed_fill_keeps_age ... ok
test branching::specimen::cohort_tests::first_cohort_reaches_the_distal_half_of_its_shoot ... ok
test branching::specimen::cohort_tests::thickened_shoot_stops_bearing_at_anatomical_diameter ... ok
test branching::specimen::cohort_tests::young_cohorts_fill_annually_and_keep_station_identities ... ok
test branching::specimen::cost_tests::inactive_wood_is_not_evaluated_when_shedding_is_disabled ... ok
test branching::specimen::crown::tests::an_unsampled_crown_does_not_rebuild_its_profile ... ok
test branching::specimen::foliage_tests::cohort_fill_preserves_integer_ticks_near_the_maximum_age ... ok
test branching::specimen::foliage_tests::changed_neighboring_contact_polygons_move_an_unchanged_surviving_shoot ... ok
test branching::specimen::foliage_tests::foliage_rederives_only_shoots_whose_wood_or_contact_changed ... ok
test branching::local::waiting::prediction_tests::wake_bound_never_skips_an_eligible_slice_on_either_side_of_the_crown ... ok
test branching::specimen::foliage_tests::leaves_hold_across_the_exact_lifetime_boundary_without_wood_growth ... ok
test branching::specimen::foliage_tests::leaf_lifetime_zero_fractional_and_maximum_are_valid ... ok
test branching::specimen::foliage_tests::surviving_leaf_randomness_is_independent_of_compaction_and_retired_generations ... ok
test branching::specimen::foliage_tests::placement_identities_survive_thickening_and_match_fresh_surface_contacts ... ok
test branching::specimen::history::tests::historical_read_refuses_invalid_ages_and_names_the_frontier ... ok
test branching::specimen::interval::tests::envelope_growth_without_wood_keyframes_moves_no_placement ... ok
test branching::specimen::interval::tests::interval_advance_cannot_reuse_older_cached_cohort_transforms ... ok
test branching::specimen::history::tests::default_read_keeps_exact_frontier_ticks_near_maximum_age ... ok
test branching::specimen::interval::tests::interval_records_follow_sibling_growth_and_removal_contacts ... ok
test branching::specimen::interval::tests::interval_records_validate_both_ages_without_running_simulation ... ok
test branching::specimen::cost_tests::structural_births_do_not_move_existing_local_storage_inside_a_slice ... ok
test branching::specimen::chronicle_tests::shedding_keeps_storage_and_keys_but_packs_only_living_wood ... ok
test branching::specimen::cost_tests::packing_keeps_append_headroom_for_the_next_slice ... ok
test branching::specimen::cost_tests::crown_cache_reuses_geometry_and_matches_exhaustive_profile ... ok
test branching::specimen::keyframes::tests::unread_annual_frames_queue_each_output_only_once ... ok
test branching::specimen::measurement::mature_stage_profile ... ok
test branching::specimen::measurement::spruce_contact_motion_report ... ok
test branching::scaffold::frontier::tests::annual_laterals_extend_before_the_leader_finishes ... ok
test branching::specimen::measurement::tolerance_cost_report ... ok
test branching::specimen::measurement::monthly_cost_report ... ok
test branching::specimen::monthly_tests::annual_blends_preserve_valid_age_and_rate_boundaries ... ok
test branching::specimen::keyframes::tests::annual_keyframes_do_not_finalize_stored_output_radii ... ok
test branching::specimen::foliage_tests::annual_leaf_buffers_replay_exactly_across_reads_for_all_presets_and_a_blend ... ok
test branching::specimen::history::tests::historical_read_keeps_zero_budget_envelopes_and_saturated_cohorts ... ok
test branching::specimen::monthly_tests::annual_pause_and_subyear_remainder_do_not_grow_early ... ok
test branching::specimen::chronicle_tests::vigour_records_preserve_every_earlier_observation_and_counter ... ok
test branching::specimen::keyframes::tests::resize_tolerance_accumulates_from_last_frame_without_rewriting_it ... ok
test branching::specimen::monthly_tests::annual_time_errors_name_values_and_preserve_the_specimen ... ok
test branching::specimen::monthly_tests::annual_node_cap_rolls_back_a_partial_slice_and_resumes_after_raise ... ok
test branching::specimen::monthly_tests::annual_zero_ceiling_keeps_an_empty_seedling_and_recovers ... ok
test branching::specimen::read_tests::unread_advances_do_not_pack_and_reads_preserve_internal_indices ... ok
test branching::specimen::cost_tests::an_internal_slice_does_not_finalize_existing_local_widths ... ok
test branching::specimen::keyframes::tests::unchanged_canonical_parents_do_not_walk_local_descendants ... ok
test branching::specimen::keyframes::tests::radius_history_is_monotone_through_extension_forks_and_shedding ... ok
test branching::specimen::history::tests::ten_year_jump_and_yearly_advances_keep_all_intermediate_reads ... ok
test branching::specimen::monthly_tests::annual_frontier_storage_permutations_do_not_change_birth_order ... ok
test branching::specimen::read_tests::finalizing_grown_and_shed_records_ignores_stored_output_widths ... ok
test branching::specimen::contacts::tests::indexed_contacts_match_both_endpoint_sweep_dependencies ... ok
test branching::specimen::cost_tests::packing_between_advances_does_not_change_grown_and_shed_tree_bytes ... ok
test branching::specimen::survival_tests::mature_light_survives_while_interior_shoots_die_as_stamps ... ok
test branching::specimen::shared::tests::fractional_contact_advance_does_not_materialize_numeric_offsets ... ok
test branching::specimen::retention::tests::history_cap_refuses_expired_ages_and_invalid_settings_atomically ... ok
test branching::specimen::keyframes::tests::ten_year_jump_retains_every_annual_radius_read_and_interval ... ok
test branching::specimen::read_tests::reads_between_advances_reconcile_after_growth_shedding_and_cap_recovery ... ok
test branching::specimen::tests::retired_generation_cannot_resolve_a_reused_slot ... ok
test branching::specimen::interval::tests::interval_records_are_canonical_for_every_intermediate_year ... ok
test branching::specimen::tests::shedding_compacts_siblings_without_reusing_birth_identities ... ok
test branching::specimen::monthly_tests::annual_growth_traits_and_age_are_numeric_family_dimensions ... ok
test branching::specimen::thickening_tests::live_shedding_replays_shoot_state_and_surviving_radii_exactly ... ok
test branching::specimen::tests::scaffold_resume_preserves_each_axis_stream_and_spent_attractors ... ok
test branching::specimen::thickening_tests::shedding_waits_for_tolerance_and_retires_only_the_dark_subtree ... ok
test branching::specimen::thickening_tests::snapshot_cuts_are_capped_and_remove_new_descendants_without_reusing_ids ... ok
test branching::specimen::thickening_tests::structural_forks_and_cuts_preserve_surviving_widths_and_pipe_cache ... ok
test branching::specimen::thickening_tests::threshold_equality_recovers_and_restarts_the_tolerance_clock ... ok
test branching::specimen::thickening_tests::tolerance_and_apical_loss_are_validated_blended_numeric_traits ... ok
test branching::specimen::widths::tests::width_queue_keeps_birth_order_across_bucket_boundaries_and_new_children ... ok
test growth::clock::tests::annual_boundary_keeps_the_original_submonth_resolution ... ok
test growth::tests::maturity_is_derived_from_growth ... ok
test material::tests::a_range_that_runs_backwards_is_refused_by_the_pairs_name ... ok
test material::tests::a_value_off_its_range_is_refused_by_its_own_name ... ok
test material::tests::the_row_every_family_starts_from_is_one_a_leaf_can_be_drawn_from ... ok
test params::tests::age_and_growth_round_trip_and_refuse_invalid_values ... ok
test branching::specimen::monthly_tests::annual_cached_local_runs_obey_the_current_crown_boundary ... ok
test params::tests::every_preset_age_is_derived_from_its_growth ... ok
test branching::specimen::thickening_tests::local_wood_thickens_with_its_parent_and_never_shrinks ... ok
test params::tests::leaf_lifetime_is_a_validated_blended_family_trait ... ok
test params::tests::resize_tolerance_is_a_validated_blended_wire_trait ... ok
test radius::history::tests::historical_maximum_survives_scale_falls_and_later_recovery ... ok
test radius::incremental::tests::rising_scale_does_not_visit_wood_below_its_previous_width ... ok
test surface::tests::allocation_failure_is_explicit ... ok
test params::tests::the_material_row_travels_the_wire_and_is_refused_by_field_name ... ok
test branching::specimen::shared::tests::shared_reads_keep_unchanged_payloads_and_reconcile_every_age ... ok
test branching::specimen::monthly_tests::annual_growth_expands_the_envelope_and_retains_wood ... ok
test branching::specimen::change_tests::change_record_replay_buffers_match_fresh_build_for_every_preset_and_blend ... ok
test branching::specimen::monthly_tests::annual_build_and_irregular_fractional_replay_have_identical_bytes ... ok
test branching::specimen::history::tests::every_prior_read_matches_fresh_growth_including_shedding_and_contacts ... ok
test branching::specimen::tests::whole_build_replays_the_retained_frontiers_exactly ... ok
test branching::specimen::retention::tests::history_cap_compacts_dead_wood_and_preserves_every_retained_read ... ok
test branching::specimen::interval::tests::interval_records_reconcile_all_age_pairs_presets_and_blend ... ok
test params::tests::catalogue_roundtrips_all_controls_and_identities ... ok
test branching::audit::trait_extremes_are_trees ... ok
test branching::specimen::history::tests::historical_reads_cover_every_preset_blends_and_do_not_change_future_growth ... ok
test branching::specimen::retention::tests::history_cap_build_and_node_ceiling_keep_the_same_complete_slice ... ok
test branching::audit::shipped_scaffolds_are_reproducible ... ok
test branching::specimen::tests::retained_frontiers_grow_structure_after_twigs_without_changing_identities ... ok
test branching::specimen::chronicle_tests::dead_records_stay_frozen_and_slots_are_never_reused_by_later_growth ... ok
test branching::specimen::cost_tests::identity_maintenance_without_structural_birth_visits_only_new_locals ... ok
test branching::specimen::retention::tests::history_cap_preserves_future_growth_identities_and_records ... ok
test branching::specimen::change_tests::change_record_reconciles_birth_extension_shedding_and_expiry ... ok
test branching::specimen::history::tests::historical_read_cannot_poison_clock_only_cohort_changes ... ok
test branching::specimen::survival_tests::ordinary_retains_its_mature_crown_with_authored_shedding ... ok
test branching::audit::every_bias_term_reaches_every_shipped_preset ... ok
test branching::specimen::tests::local_resume_preserves_pending_runs_across_irregular_budgets ... ok
test branching::specimen::interval::tests::empty_late_interval_visits_no_unrelated_chronicle_nodes ... ok
test branching::specimen::monthly_tests::annual_saturated_age_jumps_without_visiting_the_intervening_slices ... ok
test branching::audit::every_habit_trait_moves_every_shipped_preset ... ok
test branching::specimen::storage::tests::sparse_advance_updates_the_existing_packed_tree ... ok
test branching::specimen::interval::tests::sparse_spruce_projects_only_changed_contact_paths ... ok
test branching::specimen::cohort_tests::mature_cohorts_hold_for_twice_the_lifetime ... ok
test branching::specimen::survival_tests::telperion_retains_its_mature_crown_with_authored_shedding ... ok
test branching::specimen::survival_tests::laurelin_retains_its_mature_crown_with_authored_shedding ... ok

test result: ok. 132 passed; 0 failed; 3 ignored; 0 measured; 0 filtered out; finished in 23.51s

     Running tests/colonization.rs (target/release/deps/colonization-c64422490cd1c5a4)

running 5 tests
test crown_edges_and_outside_approach ... ok
test oversized_climb_step_cannot_skip_the_entire_crown ... ok
test empty_caps_and_invalid_inputs ... ok
test fill_measures_only_classified_shell_wood_and_crown_tips ... ok
test deterministic_forking_and_termination ... ok

test result: ok. 5 passed; 0 failed; 0 ignored; 0 measured; 0 filtered out; finished in 0.00s

     Running tests/crown_reference.rs (target/release/deps/crown_reference-70bcb2f055b3f182)

running 2 tests
test compare_pinned_fn6_when_requested ... ignored, requires pinned FN6 export; run crown_reference.mjs
test ordinary_and_giant_crowns ... ok

test result: ok. 1 passed; 0 failed; 1 ignored; 0 measured; 0 filtered out; finished in 0.02s

     Running tests/crown_retention.rs (target/release/deps/crown_retention-7bc9b49b41d826af)

running 3 tests
test oak_infill_reaches_the_retained_seed_two_window ... ok
test spruce_bearing_shoots_follow_the_secondary_span ... ok
test spreading_crown_retains_generated_interior_subdivisions ... ok

test result: ok. 3 passed; 0 failed; 0 ignored; 0 measured; 0 filtered out; finished in 0.26s

     Running tests/field.rs (target/release/deps/field-d4ca4be5ff79a9ef)

running 5 tests
test empty_and_invalid_queries ... ok
test portable_snapshot_is_optional_owned_and_preserves_index ... ok
test tapered_wood_and_flat_leaf_cells ... ok
test species_geometry_bounds_culling_and_field_cover_transformed_connectors_and_units ... ok
test generated_block_consumer_and_giant_samples_without_surface ... ok

test result: ok. 5 passed; 0 failed; 0 ignored; 0 measured; 0 filtered out; finished in 1.17s

     Running tests/foliage.rs (target/release/deps/foliage-0d6d1af7d24c06c8)

running 18 tests
test attachments::shoot_radius_alone_clothes_slender_supports_and_spares_thick_limbs ... ok
test attachments::leaned_stations_continue_across_subdivided_twig_runs ... ok
test attachments::species_empty_degenerate_and_invalid_controls_are_explicit ... ok
test elements::a_blade_carries_a_coordinate_in_the_unit_square_at_every_vertex ... ok
test elements::needles_retain_shaft_width_before_the_distal_point ... ok
test attachments::species_attachment_uses_local_twig_and_connected_origins ... ok
test elements::a_margin_with_more_lobes_than_sections_is_rejected_by_both_names ... ok
test stations::fallback_folds_zero_edges_and_clumps_at_terminal_tip ... ok
test stations::element_anatomy_and_bounds ... ok
test elements::one_routine_builds_a_lobed_margin_and_a_four_sided_shaft ... ok
test stations::malformed_element_is_rejected_even_when_first_vertex_is_outside_shell ... ok
test stations::twig_stations_and_owned_deterministic_frames ... ok
test stations::shell_keeps_leaf_extent_and_crown_underside ... ok
test levels::a_level_list_that_is_not_nested_detail_is_rejected_by_name ... ok
test stations::shell_membership_empty_and_invalid ... ok
test elements::every_element_trait_moves_every_shipped_preset ... ok
test levels::levels_nest_from_the_widest_section_down_to_the_whole_element ... ok
test attachments::every_attachment_trait_moves_every_shipped_preset ... ok

test result: ok. 18 passed; 0 failed; 0 ignored; 0 measured; 0 filtered out; finished in 15.57s

     Running tests/foliage_reference.rs (target/release/deps/foliage_reference-e983ba3833b884c6)

running 1 test
test frozen_solved_tree_comparison ... ignored, requires REFERENCE_DIRECTORY exported with REFERENCE_BUFFERS=1

test result: ok. 0 passed; 0 failed; 1 ignored; 0 measured; 0 filtered out; finished in 0.00s

     Running ../../tests/migration/foundation.rs (target/release/deps/foundation-f06174fbdb000780)

running 8 tests
test bias_and_sampling_limits_are_explicit ... ok
test seeded_stream_matches_reference ... ok
test envelope_boundaries_and_invalid_values ... ok
test tree_validation_rejects_bad_topology_and_nonfinite_storage ... ok
test envelope_profile_has_authored_maximum_and_continuous_shoulder ... ok
test bias_preserves_scale_sampling_and_upward_progress ... ok
test vector_and_noise_boundaries ... ok
test noise_seed_range_flow_and_feature_scale ... ok

test result: ok. 8 passed; 0 failed; 0 ignored; 0 measured; 0 filtered out; finished in 0.00s

     Running tests/geometry_benchmark.rs (target/release/deps/geometry_benchmark-302db73e502afa3a)

running 4 tests
test biological_centroid_bins_count_needles_and_exclude_connectors ... ok
test analytic_axes_taper_angles_and_degeneracy ... ok
test frozen_parameters_resolve_without_default_substitution ... ok
......
----------------------------------------------------------------------
Ran 6 tests in 0.021s

OK
test receipt_manifest_and_replay_controls ... ok

test result: ok. 4 passed; 0 failed; 0 ignored; 0 measured; 0 filtered out; finished in 0.14s

     Running tests/growth.rs (target/release/deps/growth-ed0a9ee12632a350)

running 14 tests
test anatomy::generation_limit_is_explicit ... ok
test anatomy::shedding_keeps_whole_runs_and_terminal_transition ... ok
test anatomy::fork_conservation_and_appended_radius_independence ... ok
test anatomy::local_anatomy_attachment_taper_and_resolution ... ok
test anatomy::shedding_remaps_runs_preserves_transitions_and_caps ... ok
test habit::clipped_local_axis_still_subdivides_before_its_terminal_twig ... ok
test habit::every_habit_trait_is_a_range_and_names_itself ... ok
test habit::a_persistent_leader_carries_hanging_wood ... ok
test limits::empty_caps_invalid_and_finite_rails ... ok
test habit::a_crooked_row_subdivides_substantial_axes_without_effects ... ok
test habit::habit_topology_bounds_seeds_and_limits_are_explicit ... ok
test limits::natural_bias_is_independent_of_disabled_effects ... ok
test limits::family_and_seed_controls_rederive_growth ... ok
test complete_presets_are_deterministic_and_solved ... ok

test result: ok. 14 passed; 0 failed; 0 ignored; 0 measured; 0 filtered out; finished in 1.25s

     Running tests/growth_form.rs (target/release/deps/growth_form-a8b14e9aed12f77f)

running 10 tests
test oak_starts_as_a_leafed_seedling ... ok
test spruce_starts_as_a_needled_seedling ... ok
test young_spruce_branches_and_carries_foliage ... ok
test young_oak_branches_and_carries_foliage ... ok
test expanding_oak_crown_keeps_leafed_shoots ... ok
test sapling_laterals_carry_foliage_in_the_upper_crown ... ok
test every_preset_carries_foliage_each_year_from_one_through_ten ... ok
test height_to_trunk_diameter_falls_with_age ... ok
test mature_bole_does_not_end_at_a_temporary_local_apex ... ok
test mature_species_hold_fn30_crown_population ... ok

test result: ok. 10 passed; 0 failed; 0 ignored; 0 measured; 0 filtered out; finished in 12.85s

     Running tests/growth_reference.rs (target/release/deps/growth_reference-dfb35f5c1709ac3e)

running 1 test
test complete_fn6_comparison ... ignored, requires pinned FN6 export: GROWTH_REFERENCE_DIR=<directory> cargo test --test growth_reference -- --ignored --nocapture

test result: ok. 0 passed; 0 failed; 1 ignored; 0 measured; 0 filtered out; finished in 0.00s

     Running tests/identity.rs (target/release/deps/identity-66bb1811e4f6e5d5)

running 1 test
test oak_and_spruce_meshes_pin_the_production_tree_at_derived_maturity ... ok

test result: ok. 1 passed; 0 failed; 0 ignored; 0 measured; 0 filtered out; finished in 26.16s

     Running tests/material_detail.rs (target/release/deps/material_detail-48b33bd8aab0310b)

running 3 tests
test older_material_documents_gain_only_inert_detail_defaults ... ok
test detail_rows_all_walk_at_an_interior_point ... ok
test detail_rows_refuse_both_bounds_by_name_and_roundtrip_the_endpoints ... ok

test result: ok. 3 passed; 0 failed; 0 ignored; 0 measured; 0 filtered out; finished in 0.00s

     Running tests/mesh.rs (target/release/deps/mesh-1e41500cb71638c4)

running 3 tests
test a_family_the_generator_rejects_surfaces_its_own_message ... ok
test production_mesh_matches_the_specimen_view ... ok
test every_preset_builds_a_mesh_whose_counts_and_bounds_describe_its_buffers ... ok

test result: ok. 3 passed; 0 failed; 0 ignored; 0 measured; 0 filtered out; finished in 53.04s

     Running tests/profile_distance.rs (target/release/deps/profile_distance-e4c58537425d83ed)

running 1 test
test nearest_profile_distance_preserves_scale_and_projection ... ok

test result: ok. 1 passed; 0 failed; 0 ignored; 0 measured; 0 filtered out; finished in 0.00s

     Running tests/species.rs (target/release/deps/species-fa7d6c9872d23813)

running 5 tests
test oak_identity_resolves_to_frozen_profile_and_native_anatomy ... ok
test spruce_identity_resolves_to_frozen_profile_and_native_anatomy ... ok
test scaffold_reaches_and_hanging_secondaries_subdivide_before_their_tips ... ok
test fixed_oaks_pass_geometry_and_profile_gates_with_repeatable_varied_specimens ... ok
test fixed_spruces_pass_geometry_and_profile_gates_with_repeatable_varied_specimens has been running for over 60 seconds
test fixed_spruces_pass_geometry_and_profile_gates_with_repeatable_varied_specimens ... ok

test result: ok. 5 passed; 0 failed; 0 ignored; 0 measured; 0 filtered out; finished in 126.13s

     Running tests/species_metrics.rs (target/release/deps/species_metrics-0c4992c377274afd)

running 5 tests
test gates_do_not_pass_estimates_missing_values_or_outliers ... ok
test analytic_units_dbh_axes_and_retained_area ... ok
test overflow_and_degenerate_geometry_fail_explicitly ... ok
test missing_ambiguous_truncated_and_nonfinite_are_distinct ... ok
test measured_species_subsets_exclude_connectors_and_use_transformed_geometry ... ok

test result: ok. 5 passed; 0 failed; 0 ignored; 0 measured; 0 filtered out; finished in 0.00s

     Running tests/specimen_handle.rs (target/release/deps/specimen_handle-40c6d324ca772dc6)

running 4 tests
test specimen_snapshot_detects_payload_corruption_and_keeps_the_handle ... ok
test specimen_handle_recovery_and_ownership ... ok
test specimen_snapshot_round_trip_reads_and_continuation ... ok
test specimen_handle_ceiling_can_resume_and_snapshot_keeps_compacted_history ... ok

test result: ok. 4 passed; 0 failed; 0 ignored; 0 measured; 0 filtered out; finished in 0.00s

     Running tests/specimen_view.rs (target/release/deps/specimen_view-666210a5d33966df)

running 2 tests
test specimen_view_scrubs_advances_and_rebuilds_one_chronicle ... ok
test scrubbed_view_can_advance_beyond_its_old_history_window ... ok

test result: ok. 2 passed; 0 failed; 0 ignored; 0 measured; 0 filtered out; finished in 0.46s

     Running tests/surface.rs (target/release/deps/surface-c47f044cf59d94e4)

running 6 tests
test empty_degenerate_and_invalid_are_atomic ... ok
test every_vertex_carries_how_far_along_and_how_far_around_it_lies ... ok
test fork_socket_is_contained_and_thickest_child_continues ... ok
test root_only_and_float32_limits ... ok
test reversed_path_keeps_finite_frames ... ok
test tapered_closed_surface_has_normals_and_bounds ... ok

test result: ok. 6 passed; 0 failed; 0 ignored; 0 measured; 0 filtered out; finished in 0.00s

     Running tests/surface_attachments.rs (target/release/deps/surface_attachments-d4a8dfc7c2565e86)

running 1 test
test needle_origins_touch_rendered_facets_across_bends_and_sockets ... ok

test result: ok. 1 passed; 0 failed; 0 ignored; 0 measured; 0 filtered out; finished in 0.00s

     Running tests/surface_reference.rs (target/release/deps/surface_reference-562fd7b93c443606)

running 1 test
test final_fn6_geometry_comparison ... ignored, run node crates/telperion-core/tests/surface_reference.mjs to export pinned FN6 inputs

test result: ok. 0 passed; 0 failed; 1 ignored; 0 measured; 0 filtered out; finished in 0.00s

     Running tests/sweep.rs (target/release/deps/sweep-bfbfe74d3fd2fa31)

running 5 tests
test the_ends_of_a_walk_are_the_rows_themselves_and_a_row_walked_with_itself_holds ... ok
test every_wire_parameter_a_preset_moves_is_walked ... ok
test the_oak_to_spruce_walk_has_no_switch_frame ... ok
test every_pair_of_presets_grows_a_tree_at_every_step ... FAILED
test every_shipped_preset_carries_a_leaf_count_inside_the_fidelity_band ... ok

failures:

---- every_pair_of_presets_grows_a_tree_at_every_step stdout ----

thread 'every_pair_of_presets_grows_a_tree_at_every_step' (714592) panicked at crates/telperion-core/tests/sweep.rs:222:37:
norway-spruce->telperion at 0.4444444444444444: invalid input: node position or radius
note: run with `RUST_BACKTRACE=1` environment variable to display a backtrace


failures:
    every_pair_of_presets_grows_a_tree_at_every_step

test result: FAILED. 4 passed; 1 failed; 0 ignored; 0 measured; 0 filtered out; finished in 49.54s

error: test failed, to rerun pass `-p telperion-core --test sweep`
