   Compiling telperion-core v0.1.0 (/home/daniel/Projects/telperion/crates/telperion-core)
    Finished `release` profile [optimized] target(s) in 17.07s
────────────
 Nextest run ID 55b5a12a-2c0b-473d-8e6c-d5a4de3aaa84 with nextest profile: default
    Starting 20 tests across 4 binaries
        PASS [   0.004s] ( 1/20) telperion-core::surface_collapse a_position_float32_cannot_hold_is_still_an_error
        PASS [   0.004s] ( 2/20) telperion-core::surface fork_socket_is_contained_and_thickest_child_continues
        PASS [   0.004s] ( 3/20) telperion-core::surface tapered_closed_surface_has_normals_and_bounds
        PASS [   0.004s] ( 4/20) telperion-core::surface every_vertex_carries_how_far_along_and_how_far_around_it_lies
        PASS [   0.004s] ( 5/20) telperion-core::surface reversed_path_keeps_finite_frames
        PASS [   0.004s] ( 6/20) telperion-core::surface root_only_and_float32_limits
        PASS [   0.004s] ( 7/20) telperion-core::surface empty_degenerate_and_invalid_are_atomic
        PASS [   0.019s] ( 8/20) telperion-core::surface_collapse a_vertex_left_without_a_triangle_faces_out_from_its_ring
        PASS [   0.019s] ( 9/20) telperion-core::surface_prepared prepared_preserves_canonical_surface_without_expanded_arrays
        PASS [   0.020s] (10/20) telperion-core::surface_collapse a_tip_below_float32_resolution_far_out_drops_its_cap
        PASS [   0.020s] (11/20) telperion-core::surface_prepared clumps_reserve_every_buried_ring_and_collapsed_surfaces_fall_back
        PASS [   0.020s] (12/20) telperion-core::surface_collapse past_two_rings_worth_the_tree_fails_naming_the_count
        PASS [   0.020s] (13/20) telperion-core::surface_prepared shared_empty_and_validation_outcomes_are_explicit
        PASS [   0.020s] (14/20) telperion-core::surface_prepared compact_precision_domain_boundaries
        PASS [   0.020s] (15/20) telperion-core::surface_collapse the_run_table_shrinks_only_the_run_that_dropped
        PASS [   0.020s] (16/20) telperion-core::surface_collapse a_ring_collapsed_to_one_point_drops_the_strips_that_meet_it
        PASS [   0.020s] (17/20) telperion-core::surface_prepared root_only_has_no_surface_or_gpu_work
        PASS [   0.020s] (18/20) telperion-core::surface_prepared shared_contacts_preserve_station_stream_and_rounded_rings
        PASS [   0.020s] (19/20) telperion-core::surface_attachments needle_origins_touch_rendered_facets_across_bends_and_sockets
        PASS [   0.486s] (20/20) telperion-core::surface_collapse the_reproducing_beech_builds_and_drops_two_triangles
────────────
     Summary [   0.486s] 20 tests run: 20 passed, 0 skipped
