   Compiling telperion-render v0.1.0 (/home/daniel/Projects/telperion/crates/telperion-render)
    Finished `release` profile [optimized] target(s) in 35.19s
────────────
 Nextest run ID 98380d77-cd58-4a9f-9dcb-1a6c6c6b987b with nextest profile: default
    Starting 1 test across 1 binary (68 tests skipped)
        FAIL [   0.400s] (1/1) telperion-render generation::wood_tests::position_probe::production_positions_admit_geometry_and_reject_unsupported_inputs
  stdout ───

    running 1 test
    PRODUCTION_POSITION {"geometry":{"admissionParity":true,"candidateCollapsed":0,"candidateNonfiniteTriangle":0,"candidateRangeRejection":0,"candidateZeroArea":0,"canonicalCollapsed":0,"canonicalIndices":144,"caps":true,"enclosed":true,"finite":26,"gpuCollapsed":0,"gpuInvalid":0,"label":"minimal","maxFaceAngleRadians":3.725290298461936e-7,"maxMetres":3.414284955677271e-8,"maxRadiusMetres":1.4901161193847656e-8,"maxVertexNormalAngleRadians":1.3075715880680275e-7,"minRadiusMetres":0.16232100129127502,"newCollapsed":0,"numericPass":true,"proceduralIndices":144,"rings":2,"rmsMetres":1.7169097441463862e-8,"runs":1,"smallBranchMaxMetres":0.0,"topology":true,"vertices":26},"maxActualNormalAngle":1.20137002293744e-7,"maxRadiusAbsolute":2.9802322387695312e-8,"maxRadiusRelative":1.4191581954037247e-7}
    PRODUCTION_POSITION {"geometry":{"admissionParity":true,"candidateCollapsed":0,"candidateNonfiniteTriangle":0,"candidateRangeRejection":0,"candidateZeroArea":0,"canonicalCollapsed":0,"canonicalIndices":936,"caps":true,"enclosed":true,"finite":158,"gpuCollapsed":0,"gpuInvalid":0,"label":"curved","maxFaceAngleRadians":4.762197572976255e-6,"maxMetres":2.385349660155493e-7,"maxRadiusMetres":1.4901161193847656e-8,"maxVertexNormalAngleRadians":1.4798736224340182e-6,"minRadiusMetres":0.10012030601501465,"newCollapsed":0,"numericPass":true,"proceduralIndices":936,"rings":13,"rmsMetres":9.10033236551322e-8,"runs":1,"smallBranchMaxMetres":0.0,"topology":true,"vertices":158},"maxActualNormalAngle":1.2731557704981472e-7,"maxRadiusAbsolute":2.9802322387695312e-8,"maxRadiusRelative":1.4191581954037247e-7}
    PRODUCTION_POSITION {"geometry":{"admissionParity":true,"candidateCollapsed":0,"candidateNonfiniteTriangle":0,"candidateRangeRejection":0,"candidateZeroArea":0,"canonicalCollapsed":0,"canonicalIndices":144,"caps":true,"enclosed":true,"finite":26,"gpuCollapsed":0,"gpuInvalid":0,"label":"boundary","maxFaceAngleRadians":0.008981745633637213,"maxMetres":3.814813679170524e-6,"maxRadiusMetres":3.909226506948471e-7,"maxVertexNormalAngleRadians":0.00266539123555341,"minRadiusMetres":0.0007924684905447066,"newCollapsed":0,"numericPass":true,"proceduralIndices":144,"rings":2,"rmsMetres":1.4962816372017331e-6,"runs":1,"smallBranchMaxMetres":3.814813679170524e-6,"topology":true,"vertices":26},"maxActualNormalAngle":7.598131170262078e-8,"maxRadiusAbsolute":5.820766091346741e-11,"maxRadiusRelative":7.34148599690343e-8}
    test generation::wood_tests::position_probe::production_positions_admit_geometry_and_reject_unsupported_inputs ... FAILED

    failures:

    failures:
        generation::wood_tests::position_probe::production_positions_admit_geometry_and_reject_unsupported_inputs

    test result: FAILED. 0 passed; 1 failed; 0 ignored; 0 measured; 68 filtered out; finished in 0.39s

  stderr ───

    thread 'generation::wood_tests::position_probe::production_positions_admit_geometry_and_reject_unsupported_inputs' (856994) panicked at crates/telperion-render/src/generation/position_probe.rs:576:5:
    assertion failed: pollster::block_on(g.emit_positions(collapsed,
                    &mut metrics)).unwrap().is_none()
    note: run with `RUST_BACKTRACE=1` environment variable to display a backtrace

  Cancelling due to test failure: 
────────────
     Summary [   0.401s] 1 test run: 0 passed, 1 failed, 68 skipped
        FAIL [   0.400s] (1/1) telperion-render generation::wood_tests::position_probe::production_positions_admit_geometry_and_reject_unsupported_inputs
error: test run failed
