   Compiling telperion-render v0.1.0 (/home/daniel/Projects/telperion/crates/telperion-render)
    Finished `release` profile [optimized] target(s) in 35.63s
────────────
 Nextest run ID 57e0e4f1-a4d0-4b41-b643-d55d676c1dc3 with nextest profile: default
    Starting 18 tests across 1 binary (53 tests skipped)
        PASS [   0.014s] ( 1/18) telperion-render generation::request::tests::invalidation_keeps_busy_until_guard_drops_and_errors_release_it
        PASS [   0.007s] ( 2/18) telperion-render generation::tests::preparation_capabilities_and_failures_are_explicit
        PASS [   0.015s] ( 3/18) telperion-render generation::tests::compact_position_candidate_does_not_override_station_capability
        PASS [   3.306s] ( 4/18) telperion-render generation::readback_tests::leaf_readback_device_loss_returns_no_output
        PASS [   3.361s] ( 5/18) telperion-render generation::readback_tests::leaf_readback_preserves_words_across_chunk_boundaries
        PASS [   3.376s] ( 6/18) telperion-render generation::wood_tests::compute_limits_and_device_failure_never_return_partial_wood
        PASS [   3.387s] ( 7/18) telperion-render generation::tests::compact_positions_seat_contacts_on_the_rendered_surface
        PASS [   3.400s] ( 8/18) telperion-render generation::readback_tests::leaf_readback_rejects_invalid_buffers_and_allocation
        PASS [   3.410s] ( 9/18) telperion-render generation::tests::gpu_extrema_order_preserves_signed_zero_and_finite_signs
        PASS [   3.420s] (10/18) telperion-render generation::standalone_tests::standalone_rejects_resident_before_generation_and_delivers_owned_cpu_mesh
        PASS [   3.425s] (11/18) telperion-render generation::tests::foreign_prepared_result_preserves_the_live_tree
        PASS [   3.431s] (12/18) telperion-render generation::tests::huge_phases_fall_back_but_supported_large_ordinals_keep_orientation
        PASS [   3.450s] (13/18) telperion-render generation::wood_tests::multirow_empty_and_unusable_normals_have_explicit_outcomes
        PASS [   3.453s] (14/18) telperion-render generation::tests::compact_gpu_foliage_is_repeatable_seated_and_bounded
        PASS [   3.453s] (15/18) telperion-render generation::wood_tests::resident_wood_matches_cpu_and_remains_writable_after_adoption
        PASS [   3.453s] (16/18) telperion-render generation::wood_tests::position_probe::compact_position_edge_cases
        FAIL [   3.460s] (17/18) telperion-render generation::wood_tests::position_probe::production::production_positions_admit_geometry_and_reject_unsupported_inputs
  stdout ───

    running 1 test
    PRODUCTION_POSITION {"geometry":{"admissionParity":true,"candidateCollapsed":0,"candidateNonfiniteTriangle":0,"candidateRangeRejection":0,"candidateZeroArea":0,"canonicalCollapsed":0,"canonicalIndices":144,"caps":true,"enclosed":true,"finite":26,"gpuCollapsed":0,"gpuInvalid":0,"label":"minimal","maxFaceAngleRadians":3.725290298461936e-7,"maxMetres":3.414284955677271e-8,"maxRadiusMetres":1.4901161193847656e-8,"maxVertexNormalAngleRadians":1.3075715880680275e-7,"minRadiusMetres":0.16232100129127502,"newCollapsed":0,"numericPass":true,"proceduralIndices":144,"rings":2,"rmsMetres":1.7169097441463862e-8,"runs":1,"smallBranchMaxMetres":0.0,"topology":true,"vertices":26},"maxActualNormalAngle":1.20137002293744e-7,"maxRadiusAbsolute":2.9802322387695312e-8,"maxRadiusRelative":1.4191581954037247e-7}
    PRODUCTION_POSITION {"geometry":{"admissionParity":true,"candidateCollapsed":0,"candidateNonfiniteTriangle":0,"candidateRangeRejection":0,"candidateZeroArea":0,"canonicalCollapsed":0,"canonicalIndices":936,"caps":true,"enclosed":true,"finite":158,"gpuCollapsed":0,"gpuInvalid":0,"label":"curved","maxFaceAngleRadians":4.762197572976255e-6,"maxMetres":2.385349660155493e-7,"maxRadiusMetres":1.4901161193847656e-8,"maxVertexNormalAngleRadians":1.4798736224340182e-6,"minRadiusMetres":0.10012030601501465,"newCollapsed":0,"numericPass":true,"proceduralIndices":936,"rings":13,"rmsMetres":9.10033236551322e-8,"runs":1,"smallBranchMaxMetres":0.0,"topology":true,"vertices":158},"maxActualNormalAngle":1.2731557704981472e-7,"maxRadiusAbsolute":2.9802322387695312e-8,"maxRadiusRelative":1.4191581954037247e-7}
    PRODUCTION_POSITION {"geometry":{"admissionParity":true,"candidateCollapsed":0,"candidateNonfiniteTriangle":0,"candidateRangeRejection":0,"candidateZeroArea":0,"canonicalCollapsed":0,"canonicalIndices":144,"caps":true,"enclosed":true,"finite":26,"gpuCollapsed":0,"gpuInvalid":0,"label":"boundary","maxFaceAngleRadians":0.008981745633637213,"maxMetres":3.814813679170524e-6,"maxRadiusMetres":3.909226506948471e-7,"maxVertexNormalAngleRadians":0.00266539123555341,"minRadiusMetres":0.0007924684905447066,"newCollapsed":0,"numericPass":true,"proceduralIndices":144,"rings":2,"rmsMetres":1.4962816372017331e-6,"runs":1,"smallBranchMaxMetres":3.814813679170524e-6,"topology":true,"vertices":26},"maxActualNormalAngle":7.598131170262078e-8,"maxRadiusAbsolute":5.820766091346741e-11,"maxRadiusRelative":7.34148599690343e-8}
    test generation::wood_tests::position_probe::production::production_positions_admit_geometry_and_reject_unsupported_inputs ... FAILED

    failures:

    failures:
        generation::wood_tests::position_probe::production::production_positions_admit_geometry_and_reject_unsupported_inputs

    test result: FAILED. 0 passed; 1 failed; 0 ignored; 0 measured; 70 filtered out; finished in 3.44s

  stderr ───

    thread 'generation::wood_tests::position_probe::production::production_positions_admit_geometry_and_reject_unsupported_inputs' (884303) panicked at crates/telperion-render/src/generation/position_tests.rs:203:5:
    assertion failed: pollster::block_on(g.emit_positions(folded, &mut metrics)).unwrap().is_none()
    note: run with `RUST_BACKTRACE=1` environment variable to display a backtrace

  Cancelling due to test failure: 1 test still running
        PASS [   5.846s] (18/18) telperion-render generation::wood_tests::measured_specimens_keep_all_cpu_fields_and_gpu_surface_contracts
────────────
     Summary [   5.846s] 18 tests run: 17 passed, 1 failed, 53 skipped
        FAIL [   3.460s] (17/18) telperion-render generation::wood_tests::position_probe::production::production_positions_admit_geometry_and_reject_unsupported_inputs
error: test run failed
