   Compiling telperion-core v0.1.0 (/home/daniel/Projects/telperion/crates/telperion-core)
   Compiling telperion-render v0.1.0 (/home/daniel/Projects/telperion/crates/telperion-render)
    Finished `release` profile [optimized] target(s) in 46.57s
────────────
 Nextest run ID eb6b5979-abdc-4c01-9fa0-fce13ab3b8be with nextest profile: default
    Starting 15 tests across 1 binary (52 tests skipped)
        PASS [   0.004s] ( 1/15) telperion-render generation::request::tests::invalidation_keeps_busy_until_guard_drops_and_errors_release_it
        PASS [   0.011s] ( 2/15) telperion-render generation::tests::preparation_capabilities_and_failures_are_explicit
        PASS [   2.581s] ( 3/15) telperion-render generation::readback_tests::leaf_readback_device_loss_returns_no_output
        PASS [   2.644s] ( 4/15) telperion-render generation::tests::gpu_extrema_order_preserves_signed_zero_and_finite_signs
        PASS [   2.673s] ( 5/15) telperion-render generation::readback_tests::leaf_readback_preserves_words_across_chunk_boundaries
        PASS [   2.703s] ( 6/15) telperion-render generation::standalone_tests::standalone_rejects_resident_before_generation_and_delivers_owned_cpu_mesh
        PASS [   2.704s] ( 7/15) telperion-render generation::readback_tests::leaf_readback_rejects_invalid_buffers_and_allocation
        PASS [   2.725s] ( 8/15) telperion-render generation::tests::huge_phases_fall_back_but_supported_large_ordinals_keep_orientation
        PASS [   2.726s] ( 9/15) telperion-render generation::tests::compact_gpu_foliage_is_repeatable_seated_and_bounded
        PASS [   2.859s] (10/15) telperion-render generation::wood_tests::compute_limits_and_device_failure_never_return_partial_wood
        PASS [   2.892s] (11/15) telperion-render generation::wood_tests::resident_wood_matches_cpu_and_remains_writable_after_adoption
        PASS [   2.892s] (12/15) telperion-render generation::wood_tests::position_probe::compact_position_edge_cases
        PASS [   2.894s] (13/15) telperion-render generation::tests::foreign_prepared_result_preserves_the_live_tree
        PASS [   2.900s] (14/15) telperion-render generation::wood_tests::multirow_empty_and_unusable_normals_have_explicit_outcomes
        PASS [   5.525s] (15/15) telperion-render generation::wood_tests::measured_specimens_keep_all_cpu_fields_and_gpu_surface_contracts
────────────
     Summary [   5.525s] 15 tests run: 15 passed, 52 skipped
