   Compiling telperion-core v0.1.0 (/home/daniel/Projects/telperion/crates/telperion-core)
    Finished `release` profile [optimized] target(s) in 16.71s
────────────
 Nextest run ID a8876395-c106-44be-8ea0-ce0f3b38c6c2 with nextest profile: default
    Starting 16 tests across 5 binaries (1 test skipped)
        PASS [   0.004s] ( 1/16) telperion-core::surface tapered_closed_surface_has_normals_and_bounds
        PASS [   0.004s] ( 2/16) telperion-core::surface root_only_and_float32_limits
        PASS [   0.014s] ( 3/16) telperion-core::surface_collapse past_two_rings_worth_the_tree_fails_naming_the_count
        PASS [   0.014s] ( 4/16) telperion-core::surface_collapse a_ring_collapsed_to_one_point_drops_the_strips_that_meet_it
        PASS [   0.014s] ( 5/16) telperion-core::surface reversed_path_keeps_finite_frames
        PASS [   0.014s] ( 6/16) telperion-core::surface_collapse the_run_table_shrinks_only_the_run_that_dropped
        PASS [   0.014s] ( 7/16) telperion-core::surface_prepared prepared_preserves_canonical_surface_without_expanded_arrays
        PASS [   0.014s] ( 8/16) telperion-core::surface_collapse a_tip_below_float32_resolution_far_out_drops_its_cap
        PASS [   0.014s] ( 9/16) telperion-core::surface fork_socket_is_contained_and_thickest_child_continues
        PASS [   0.015s] (10/16) telperion-core::surface_collapse a_position_float32_cannot_hold_is_still_an_error
        PASS [   0.015s] (11/16) telperion-core::surface every_vertex_carries_how_far_along_and_how_far_around_it_lies
        PASS [   0.015s] (12/16) telperion-core::surface empty_degenerate_and_invalid_are_atomic
        PASS [   0.015s] (13/16) telperion-core::surface_collapse a_vertex_left_without_a_triangle_faces_out_from_its_ring
        PASS [   0.015s] (14/16) telperion-core::surface_prepared clumps_reserve_every_buried_ring_and_collapsed_surfaces_fall_back
        PASS [   0.015s] (15/16) telperion-core::surface_attachments needle_origins_touch_rendered_facets_across_bends_and_sockets
        PASS [   0.457s] (16/16) telperion-core::surface_collapse the_reproducing_beech_builds_and_drops_two_triangles
────────────
     Summary [   0.457s] 16 tests run: 16 passed, 1 skipped
