   Compiling telperion-core v0.1.0 (/home/daniel/Projects/telperion/crates/telperion-core)
    Finished `release` profile [optimized] target(s) in 5.90s
────────────
 Nextest run ID 68e38266-d6f5-4100-be24-89af152970cf with nextest profile: default
    Starting 14 tests across 4 binaries (1 test skipped)
        PASS [   0.003s] ( 1/14) telperion-core::surface_collapse a_ring_collapsed_to_one_point_drops_the_strips_that_meet_it
        PASS [   0.003s] ( 2/14) telperion-core::surface_collapse the_run_table_shrinks_only_the_run_that_dropped
        PASS [   0.004s] ( 3/14) telperion-core::surface root_only_and_float32_limits
        PASS [   0.004s] ( 4/14) telperion-core::surface tapered_closed_surface_has_normals_and_bounds
        PASS [   0.013s] ( 5/14) telperion-core::surface_collapse a_position_float32_cannot_hold_is_still_an_error
        PASS [   0.013s] ( 6/14) telperion-core::surface reversed_path_keeps_finite_frames
        PASS [   0.013s] ( 7/14) telperion-core::surface empty_degenerate_and_invalid_are_atomic
        PASS [   0.013s] ( 8/14) telperion-core::surface_collapse a_tip_below_float32_resolution_far_out_drops_its_cap
        PASS [   0.013s] ( 9/14) telperion-core::surface every_vertex_carries_how_far_along_and_how_far_around_it_lies
        PASS [   0.013s] (10/14) telperion-core::surface_attachments needle_origins_touch_rendered_facets_across_bends_and_sockets
        PASS [   0.013s] (11/14) telperion-core::surface fork_socket_is_contained_and_thickest_child_continues
        PASS [   0.013s] (12/14) telperion-core::surface_collapse past_two_rings_worth_the_tree_fails_naming_the_count
        PASS [   0.014s] (13/14) telperion-core::surface_collapse a_vertex_left_without_a_triangle_faces_out_from_its_ring
        PASS [   0.483s] (14/14) telperion-core::surface_collapse the_reproducing_beech_builds_and_drops_two_triangles
────────────
     Summary [   0.483s] 14 tests run: 14 passed, 1 skipped
