   Compiling telperion-render v0.1.0 (/home/daniel/Projects/telperion/crates/telperion-render)
    Finished `release` profile [optimized] target(s) in 35.79s
────────────
 Nextest run ID 9a67cda5-4766-43b9-90a2-d3f100f7a249 with nextest profile: default
    Starting 17 tests across 1 binary (48 tests skipped)
        PASS [   0.004s] ( 1/17) telperion-render generation::request::tests::invalidation_keeps_busy_until_guard_drops_and_errors_release_it
  stdout ───

    running 1 test
    test generation::request::tests::invalidation_keeps_busy_until_guard_drops_and_errors_release_it ... ok

    test result: ok. 1 passed; 0 failed; 0 ignored; 0 measured; 64 filtered out; finished in 0.00s


        PASS [   0.005s] ( 2/17) telperion-render generation::tests::preparation_capabilities_and_failures_are_explicit
  stdout ───

    running 1 test
    test generation::tests::preparation_capabilities_and_failures_are_explicit ... ok

    test result: ok. 1 passed; 0 failed; 0 ignored; 0 measured; 64 filtered out; finished in 0.00s


        PASS [   0.012s] ( 3/17) telperion-render submit::tests::the_crown_is_the_box_the_placements_fill_and_nothing_when_there_are_none
  stdout ───

    running 1 test
    test submit::tests::the_crown_is_the_box_the_placements_fill_and_nothing_when_there_are_none ... ok

    test result: ok. 1 passed; 0 failed; 0 ignored; 0 measured; 64 filtered out; finished in 0.00s


        PASS [   0.012s] ( 4/17) telperion-render wood::calibration::flat_patch_coordinates_have_the_stated_physical_scale
  stdout ───

    running 1 test
    test wood::calibration::flat_patch_coordinates_have_the_stated_physical_scale ... ok

    test result: ok. 1 passed; 0 failed; 0 ignored; 0 measured; 64 filtered out; finished in 0.00s


        PASS [   0.012s] ( 5/17) telperion-render wood::radius::tests::translated_tapered_rings_keep_their_metric_radius_and_caps_are_smooth
  stdout ───

    running 1 test
    test wood::radius::tests::translated_tapered_rings_keep_their_metric_radius_and_caps_are_smooth ... ok

    test result: ok. 1 passed; 0 failed; 0 ignored; 0 measured; 64 filtered out; finished in 0.00s


        PASS [   2.434s] ( 6/17) telperion-render generation::wood_tests::resident_wood_matches_cpu_and_remains_writable_after_adoption
  stdout ───

    running 1 test
    test generation::wood_tests::resident_wood_matches_cpu_and_remains_writable_after_adoption ... ok

    test result: ok. 1 passed; 0 failed; 0 ignored; 0 measured; 64 filtered out; finished in 2.38s


        PASS [   2.457s] ( 7/17) telperion-render generation::readback_tests::leaf_readback_device_loss_returns_no_output
  stdout ───

    running 1 test
    test generation::readback_tests::leaf_readback_device_loss_returns_no_output ... ok

    test result: ok. 1 passed; 0 failed; 0 ignored; 0 measured; 64 filtered out; finished in 2.42s


        PASS [   2.477s] ( 8/17) telperion-render generation::tests::gpu_extrema_order_preserves_signed_zero_and_finite_signs
  stdout ───

    running 1 test
    test generation::tests::gpu_extrema_order_preserves_signed_zero_and_finite_signs ... ok

    test result: ok. 1 passed; 0 failed; 0 ignored; 0 measured; 64 filtered out; finished in 2.45s


        PASS [   2.526s] ( 9/17) telperion-render generation::tests::huge_phases_fall_back_but_supported_large_ordinals_keep_orientation
  stdout ───

    running 1 test
    test generation::tests::huge_phases_fall_back_but_supported_large_ordinals_keep_orientation ... ok

    test result: ok. 1 passed; 0 failed; 0 ignored; 0 measured; 64 filtered out; finished in 2.48s


        PASS [   2.526s] (10/17) telperion-render generation::readback_tests::leaf_readback_rejects_invalid_buffers_and_allocation
  stdout ───

    running 1 test
    test generation::readback_tests::leaf_readback_rejects_invalid_buffers_and_allocation ... ok

    test result: ok. 1 passed; 0 failed; 0 ignored; 0 measured; 64 filtered out; finished in 2.49s


        PASS [   2.527s] (11/17) telperion-render generation::readback_tests::leaf_readback_preserves_words_across_chunk_boundaries
  stdout ───

    running 1 test
    test generation::readback_tests::leaf_readback_preserves_words_across_chunk_boundaries ... ok

    test result: ok. 1 passed; 0 failed; 0 ignored; 0 measured; 64 filtered out; finished in 2.48s


        PASS [   2.542s] (12/17) telperion-render generation::tests::foreign_prepared_result_preserves_the_live_tree
  stdout ───

    running 1 test
    test generation::tests::foreign_prepared_result_preserves_the_live_tree ... ok

    test result: ok. 1 passed; 0 failed; 0 ignored; 0 measured; 64 filtered out; finished in 2.51s


        PASS [   2.542s] (13/17) telperion-render generation::tests::compact_gpu_foliage_is_repeatable_seated_and_bounded
  stdout ───

    running 1 test
    test generation::tests::compact_gpu_foliage_is_repeatable_seated_and_bounded ... ok

    test result: ok. 1 passed; 0 failed; 0 ignored; 0 measured; 64 filtered out; finished in 2.51s


        PASS [   2.542s] (14/17) telperion-render generation::wood_tests::compute_limits_and_device_failure_never_return_partial_wood
  stdout ───

    running 1 test
    test generation::wood_tests::compute_limits_and_device_failure_never_return_partial_wood ... ok

    test result: ok. 1 passed; 0 failed; 0 ignored; 0 measured; 64 filtered out; finished in 2.51s


        PASS [   2.549s] (15/17) telperion-render generation::standalone_tests::standalone_rejects_resident_before_generation_and_delivers_owned_cpu_mesh
  stdout ───

    running 1 test
    test generation::standalone_tests::standalone_rejects_resident_before_generation_and_delivers_owned_cpu_mesh ... ok

    test result: ok. 1 passed; 0 failed; 0 ignored; 0 measured; 64 filtered out; finished in 2.53s


        PASS [   4.384s] (16/17) telperion-render generation::wood_tests::multirow_empty_and_unusable_normals_have_explicit_outcomes
  stdout ───

    running 1 test
    test generation::wood_tests::multirow_empty_and_unusable_normals_have_explicit_outcomes ... ok

    test result: ok. 1 passed; 0 failed; 0 ignored; 0 measured; 64 filtered out; finished in 4.35s


        PASS [   5.289s] (17/17) telperion-render generation::wood_tests::measured_specimens_keep_all_cpu_fields_and_gpu_surface_contracts
  stdout ───

    running 1 test
    WOOD_PARITY species=oregon-white-oak seed=1 cpu_hash=b82b2cf44372d4bf max_angle=0.00000021645186910530892
    WOOD_PARITY species=oregon-white-oak seed=7 cpu_hash=d2b8c64f7c86ebeb max_angle=0.00000026236201616613655
    WOOD_PARITY species=norway-spruce seed=1 cpu_hash=6fdd44ed9ad69f53 max_angle=0.0000002159383408157448
    WOOD_PARITY species=norway-spruce seed=7 cpu_hash=8471722f3923dd42 max_angle=0.0000002149076029934881
    test generation::wood_tests::measured_specimens_keep_all_cpu_fields_and_gpu_surface_contracts ... ok

    test result: ok. 1 passed; 0 failed; 0 ignored; 0 measured; 64 filtered out; finished in 5.27s


────────────
     Summary [   5.289s] 17 tests run: 17 passed, 48 skipped
