✔ R2/R3: projected holes, openings and excluded background retain pixel and square-metre units (1.262686ms)
✔ R2: diagonal gap connectivity and threshold closure are diagnostic, never biological approval (0.205014ms)
✔ R2/R4: empty, clipped, nonfinite and malformed masks fail without a favorable zero (0.718084ms)
✔ R4: convergence uses complete arrays and partial tiles, rejecting missing/nonfinite samples (0.715994ms)
✔ R4: protocol/source/camera/ROI/crop identities and required artifacts fail closed (0.261505ms)
✔ R5: inventory is extensible but a third taxon cannot inherit another generator (0.162464ms)
✔ R4: missing masks, incomplete artifacts, changed bytes and path escapes cannot pass (6.163436ms)
✔ R4: the actual replay preflight rejects a changed camera, source, protocol or reference receipt (0.255986ms)
✔ R4: timeout, missing hardware and interrupted subprocesses retain distinct nonpassing dispositions (0.653174ms)
✔ R4 capture rules compare object values independent of key order but preserve arrays and changed values (0.417809ms)
✔ visibility supplement rejects missing anatomy, altered geometry and undeclared instance filtering (0.831167ms)
✔ local visibility rejects a parent-surface hit far outside the selected lateral radius (0.762246ms)
ℹ tests 12
ℹ suites 0
ℹ pass 12
ℹ fail 0
ℹ cancelled 0
ℹ skipped 0
ℹ todo 0
ℹ duration_ms 66.685266
