✔ R2/R3: projected holes, openings and excluded background retain pixel and square-metre units (1.288916ms)
✔ R2: diagonal gap connectivity and threshold closure are diagnostic, never biological approval (0.217564ms)
✔ R2/R4: empty, clipped, nonfinite and malformed masks fail without a favorable zero (0.744025ms)
✔ R4: convergence uses complete arrays and partial tiles, rejecting missing/nonfinite samples (0.830317ms)
✔ R4: protocol/source/camera/ROI/crop identities and required artifacts fail closed (0.272386ms)
✔ R5: inventory is extensible but a third taxon cannot inherit another generator (0.162774ms)
✔ R4: missing masks, incomplete artifacts, changed bytes and path escapes cannot pass (6.719857ms)
✔ R4: the actual replay preflight rejects a changed camera, source, protocol or reference receipt (0.262205ms)
✔ R4: timeout, missing hardware and interrupted subprocesses retain distinct nonpassing dispositions (0.671084ms)
✔ R4 capture rules compare object values independent of key order but preserve arrays and changed values (0.434198ms)
✔ visibility supplement rejects missing anatomy, altered geometry and undeclared instance filtering (0.889088ms)
✔ local visibility rejects a parent-surface hit far outside the selected lateral radius (0.817137ms)
✔ collar-facing direction excludes the child axial component (0.183954ms)
ℹ tests 13
ℹ suites 0
ℹ pass 13
ℹ fail 0
ℹ cancelled 0
ℹ skipped 0
ℹ todo 0
ℹ duration_ms 65.505231
