✔ R2/R3: projected holes, openings and excluded background retain pixel and square-metre units (1.310557ms)
✔ R2: diagonal gap connectivity and threshold closure are diagnostic, never biological approval (0.207654ms)
✔ R2/R4: empty, clipped, nonfinite and malformed masks fail without a favorable zero (0.778136ms)
✔ R4: convergence uses complete arrays and partial tiles, rejecting missing/nonfinite samples (0.820967ms)
✔ R4: protocol/source/camera/ROI/crop identities and required artifacts fail closed (0.264705ms)
✔ R5: inventory is extensible but a third taxon cannot inherit another generator (0.167223ms)
✔ R4: missing masks, incomplete artifacts, changed bytes and path escapes cannot pass (6.731128ms)
✔ R4: the actual replay preflight rejects a changed camera, source, protocol or reference receipt (0.260296ms)
✔ R4: timeout, missing hardware and interrupted subprocesses retain distinct nonpassing dispositions (0.686905ms)
✔ R4 capture rules compare object values independent of key order but preserve arrays and changed values (0.457019ms)
✖ visibility supplement rejects missing anatomy, altered geometry and undeclared instance filtering (0.458059ms)
ℹ tests 11
ℹ suites 0
ℹ pass 10
ℹ fail 1
ℹ cancelled 0
ℹ skipped 0
ℹ todo 0
ℹ duration_ms 66.565054

✖ failing tests:

test at tests/browser/geometry-benchmark.test.mjs:88:1
✖ visibility supplement rejects missing anatomy, altered geometry and undeclared instance filtering (0.458059ms)
  Error [ERR_MODULE_NOT_FOUND]: Cannot find module '/home/daniel/Projects/telperion/.worktrees/fn-19-comparative-botanical-geometry-benchmark/.worktrees/fn19-report/tests/browser/geometry-visibility.mjs' imported from /home/daniel/Projects/telperion/.worktrees/fn-19-comparative-botanical-geometry-benchmark/.worktrees/fn19-report/tests/browser/geometry-benchmark.test.mjs
      at finalizeResolution (node:internal/modules/esm/resolve:272:11)
      at moduleResolve (node:internal/modules/esm/resolve:879:10)
      at defaultResolve (node:internal/modules/esm/resolve:1006:11)
      at #cachedDefaultResolve (node:internal/modules/esm/loader:708:20)
      at #resolveAndMaybeBlockOnLoaderThread (node:internal/modules/esm/loader:728:38)
      at ModuleLoader.resolveSync (node:internal/modules/esm/loader:766:56)
      at #resolve (node:internal/modules/esm/loader:690:17)
      at ModuleLoader.getOrCreateModuleJob (node:internal/modules/esm/loader:610:35)
      at node:internal/modules/esm/loader:639:32
      at TracingChannel.tracePromise (node:diagnostics_channel:547:22) {
    code: 'ERR_MODULE_NOT_FOUND',
    url: 'file:///home/daniel/Projects/telperion/.worktrees/fn-19-comparative-botanical-geometry-benchmark/.worktrees/fn19-report/tests/browser/geometry-visibility.mjs'
  }
