   Compiling telperion-core v0.1.0 (/home/daniel/Projects/telperion/crates/telperion-core)
warning: function `spawn` is never used
  --> crates/telperion-core/src/surface/parallel.rs:94:4
   |
94 | fn spawn<'scope, 'env, F, T>(
   |    ^^^^^
   |
   = note: `#[warn(dead_code)]` (part of `#[warn(unused)]`) on by default

warning: `telperion-core` (lib) generated 1 warning
warning: `telperion-core` (lib test) generated 1 warning (1 duplicate)
    Finished `release` profile [optimized] target(s) in 43.33s
────────────
 Nextest run ID 4f55d23d-dbd2-4163-a567-5ff436e5a475 with nextest profile: default
    Starting 1 test across 1 binary (181 tests skipped)
        FAIL [   0.005s] (1/1) telperion-core surface::parallel::tests::spawn_failure_in_either_phase_returns_to_serial_after_join
  stdout ───

    running 1 test
    test surface::parallel::tests::spawn_failure_in_either_phase_returns_to_serial_after_join ... FAILED

    failures:

    failures:
        surface::parallel::tests::spawn_failure_in_either_phase_returns_to_serial_after_join

    test result: FAILED. 0 passed; 1 failed; 0 ignored; 0 measured; 181 filtered out; finished in 0.00s

  stderr ───

    thread 'surface::parallel::tests::spawn_failure_in_either_phase_returns_to_serial_after_join' (1044872) panicked at crates/telperion-core/src/surface/parallel.rs:468:13:
    assertion failed: result.is_err()
    note: run with `RUST_BACKTRACE=1` environment variable to display a backtrace

  Cancelling due to test failure: 
────────────
     Summary [   0.005s] 1 test run: 0 passed, 1 failed, 181 skipped
        FAIL [   0.005s] (1/1) telperion-core surface::parallel::tests::spawn_failure_in_either_phase_returns_to_serial_after_join
error: test run failed
