Mon Sep 14 11:57:09 2026       
+-----------------------------------------------------------------------------------------+
| NVIDIA-SMI 610.57.04              KMD Version: 610.57.04     CUDA UMD Version: 13.3     |
+-----------------------------------------+------------------------+----------------------+
| GPU  Name                 Persistence-M | Bus-Id          Disp.A | Volatile Uncorr. ECC |
| Fan  Temp   Perf          Pwr:Usage/Cap |           Memory-Usage | GPU-Util  Compute M. |
|                                         |                        |               MIG M. |
|=========================================+========================+======================|
|   0  NVIDIA GeForce RTX 3080        Off |   00000000:07:00.0  On |                  N/A |
| 57%   45C    P8             30W /  370W |     906MiB /  10240MiB |      0%      Default |
|                                         |                        |                  N/A |
+-----------------------------------------+------------------------+----------------------+

+-----------------------------------------------------------------------------------------+
| Processes:                                                                              |
|  GPU   GI   CI              PID   Type   Process name                        GPU Memory |
|        ID   ID                                                               Usage      |
|=========================================================================================|
|    0   N/A  N/A            1500      G   Hyprland                                196MiB |
|    0   N/A  N/A            1559      G   quickshell                               81MiB |
|    0   N/A  N/A            1616      G   Xwayland                                  4MiB |
|    0   N/A  N/A            2086    C+G   .../lib/voxtype/voxtype-osd-gtk4          6MiB |
|    0   N/A  N/A            2565    C+G   ...rack-uuid=3190708988185955192         23MiB |
|    0   N/A  N/A            3984    C+G   ...rack-uuid=3190708988185955192        101MiB |
|    0   N/A  N/A           18203    C+G   ...rack-uuid=3190708988185955192        140MiB |
|    0   N/A  N/A           44669      G   /usr/bin/Telegram                        66MiB |
+-----------------------------------------------------------------------------------------+
