   Compiling telperion-core v0.1.0 (/home/daniel/Projects/telperion/crates/telperion-core)
    Finished `release` profile [optimized] target(s) in 5.09s
     Running `target/release/examples/fn31_probe`
Ordinary cap=Some(400) age=9 requested=173 nodes=349 crossover=204 diagnostics=Diagnostics { node_capped: true, level_capped: false, attraction_capped: false }
node 0: p=Vec3 { x: 0.0, y: 0.0, z: 0.0 } parent=None radius=0.1264431584458456 proximal=0.1264431584458456 kind=Structural
node 1: p=Vec3 { x: 0.014588014942526017, y: 0.49978387723217654, z: -0.0018071742609183207 } parent=Some(0) radius=0.12487245630544755 proximal=0.1264431584458456 kind=Structural
node 2: p=Vec3 { x: 0.10325669087788175, y: 0.9700885781180896, z: -0.14655300056510825 } parent=Some(1) radius=0.1233212657404022 proximal=0.12487245630544755 kind=Structural
node 3: p=Vec3 { x: -0.015844205452402046, y: 1.4502669002684576, z: -0.07413922128118842 } parent=Some(2) radius=0.12178934437402784 proximal=0.1233212657404022 kind=Structural
node 4: p=Vec3 { x: 0.11385851740465337, y: 1.9234468637948057, z: -0.17046121150496701 } parent=Some(3) radius=0.0791318985091021 proximal=0.08012725525981725 kind=Structural
node 5: p=Vec3 { x: 0.07419876045237873, y: 2.398080988512229, z: -0.018311445378916658 } parent=Some(4) radius=0.07814890627852411 proximal=0.0791318985091021 kind=Structural
node 6: p=Vec3 { x: 0.06876024351985953, y: 1.7523218086544476, z: -0.3967921610384936 } parent=Some(3) radius=0.05016755950713608 proximal=0.050735131156021726 kind=Structural
node 7: p=Vec3 { x: -0.06629397887042694, y: 2.1379856235888677, z: -0.5852696898444089 } parent=Some(6) radius=0.049606337256966435 proximal=0.05016755950713608 kind=Structural
node 8: p=Vec3 { x: 0.34956907968442014, y: 1.6795951660717066, z: -0.2021301488861944 } parent=Some(3) radius=0.05960610385911009 proximal=0.0602804586609647 kind=Structural
node 9: p=Vec3 { x: 0.6098419385811498, y: 2.0363891878794775, z: -0.11578164036428121 } parent=Some(8) radius=0.058939293034340014 proximal=0.05960610385911009 kind=Structural
node 10: p=Vec3 { x: -0.21337659319606617, y: 1.7114317184428196, z: 0.234525473072149 } parent=Some(3) radius=0.04642664301983267 proximal=0.046951891738125286 kind=Structural
node 11: p=Vec3 { x: -0.37444105496026014, y: 1.728560130580363, z: 0.6543645573106902 } parent=Some(10) radius=0.0459072702355196 proximal=0.04642664301983267 kind=Structural
wood=17920 placements=241 bounds=Bounds { min: Vec3 { x: -1.7556601762771606, y: -0.09600000083446503, z: -1.7138458490371704 }, max: Vec3 { x: 1.6106501817703247, y: 6.282469749450684, z: 1.7021889686584473 } }
run0 indices=1320 y=-0.096..2.4935682
Ordinary cap=Some(20) age=5 requested=173 nodes=14 crossover=12 diagnostics=Diagnostics { node_capped: true, level_capped: false, attraction_capped: false }
node 0: p=Vec3 { x: 0.0, y: 0.0, z: 0.0 } parent=None radius=0.05217065858205263 proximal=0.05217065858205263 kind=Structural
node 1: p=Vec3 { x: 0.014588014942526017, y: 0.49978387723217654, z: -0.0018071742609183207 } parent=Some(0) radius=0.05152258425278077 proximal=0.05217065858205263 kind=Structural
node 2: p=Vec3 { x: 0.10325669087788175, y: 0.9700885781180896, z: -0.14655300056510825 } parent=Some(1) radius=0.05088256043212192 proximal=0.05152258425278077 kind=Structural
node 3: p=Vec3 { x: -0.015844205452402046, y: 1.4502669002684576, z: -0.07413922128118842 } parent=Some(2) radius=0.050250487115051964 proximal=0.05088256043212192 kind=Structural
node 4: p=Vec3 { x: 0.11385851740465337, y: 1.9234468637948057, z: -0.17046121150496701 } parent=Some(3) radius=0.024859671880750996 proximal=0.025172368058819092 kind=Structural
node 5: p=Vec3 { x: 0.07419876045237873, y: 2.398080988512229, z: -0.018311445378916658 } parent=Some(4) radius=0.02455086007699166 proximal=0.024859671880750996 kind=Structural
node 6: p=Vec3 { x: 0.06876024351985953, y: 1.7523218086544476, z: -0.3967921610384936 } parent=Some(3) radius=0.0248286167044289 proximal=0.025109515736810133 kind=Structural
node 7: p=Vec3 { x: -0.06629397887042694, y: 2.1379856235888677, z: -0.5852696898444089 } parent=Some(6) radius=0.02455086007699166 proximal=0.0248286167044289 kind=Structural
node 8: p=Vec3 { x: 0.34956907968442014, y: 1.6795951660717066, z: -0.2021301488861944 } parent=Some(3) radius=0.0248286167044289 proximal=0.025109515736810133 kind=Structural
node 9: p=Vec3 { x: 0.6098419385811498, y: 2.0363891878794775, z: -0.11578164036428121 } parent=Some(8) radius=0.02455086007699166 proximal=0.0248286167044289 kind=Structural
node 10: p=Vec3 { x: -0.21337659319606617, y: 1.7114317184428196, z: 0.234525473072149 } parent=Some(3) radius=0.0248286167044289 proximal=0.025109515736810133 kind=Structural
node 11: p=Vec3 { x: -0.37444105496026014, y: 1.728560130580363, z: 0.6543645573106902 } parent=Some(10) radius=0.02455086007699166 proximal=0.0248286167044289 kind=Structural
wood=760 placements=0 bounds=Bounds { min: Vec3 { x: -0.3982994556427002, y: -0.09600000083446503, z: -0.6077472567558289 }, max: Vec3 { x: 0.630187451839447, y: 2.405874252319336, z: 0.6635457277297974 } }
run0 indices=840 y=-0.096..1.7970855
OregonWhiteOak cap=None age=432 requested=432 nodes=196901 crossover=5394 diagnostics=Diagnostics { node_capped: false, level_capped: false, attraction_capped: false }
node 0: p=Vec3 { x: 0.0, y: 0.0, z: 0.0 } parent=None radius=0.43193349417363086 proximal=0.43193349417363086 kind=Structural
node 1: p=Vec3 { x: 0.0, y: 0.5, z: 0.0 } parent=Some(0) radius=0.4265679301356311 proximal=0.43193349417363086 kind=Structural
node 2: p=Vec3 { x: -0.0428348860184704, y: 0.9971518913675754, z: 0.03170440741327808 } parent=Some(1) radius=0.4212577641399397 proximal=0.42655653451229 kind=Structural
node 3: p=Vec3 { x: 0.0532707598167275, y: 1.4542285750727157, z: 0.2101549889525675 } parent=Some(2) radius=0.4160316968388481 proximal=0.42126473137690346 kind=Structural
node 4: p=Vec3 { x: 0.2304567833665464, y: 1.8986712869914855, z: 0.35533001738684256 } parent=Some(3) radius=0.41085445894635353 proximal=0.41602237184846386 kind=Structural
node 5: p=Vec3 { x: 0.4086789488110859, y: 2.364882518175234, z: 0.32559876005734556 } parent=Some(4) radius=0.33438490772093676 proximal=0.33859095207862405 kind=Structural
node 6: p=Vec3 { x: 0.2348743568038379, y: 2.2487846865565584, z: 0.16193639678390304 } parent=Some(4) radius=0.1417177831647595 proximal=0.1431420705643632 kind=Structural
node 7: p=Vec3 { x: 0.22630219037334165, y: 1.9666122748763801, z: 0.7494959234749838 } parent=Some(4) radius=0.08721898557811118 proximal=0.08809555095608283 kind=Structural
node 8: p=Vec3 { x: 0.5633728868179351, y: 2.115717415280292, z: 0.40069350774619844 } parent=Some(4) radius=0.06270988542174925 proximal=0.06334013024806687 kind=Structural
node 9: p=Vec3 { x: 0.1968195689807831, y: 2.278155155249829, z: 0.23342623754367925 } parent=Some(4) radius=0.14346782086589246 proximal=0.14490969643679616 kind=Structural
node 10: p=Vec3 { x: 0.3307819585961103, y: 1.726664635217581, z: 0.7022429329156366 } parent=Some(4) radius=0.02880661194802924 proximal=0.02909612321123572 kind=Structural
node 11: p=Vec3 { x: 0.528002183838405, y: 1.6098781021163693, z: 1.0300616151800526 } parent=Some(10) radius=0.028520844615274824 proximal=0.02880748386903993 kind=Structural
wood=11564840 placements=1175265 bounds=Bounds { min: Vec3 { x: -12.660554941030515, y: -0.09600000083446503, z: -13.064155719625399 }, max: Vec3 { x: 13.276412718982542, y: 23.817030705282615, z: 13.087342970966304 } }
run0 indices=1320 y=-0.096..2.3964474
NorwaySpruce cap=None age=158 requested=158 nodes=76386 crossover=21442 diagnostics=Diagnostics { node_capped: false, level_capped: false, attraction_capped: false }
node 0: p=Vec3 { x: 0.0, y: 0.0, z: 0.0 } parent=None radius=0.22492879810667546 proximal=0.22492879810667546 kind=Structural
node 1: p=Vec3 { x: 0.0, y: 0.3, z: 0.0 } parent=Some(0) radius=0.22224578281723817 proximal=0.22492879810667546 kind=Structural
node 2: p=Vec3 { x: 0.0, y: 0.6, z: 0.0 } parent=Some(1) radius=0.21959477130456911 proximal=0.22224578281723817 kind=Structural
node 3: p=Vec3 { x: 0.0, y: 0.8999999999999999, z: 0.0 } parent=Some(2) radius=0.2169917895777548 proximal=0.21961137714310464 kind=Structural
node 4: p=Vec3 { x: 0.0, y: 1.2, z: 0.0 } parent=Some(3) radius=0.2116390052307226 proximal=0.21419397243719723 kind=Structural
node 5: p=Vec3 { x: 0.0, y: 1.5, z: 0.0 } parent=Some(4) radius=0.20911451440671516 proximal=0.2116390052307226 kind=Structural
node 6: p=Vec3 { x: 0.10046206040491402, y: 0.9126843936912554, z: 0.11066381782626444 } parent=Some(3) radius=0.019082060365272772 proximal=0.019196896892536827 kind=Structural
node 7: p=Vec3 { x: -0.01625660985122814, y: 0.9092028686833222, z: -0.14883222045021866 } parent=Some(3) radius=0.018027111575596017 proximal=0.018135599383008606 kind=Structural
node 8: p=Vec3 { x: -0.07443031862490124, y: 0.9048837356137805, z: 0.13013945134297428 } parent=Some(3) radius=0.01800332865174616 proximal=0.018111673332665546 kind=Structural
node 9: p=Vec3 { x: 0.13635595791328087, y: 0.9118292960754907, z: -0.061376872646868814 } parent=Some(3) radius=0.018027111575596017 proximal=0.018135599383008606 kind=Structural
node 10: p=Vec3 { x: -0.1468480595115086, y: 0.8999971456361673, z: -0.03058835414920264 } parent=Some(3) radius=0.017993298920035778 proximal=0.018101583241668117 kind=Structural
node 11: p=Vec3 { x: 0.0, y: 1.8, z: 0.0 } parent=Some(5) radius=0.20662013643413388 proximal=0.20911451440671516 kind=Structural
wood=4852280 placements=5463221 bounds=Bounds { min: Vec3 { x: -3.8689955989331346, y: -0.05999999865889549, z: -4.169345860968122 }, max: Vec3 { x: 3.8295214987058834, y: 15.0, z: 4.083653705781007 } }
run0 indices=4320 y=-0.06..3.7060988
