   Compiling telperion-core v0.1.0 (/home/daniel/Projects/telperion/crates/telperion-core)
   Compiling telperion-render v0.1.0 (/home/daniel/Projects/telperion/crates/telperion-render)
    Finished `release` profile [optimized] target(s) in 45.59s
     Running tests/bark_detail.rs (target/release/deps/bark_detail-d8efdb6a4777ed50)

running 2 tests
test radius_storage_is_refused_before_upload_when_only_its_binding_limit_is_exceeded ... ok
R1 wood hash: off=6673760782877802430, on=6673760782877802430
test relief_moves_the_light_while_every_wood_mesh_byte_holds ... ok

test result: ok. 2 passed; 0 failed; 0 ignored; 0 measured; 0 filtered out; finished in 3.09s

     Running tests/bark_distance.rs (target/release/deps/bark_distance-b4addc819c880458)

running 1 test
distance-series height deviation near/far: 0.0009139285740086648/0.0008364669686153772
distance 2x resolution: mean 1.576750/255, p95 6.25/255
distance 4x resolution: mean 2.725967/255, p95 8.75/255
test resolved_scales_survive_until_the_two_pixel_boundary ... ok

test result: ok. 1 passed; 0 failed; 0 ignored; 0 measured; 0 filtered out; finished in 1.17s

     Running tests/bark_resolution.rs (target/release/deps/bark_resolution-e418faf839a35ecf)

running 2 tests
trunk redraw worst 0/255
trunk resolution agreement: mean 1.075263/255, p95 4.50/255
plain trunk diagnostic (mean, p95): (0.19123479109274563, 0.5)
test trunk_agrees_with_a_box_reduction_at_half_resolution ... ok
OregonWhiteOak grazing: 7513 pixels, mean 1.056258/255, p95 3.75/255, redraw worst 0/255
OregonWhiteOak plain grazing: (0.21043524557433782, 0.5)
NorwaySpruce grazing: 2079 pixels, mean 0.764791/255, p95 2.50/255, redraw worst 0/255
NorwaySpruce plain grazing: (0.2931697931697932, 0.5)
test grazing_trunks_agree_with_a_box_reduction_at_half_resolution ... ok

test result: ok. 2 passed; 0 failed; 0 ignored; 0 measured; 0 filtered out; finished in 7.49s

     Running tests/conformance.rs (target/release/deps/conformance-c4e72980d0cbc983)

running 6 tests
test the_selection_path_names_no_family_and_no_anatomy ... ok
test the_renderer_library_never_names_a_family ... ok
test a_set_the_generator_will_not_have_says_which_parameter ... ok
test a_frame_is_drawn_at_the_count_the_device_offers_and_read_back_resolved ... ok
20 sets rendered, 0 refused, 20 tried
test parameter_sets_nobody_wrote_by_hand_render_the_same_way ... ok
test every_shipped_family_renders_through_the_one_path ... ok

test result: ok. 6 passed; 0 failed; 0 ignored; 0 measured; 0 filtered out; finished in 43.14s

