    Blocking waiting for file lock on build directory
   Compiling telperion-render v0.1.0 (/home/daniel/Projects/telperion/crates/telperion-render)
    Finished `release` profile [optimized] target(s) in 37.68s
     Running tests/bark_detail.rs (target/release/deps/bark_detail-d8efdb6a4777ed50)

running 2 tests
test radius_storage_is_refused_before_upload_when_only_its_binding_limit_is_exceeded ... ok
test relief_moves_the_light_while_every_wood_mesh_byte_holds ... ok

test result: ok. 2 passed; 0 failed; 0 ignored; 0 measured; 0 filtered out; finished in 2.77s

     Running tests/bark_distance.rs (target/release/deps/bark_distance-b4addc819c880458)

running 1 test
test resolved_scales_survive_until_the_two_pixel_boundary ... FAILED

failures:

---- resolved_scales_survive_until_the_two_pixel_boundary stdout ----
distance-series height deviation near/far: 0.0009139285740086648/0.0008364669686153772
distance 2x resolution: mean 1.880608/255, p95 7.25/255
distance 4x resolution: mean 3.523567/255, p95 11.00/255

thread 'resolved_scales_survive_until_the_two_pixel_boundary' (566737) panicked at crates/telperion-render/tests/bark_distance.rs:139:5:
distance series aliases: [(1.8806083333333334, 7.25), (3.5235666666666665, 11.0)]
note: run with `RUST_BACKTRACE=1` environment variable to display a backtrace


failures:
    resolved_scales_survive_until_the_two_pixel_boundary

test result: FAILED. 0 passed; 1 failed; 0 ignored; 0 measured; 0 filtered out; finished in 1.22s

error: test failed, to rerun pass `-p telperion-render --test bark_distance`
