   Compiling telperion-core v0.1.0 (/home/daniel/Projects/telperion/crates/telperion-core)
    Finished `release` profile [optimized] target(s) in 17.28s
────────────
 Nextest run ID d84a236d-8ff3-445f-8638-4e605c50f098 with nextest profile: default
    Starting 19 tests across 4 binaries
        PASS [   0.004s] ( 1/19) telperion-core::surface empty_degenerate_and_invalid_are_atomic
        PASS [   0.004s] ( 2/19) telperion-core::surface every_vertex_carries_how_far_along_and_how_far_around_it_lies
        PASS [   0.004s] ( 3/19) telperion-core::surface_collapse past_two_rings_worth_the_tree_fails_naming_the_count
        PASS [   0.004s] ( 4/19) telperion-core::surface_collapse a_position_float32_cannot_hold_is_still_an_error
        PASS [   0.004s] ( 5/19) telperion-core::surface_attachments needle_origins_touch_rendered_facets_across_bends_and_sockets
        PASS [   0.020s] ( 6/19) telperion-core::surface_collapse a_vertex_left_without_a_triangle_faces_out_from_its_ring
        PASS [   0.020s] ( 7/19) telperion-core::surface_collapse a_tip_below_float32_resolution_far_out_drops_its_cap
        PASS [   0.020s] ( 8/19) telperion-core::surface fork_socket_is_contained_and_thickest_child_continues
        PASS [   0.020s] ( 9/19) telperion-core::surface root_only_and_float32_limits
        PASS [   0.020s] (10/19) telperion-core::surface_prepared clumps_reserve_every_buried_ring_and_collapsed_surfaces_fall_back
        PASS [   0.020s] (11/19) telperion-core::surface reversed_path_keeps_finite_frames
        PASS [   0.020s] (12/19) telperion-core::surface_collapse the_run_table_shrinks_only_the_run_that_dropped
        PASS [   0.020s] (13/19) telperion-core::surface_prepared shared_contacts_preserve_station_stream_and_rounded_rings
        PASS [   0.021s] (14/19) telperion-core::surface_prepared shared_empty_and_validation_outcomes_are_explicit
        PASS [   0.021s] (15/19) telperion-core::surface_prepared prepared_preserves_canonical_surface_without_expanded_arrays
        PASS [   0.021s] (16/19) telperion-core::surface_prepared root_only_has_no_surface_or_gpu_work
        PASS [   0.021s] (17/19) telperion-core::surface tapered_closed_surface_has_normals_and_bounds
        PASS [   0.021s] (18/19) telperion-core::surface_collapse a_ring_collapsed_to_one_point_drops_the_strips_that_meet_it
        PASS [   0.488s] (19/19) telperion-core::surface_collapse the_reproducing_beech_builds_and_drops_two_triangles
────────────
     Summary [   0.488s] 19 tests run: 19 passed, 0 skipped
