   Compiling telperion-core v0.1.0 (/home/daniel/Projects/telperion/crates/telperion-core)
    Finished `test` profile [unoptimized + debuginfo] target(s) in 0.59s
────────────
 Nextest run ID 431e220f-1115-4a9c-a7af-0ba69607ad98 with nextest profile: default
    Starting 32 tests across 4 binaries
        PASS [   0.004s] ( 1/32) telperion-core::foliage attachments::leaned_stations_continue_across_subdivided_twig_runs
        PASS [   0.004s] ( 2/32) telperion-core::foliage elements::needles_retain_shaft_width_before_the_distal_point
        PASS [   0.005s] ( 3/32) telperion-core::foliage attachments::shoot_radius_alone_clothes_slender_supports_and_spares_thick_limbs
        PASS [   0.005s] ( 4/32) telperion-core::foliage elements::a_margin_with_more_lobes_than_sections_is_rejected_by_both_names
        PASS [   0.021s] ( 5/32) telperion-core::foliage stations::twig_stations_and_owned_deterministic_frames
        PASS [   0.021s] ( 6/32) telperion-core::foliage attachments::a_signed_lean_turns_the_leaf_back_down_its_shoot_and_toward_the_ground
        PASS [   0.021s] ( 7/32) telperion-core::foliage stations::element_anatomy_and_bounds
        PASS [   0.022s] ( 8/32) telperion-core::foliage attachments::species_empty_degenerate_and_invalid_controls_are_explicit
        PASS [   0.022s] ( 9/32) telperion-core::surface_collapse a_ring_collapsed_to_one_point_drops_the_strips_that_meet_it
        PASS [   0.023s] (10/32) telperion-core::foliage stations::fallback_folds_zero_edges_and_clumps_at_terminal_tip
        PASS [   0.023s] (11/32) telperion-core::foliage attachments::species_attachment_uses_local_twig_and_connected_origins
        PASS [   0.024s] (12/32) telperion-core::foliage stations::cull_retains_in_the_buffer_it_was_given
        PASS [   0.025s] (13/32) telperion-core::foliage elements::one_routine_builds_a_lobed_margin_and_a_four_sided_shaft
        PASS [   0.027s] (14/32) telperion-core::foliage levels::a_level_list_that_is_not_nested_detail_is_rejected_by_name
        PASS [   0.025s] (15/32) telperion-core::surface_collapse a_tip_below_float32_resolution_far_out_drops_its_cap
        PASS [   0.025s] (16/32) telperion-core::surface_collapse past_two_rings_worth_the_tree_fails_naming_the_count
        PASS [   0.025s] (17/32) telperion-core::surface_collapse a_position_float32_cannot_hold_is_still_an_error
        PASS [   0.041s] (18/32) telperion-core::surface_collapse a_vertex_left_without_a_triangle_faces_out_from_its_ring
        PASS [   0.041s] (19/32) telperion-core::foliage stations::malformed_element_is_rejected_even_when_first_vertex_is_outside_shell
        PASS [   0.042s] (20/32) telperion-core::foliage stations::shell_keeps_leaf_extent_and_crown_underside
        PASS [   0.026s] (21/32) telperion-core::surface_prepared clumps_reserve_every_buried_ring_and_collapsed_surfaces_fall_back
        PASS [   0.042s] (22/32) telperion-core::foliage elements::a_blade_carries_a_coordinate_in_the_unit_square_at_every_vertex
        PASS [   0.026s] (23/32) telperion-core::surface_prepared root_only_has_no_surface_or_gpu_work
        PASS [   0.042s] (24/32) telperion-core::surface_prepared prepared_preserves_canonical_surface_without_expanded_arrays
        PASS [   0.026s] (25/32) telperion-core::surface_collapse the_run_table_shrinks_only_the_run_that_dropped
        PASS [   0.043s] (26/32) telperion-core::foliage stations::a_shoot_can_carry_more_than_512_authored_stations
        PASS [   0.044s] (27/32) telperion-core::foliage stations::shell_membership_empty_and_invalid
        PASS [   0.047s] (28/32) telperion-core::surface_attachments needle_origins_touch_rendered_facets_across_bends_and_sockets
        PASS [   0.051s] (29/32) telperion-core::foliage levels::levels_nest_from_the_widest_section_down_to_the_whole_element
        PASS [   0.057s] (30/32) telperion-core::foliage elements::every_element_trait_moves_every_shipped_preset
        PASS [   9.251s] (31/32) telperion-core::surface_collapse the_reproducing_beech_builds_and_drops_two_triangles
        SLOW [> 60.000s] (─────) telperion-core::foliage attachments::every_attachment_trait_moves_every_shipped_preset
        SLOW [>120.000s] (─────) telperion-core::foliage attachments::every_attachment_trait_moves_every_shipped_preset
  Cancelling due to signal: 1 test still running
     SIGTERM [ 138.768s] (32/32) telperion-core::foliage attachments::every_attachment_trait_moves_every_shipped_preset
  stdout ───

    running 1 test
    test attachments::every_attachment_trait_moves_every_shipped_preset has been running for over 60 seconds

    (test aborted with signal 15: SIGTERM)

────────────
     Summary [ 138.769s] 32 tests run: 31 passed, 1 failed, 0 skipped
     SIGTERM [ 138.768s] (32/32) telperion-core::foliage attachments::every_attachment_trait_moves_every_shipped_preset
error: test run failed
