   Compiling telperion-core v0.1.0 (/home/daniel/Projects/telperion/crates/telperion-core)
error[E0425]: cannot find function `prepare_with_contacts` in module `surface::prepared`
   --> crates/telperion-core/tests/surface_prepared.rs:104:41
    |
104 |         let shared = surface::prepared::prepare_with_contacts(&tree, 4.0, &family.surface).unwrap().unwrap();
    |                                         ^^^^^^^^^^^^^^^^^^^^^ not found in `surface::prepared`

error[E0425]: cannot find function `prepare_shared_stations` in module `foliage::prepared`
   --> crates/telperion-core/tests/surface_prepared.rs:106:43
    |
106 |   ...   let borrowed = foliage::prepared::prepare_shared_stations(&shared, family.skeleton.envelope, family.canopy, twig).unwrap()....
    |                                           ^^^^^^^^^^^^^^^^^^^^^^^
    |
   ::: crates/telperion-core/src/foliage/prepared.rs:41:1
    |
 41 | / pub fn prepare_stations(
 42 | |     tree: &Tree,
 43 | |     envelope: Envelope,
 44 | |     p: CanopyParams,
 45 | |     twig: Option<TwigPlacement>,
 46 | |     surface: &SurfaceParams,
 47 | | ) -> Result<Option<PreparedStations>> {
    | |_____________________________________- similarly named function `prepare_stations` defined here
    |
help: a function with a similar name exists
    |
106 -         let borrowed = foliage::prepared::prepare_shared_stations(&shared, family.skeleton.envelope, family.canopy, twig).unwrap().unwrap();
106 +         let borrowed = foliage::prepared::prepare_stations(&shared, family.skeleton.envelope, family.canopy, twig).unwrap().unwrap();
    |

For more information about this error, try `rustc --explain E0425`.
error: could not compile `telperion-core` (test "surface_prepared") due to 2 previous errors
error: command `cargo '--color=auto' test --no-run --message-format json-render-diagnostics --package telperion-core --test surface_prepared --release` exited with code 101
