   Compiling telperion-core v0.1.0 (/home/daniel/Projects/telperion/crates/telperion-core)
warning: associated function `for_advance` is never used
 --> crates/telperion-core/src/branching/local/admission.rs:8:12
  |
7 | impl Admission {
  | -------------- associated function in this implementation
8 |     pub fn for_advance(config: GrowthConfig, _growing: bool, _budget: usize) -> Self {
  |            ^^^^^^^^^^^
  |
  = note: `#[warn(dead_code)]` (part of `#[warn(unused)]`) on by default

warning: `telperion-core` (lib) generated 1 warning
    Finished `release` profile [optimized] target(s) in 42.39s
────────────
 Nextest run ID ae3cf4bc-bdbb-4ee1-9e6b-2aa5678f5f83 with nextest profile: default
    Starting 1 test across 1 binary (179 tests skipped)
        FAIL [   0.004s] (1/1) telperion-core branching::local::admission::tests::prepared_admission_only_for_mature_full_drain
  stdout ───

    running 1 test
    test branching::local::admission::tests::prepared_admission_only_for_mature_full_drain ... FAILED

    failures:

    failures:
        branching::local::admission::tests::prepared_admission_only_for_mature_full_drain

    test result: FAILED. 0 passed; 1 failed; 0 ignored; 0 measured; 179 filtered out; finished in 0.00s

  stderr ───

    thread 'branching::local::admission::tests::prepared_admission_only_for_mature_full_drain' (1003747) panicked at crates/telperion-core/src/branching/local/admission.rs:243:13:
    incremental advances must not prepare a table
    note: run with `RUST_BACKTRACE=1` environment variable to display a backtrace

  Cancelling due to test failure: 
────────────
     Summary [   0.004s] 1 test run: 0 passed, 1 failed, 179 skipped
        FAIL [   0.004s] (1/1) telperion-core branching::local::admission::tests::prepared_admission_only_for_mature_full_drain
error: test run failed
