{
  "native": {
    "cpu-output": [
      {
        "species": "oregon-white-oak",
        "baseline": {
          "initializationMs": 0.00299,
          "firstMs": 614.809415,
          "warmMedianMs": 589.447014,
          "warmRangeMs": [
            587.627265,
            599.639115
          ]
        },
        "candidate": {
          "initializationMs": 0.00317,
          "firstMs": 592.5379800000001,
          "warmMedianMs": 568.5717599999999,
          "warmRangeMs": [
            566.599588,
            586.877248
          ]
        },
        "gainPercent": 3.541497964056195
      },
      {
        "species": "norway-spruce",
        "baseline": {
          "initializationMs": 0.00269,
          "firstMs": 4653.190635999999,
          "warmMedianMs": 4611.852778,
          "warmRangeMs": [
            4582.921047,
            4635.338605
          ]
        },
        "candidate": {
          "initializationMs": 0.0029100000000000003,
          "firstMs": 4786.4572069999995,
          "warmMedianMs": 4573.256332999999,
          "warmRangeMs": [
            4561.796783,
            4711.470069
          ]
        },
        "gainPercent": 0.8368967280160899
      }
    ],
    "gpu-output": [
      {
        "species": "oregon-white-oak",
        "baseline": {
          "initializationMs": 253.645085,
          "firstMs": 293.620742,
          "warmMedianMs": 277.71653699999996,
          "warmRangeMs": [
            275.938108,
            279.794742
          ]
        },
        "candidate": {
          "initializationMs": 342.90894,
          "firstMs": 284.557875,
          "warmMedianMs": 259.741447,
          "warmRangeMs": [
            257.687743,
            261.546746
          ]
        },
        "gainPercent": 6.4724593624037485
      },
      {
        "species": "norway-spruce",
        "baseline": {
          "initializationMs": 194.106325,
          "firstMs": 347.185181,
          "warmMedianMs": 306.731205,
          "warmRangeMs": [
            304.539328,
            308.968753
          ]
        },
        "candidate": {
          "initializationMs": 209.952539,
          "firstMs": 352.59578899999997,
          "warmMedianMs": 314.04927399999997,
          "warmRangeMs": [
            307.382899,
            314.122295
          ]
        },
        "gainPercent": -2.385824748414489
      }
    ]
  },
  "browser": [
    {
      "species": "oregon-white-oak",
      "seed": 1,
      "baselineMs": 175.39999999850988,
      "candidateMs": 173.09999999776483,
      "gainPercent": 1.3112884839022843,
      "originalSpeedup": 9.069901790989444,
      "above100Ms": 73.09999999776483,
      "baselineWasmHighWater": 94240768,
      "candidateWasmHighWater": 94240768
    },
    {
      "species": "oregon-white-oak",
      "seed": 7,
      "baselineMs": 193.80000000074506,
      "candidateMs": 186.19999999925494,
      "gainPercent": 3.921568628204797,
      "originalSpeedup": 10.002685284680197,
      "above100Ms": 86.19999999925494,
      "baselineWasmHighWater": 106496000,
      "candidateWasmHighWater": 106496000
    },
    {
      "species": "norway-spruce",
      "seed": 1,
      "baselineMs": 184.60000000149012,
      "candidateMs": 190.09999999776483,
      "gainPercent": -2.9794149492038624,
      "originalSpeedup": 40.129405576482505,
      "above100Ms": 90.09999999776483,
      "baselineWasmHighWater": 98041856,
      "candidateWasmHighWater": 98041856
    },
    {
      "species": "norway-spruce",
      "seed": 7,
      "baselineMs": 173,
      "candidateMs": 179.79999999701977,
      "gainPercent": -3.9306358364276095,
      "originalSpeedup": 41.06785317086981,
      "above100Ms": 79.79999999701977,
      "baselineWasmHighWater": 98041856,
      "candidateWasmHighWater": 98041856
    }
  ]
}
