   Compiling telperion-core v0.1.0 (/home/daniel/Projects/telperion/crates/telperion-core)
    Finished `release` profile [optimized] target(s) in 31.65s
────────────
 Nextest run ID f96758fe-901e-4709-ac7d-8273bc8989c3 with nextest profile: default
    Starting 16 tests across 2 binaries (177 tests skipped)
        PASS [   0.004s] ( 1/16) telperion-core branching::local::monthly_tests::monthly_deferred_shoot_does_not_starve_a_younger_live_shoot
        PASS [   0.004s] ( 2/16) telperion-core branching::local::monthly_tests::monthly_terminal_birth_does_not_retire_unborn_lateral_buds
        PASS [   0.004s] ( 3/16) telperion-core branching::local::waiting::frontier_tests::a_shoot_beyond_all_reach_of_the_rising_trunk_is_not_replanned
        PASS [   0.004s] ( 4/16) telperion-core branching::local::monthly_tests::monthly_run_keeps_stations_waiting_beyond_the_current_envelope
        PASS [   0.013s] ( 5/16) telperion-core branching::local::waiting::tests::fixed_candidate_waits_until_the_crown_can_reach_it
        PASS [   0.013s] ( 6/16) telperion-core branching::local::waiting::frontier_tests::unchanged_frontier_keeps_its_identity_order_without_visiting_shoots
        PASS [   0.013s] ( 7/16) telperion-core branching::local::pendant::limit_tests::lower_surface_search_closes_to_numeric_precision
        PASS [   0.013s] ( 8/16) telperion-core branching::local::pendant::tests::only_a_hanging_curtain_is_let_into_the_band
        PASS [   0.014s] ( 9/16) telperion-core branching::local::pendant::limit_tests::droop_and_step_clearance_are_authored
        PASS [   0.014s] (10/16) telperion-core branching::local::monthly_tests::monthly_local_station_is_reconsidered_when_it_becomes_eligible
        PASS [   0.014s] (11/16) telperion-core branching::local::waiting::frontier_tests::sleeping_terminal_receives_no_visits_and_wakes_at_crown_entry
        PASS [   0.015s] (12/16) telperion-core branching::local::waiting::prediction_tests::wake_bound_never_skips_an_eligible_slice_on_either_side_of_the_crown
        PASS [   0.036s] (13/16) telperion-core branching::local::admission::tests::prepared_admission_capability_and_boundaries
        PASS [   0.071s] (14/16) telperion-core branching::local::admission::tests::prepared_admission_domain_random_and_exceptional
        PASS [   0.123s] (15/16) telperion-core branching::specimen::tests::whole_build_replays_the_retained_frontiers_exactly
        PASS [   2.960s] (16/16) telperion-core branching::specimen::tests::local_resume_preserves_pending_runs_across_irregular_budgets
────────────
     Summary [   2.960s] 16 tests run: 16 passed, 177 skipped
