   Compiling telperion-core v0.1.0 (/home/daniel/Projects/telperion/.worktrees/fn8-finish/crates/telperion-core)
    Finished `release` profile [optimized] target(s) in 4.67s
     Running tests/growth_reference.rs (target/release/deps/growth_reference-4fcda890ac325609)

running 1 test
ordinary: native=13616 reference=13616 crossover=736 shed=4591 topology=true
ordinary: max_position=2.6076651948869767e-10 max_radius=1.441230815246719e-12
telperion: native=175035 reference=175035 crossover=522 shed=43917 topology=true
telperion: max_position=5.357767562941262e-10 max_radius=1.0275395118108932e-11
laurelin: native=104207 reference=104207 crossover=1733 shed=15035 topology=true
laurelin: max_position=1.2995968745599384e-9 max_radius=6.408276687075443e-12
empty: native=1 reference=1 crossover=1 shed=0 topology=true
empty: max_position=0e0 max_radius=0e0
capped: native=20 reference=20 crossover=20 shed=0 topology=true
capped: max_position=6.801226248853709e-13 max_radius=0e0
degenerate: native=1 reference=1 crossover=1 shed=0 topology=true
degenerate: max_position=0e0 max_radius=0e0
envelope-crossing: native=4637 reference=4637 crossover=257 shed=0 topology=true
envelope-crossing: max_position=1.0937029060187342e-10 max_radius=1.0412755727107204e-12
test complete_fn6_comparison ... ok

test result: ok. 1 passed; 0 failed; 0 ignored; 0 measured; 0 filtered out; finished in 0.53s

