oregon-white-oak-1 element pass
oregon-white-oak-1 bare pass
oregon-white-oak-1 foliage-detail pass
oregon-white-oak-1 whole pass
oregon-white-oak-1 junction-detail pass
oregon-white-oak-1 exterior-left pass
oregon-white-oak-1 exterior-front pass
oregon-white-oak-1 exterior-right pass
oregon-white-oak-1 exterior-alt-front pass
oregon-white-oak-1 exterior-alt-right pass
oregon-white-oak-2 whole pass
oregon-white-oak-1 exterior-alt-left pass
oregon-white-oak-2 bare pass
oregon-white-oak-2 foliage-detail pass
oregon-white-oak-3 whole pass
oregon-white-oak-3 bare pass
oregon-white-oak-3 foliage-detail pass
oregon-white-oak-2666899686 whole pass
oregon-white-oak-2666899686 bare pass
oregon-white-oak-2666899686 foliage-detail pass
oregon-white-oak-762807349 whole pass
oregon-white-oak-762807349 bare pass
oregon-white-oak-762807349 foliage-detail pass
oregon-white-oak-1444323199 whole pass
oregon-white-oak-1444323199 bare pass
oregon-white-oak-1444323199 foliage-detail pass
norway-spruce-1 bare pass
norway-spruce-1 whole pass
norway-spruce-1 foliage-detail pass
norway-spruce-1 element pass
norway-spruce-1 junction-detail pass
norway-spruce-1 exterior-front pass
norway-spruce-1 exterior-left pass
norway-spruce-1 exterior-right pass
norway-spruce-1 exterior-alt-front pass
norway-spruce-1 exterior-alt-right pass
norway-spruce-1 exterior-alt-left pass
norway-spruce-1 branch-curtain pass
norway-spruce-1 peg-upper pass
norway-spruce-1 peg-lower pass
norway-spruce-1 peg-alt-upper pass
norway-spruce-1 peg-alt-lower pass
norway-spruce-1 peg-contact-front pass
norway-spruce-1 peg-contact-left pass
norway-spruce-1 peg-contact-right pass
norway-spruce-1 peg-alt-contact-front pass
norway-spruce-1 peg-alt-contact-left pass
norway-spruce-1 peg-alt-contact-right pass
norway-spruce-1 peg-clear-front pass
norway-spruce-1 peg-clear-left pass
norway-spruce-1 peg-clear-right pass
norway-spruce-1 socket-root-front pass
norway-spruce-1 socket-root-left pass
norway-spruce-1 socket-root-right pass
norway-spruce-1 socket-tip-front pass
norway-spruce-1 socket-tip-left pass
norway-spruce-1 socket-tip-right pass
norway-spruce-2 whole pass
norway-spruce-2 bare pass
norway-spruce-2 foliage-detail pass
norway-spruce-3 whole pass
norway-spruce-3 bare pass
norway-spruce-3 foliage-detail pass
norway-spruce-1982700925 whole pass
norway-spruce-1982700925 bare pass
norway-spruce-1982700925 foliage-detail pass
norway-spruce-281313742 whole pass
norway-spruce-281313742 bare pass
norway-spruce-281313742 foliage-detail pass
norway-spruce-2271779095 whole pass
norway-spruce-2271779095 bare pass
norway-spruce-2271779095 foliage-detail pass
ordinary whole pass
ordinary bare pass
ordinary foliage-detail pass
norway-spruce-4250668600 whole pass
norway-spruce-4250668600 bare pass
telperion whole pass
telperion bare pass
telperion foliage-detail pass
norway-spruce-4250668600 foliage-detail pass
laurelin whole pass
laurelin bare pass
laurelin foliage-detail pass
