oregon-white-oak-2 0
oregon-white-oak-1 0
oregon-white-oak-3 0
oregon-white-oak-5 0
oregon-white-oak-8 0
oregon-white-oak-13 0
oregon-white-oak-21 0
oregon-white-oak-34 0
oregon-white-oak-55 0
oregon-white-oak-89 0
oregon-white-oak-144 0
oregon-white-oak-233 0
oregon-white-oak-2666899686 0
oregon-white-oak-762807349 0
oregon-white-oak-1444323199 0
oregon-white-oak-3117916676 0
oregon-white-oak-2181659276 0
oregon-white-oak-696710047 0
oregon-white-oak-4067290831 0
oregon-white-oak-2671455042 0
oregon-white-oak-690286437 0
oregon-white-oak-1352641425 0
oregon-white-oak-204973394 0
oregon-white-oak-535441218 0
norway-spruce-1 0
norway-spruce-2 0
norway-spruce-3 0
norway-spruce-5 0
norway-spruce-8 0
norway-spruce-13 0
norway-spruce-21 0
norway-spruce-34 0
norway-spruce-55 0
norway-spruce-89 0
norway-spruce-144 0
norway-spruce-233 0
norway-spruce-1982700925 0
norway-spruce-281313742 0
norway-spruce-2271779095 0
norway-spruce-1428158753 0
norway-spruce-370981056 0
norway-spruce-2571381872 0
norway-spruce-1986682132 0
norway-spruce-2749500550 0
norway-spruce-175890410 0
norway-spruce-847818543 0
norway-spruce-4250668600 0
norway-spruce-893982483 0
