[
  {
    "variant": "baseline",
    "species": "oregon-white-oak",
    "seed": 1,
    "childBytes": 4762184,
    "runBytes": 2452944,
    "pointsAlongPeak": 80,
    "outputCapacityBytes": 13107200,
    "preparationPeakWithOutputReallocation": 21589824,
    "binarySha256": "d817c345f0d13dff6b9419643f515fab061f41809d2e78a8a53955f97da89cb3"
  },
  {
    "variant": "baseline",
    "species": "oregon-white-oak",
    "seed": 7,
    "childBytes": 5476800,
    "runBytes": 4215648,
    "pointsAlongPeak": 80,
    "outputCapacityBytes": 26214400,
    "preparationPeakWithOutputReallocation": 42489040,
    "binarySha256": "d817c345f0d13dff6b9419643f515fab061f41809d2e78a8a53955f97da89cb3"
  },
  {
    "variant": "baseline",
    "species": "norway-spruce",
    "seed": 1,
    "childBytes": 3670712,
    "runBytes": 4634432,
    "pointsAlongPeak": 128,
    "outputCapacityBytes": 26214400,
    "preparationPeakWithOutputReallocation": 42907936,
    "binarySha256": "d817c345f0d13dff6b9419643f515fab061f41809d2e78a8a53955f97da89cb3"
  },
  {
    "variant": "baseline",
    "species": "norway-spruce",
    "seed": 7,
    "childBytes": 3485544,
    "runBytes": 4555472,
    "pointsAlongPeak": 128,
    "outputCapacityBytes": 26214400,
    "preparationPeakWithOutputReallocation": 42828896,
    "binarySha256": "d817c345f0d13dff6b9419643f515fab061f41809d2e78a8a53955f97da89cb3"
  },
  {
    "variant": "candidate",
    "species": "oregon-white-oak",
    "seed": 1,
    "childBytes": 2001392,
    "runBytes": 2452944,
    "pointsAlongPeak": 80,
    "outputCapacityBytes": 13107200,
    "preparationPeakWithOutputReallocation": 21589536,
    "binarySha256": "e73010c4c1a1d4afbaf695d506f888210f3bc0c71f5a09145c17d1851974700d"
  },
  {
    "variant": "candidate",
    "species": "oregon-white-oak",
    "seed": 7,
    "childBytes": 2224640,
    "runBytes": 4215648,
    "pointsAlongPeak": 80,
    "outputCapacityBytes": 26214400,
    "preparationPeakWithOutputReallocation": 42488752,
    "binarySha256": "e73010c4c1a1d4afbaf695d506f888210f3bc0c71f5a09145c17d1851974700d"
  },
  {
    "variant": "candidate",
    "species": "norway-spruce",
    "seed": 1,
    "childBytes": 1526224,
    "runBytes": 4634432,
    "pointsAlongPeak": 128,
    "outputCapacityBytes": 26214400,
    "preparationPeakWithOutputReallocation": 42907648,
    "binarySha256": "e73010c4c1a1d4afbaf695d506f888210f3bc0c71f5a09145c17d1851974700d"
  },
  {
    "variant": "candidate",
    "species": "norway-spruce",
    "seed": 7,
    "childBytes": 1447024,
    "runBytes": 4555472,
    "pointsAlongPeak": 128,
    "outputCapacityBytes": 26214400,
    "preparationPeakWithOutputReallocation": 42828608,
    "binarySha256": "e73010c4c1a1d4afbaf695d506f888210f3bc0c71f5a09145c17d1851974700d"
  }
]
