target/release/examples/headless --preset oregon-white-oak --seed 7 --age 1 --size 700x1000 --out /home/daniel/Projects/telperion/.flow/evidence/fn31/strips/oregon-white-oak-age-1.png --frame-min-y 0
/home/daniel/Projects/telperion/.flow/evidence/fn31/strips/oregon-white-oak-age-1.png 700x1000 on NVIDIA GeForce RTX 3080 at 4 samples a pixel: 162 wood vertices, 320 wood triangles, 16 foliage instances; 3713 triangles and 16 instances drawn in 9 calls; 0 wood caster triangles; 4 foliage caster instances
exit=0
target/release/examples/headless --preset oregon-white-oak --seed 7 --age 10 --size 700x1000 --out /home/daniel/Projects/telperion/.flow/evidence/fn31/strips/oregon-white-oak-age-10.png
/home/daniel/Projects/telperion/.flow/evidence/fn31/strips/oregon-white-oak-age-10.png 700x1000 on NVIDIA GeForce RTX 3080 at 4 samples a pixel: 4732 wood vertices, 9160 wood triangles, 1382 foliage instances; 247505 triangles and 1382 instances drawn in 9 calls; 4560 wood caster triangles; 346 foliage caster instances
exit=0
target/release/examples/headless --preset oregon-white-oak --seed 7 --age 26.7 --size 700x1000 --out /home/daniel/Projects/telperion/.flow/evidence/fn31/strips/oregon-white-oak-age-26.7.png
/home/daniel/Projects/telperion/.flow/evidence/fn31/strips/oregon-white-oak-age-26.7.png 700x1000 on NVIDIA GeForce RTX 3080 at 4 samples a pixel: 193460 wood vertices, 374160 wood triangles, 66593 foliage instances; 11828797 triangles and 66593 instances drawn in 9 calls; 5680 wood caster triangles; 16649 foliage caster instances
exit=0
target/release/examples/headless --preset oregon-white-oak --seed 7 --age 56.1 --size 700x1000 --out /home/daniel/Projects/telperion/.flow/evidence/fn31/strips/oregon-white-oak-age-56.1.png
/home/daniel/Projects/telperion/.flow/evidence/fn31/strips/oregon-white-oak-age-56.1.png 700x1000 on NVIDIA GeForce RTX 3080 at 4 samples a pixel: 3321086 wood vertices, 6432480 wood triangles, 1388098 foliage instances; 245185977 triangles and 1388098 instances drawn in 9 calls; 6280 wood caster triangles; 347025 foliage caster instances
exit=0
target/release/examples/headless --preset oregon-white-oak --seed 7 --age 112 --size 700x1000 --out /home/daniel/Projects/telperion/.flow/evidence/fn31/strips/oregon-white-oak-age-112.png
/home/daniel/Projects/telperion/.flow/evidence/fn31/strips/oregon-white-oak-age-112.png 700x1000 on NVIDIA GeForce RTX 3080 at 4 samples a pixel: 5455570 wood vertices, 10569360 wood triangles, 2182691 foliage instances; 385992853 triangles and 2182691 instances drawn in 9 calls; 13760 wood caster triangles; 545673 foliage caster instances
exit=0
target/release/examples/headless --preset oregon-white-oak --seed 7 --age 200 --size 700x1000 --out /home/daniel/Projects/telperion/.flow/evidence/fn31/strips/oregon-white-oak-age-200.png
/home/daniel/Projects/telperion/.flow/evidence/fn31/strips/oregon-white-oak-age-200.png 700x1000 on NVIDIA GeForce RTX 3080 at 4 samples a pixel: 5711712 wood vertices, 11065680 wood triangles, 2185564 foliage instances; 386983329 triangles and 2185564 instances drawn in 9 calls; 26920 wood caster triangles; 546391 foliage caster instances
exit=0
target/release/examples/headless --preset oregon-white-oak --seed 7 --age 432 --size 700x1000 --out /home/daniel/Projects/telperion/.flow/evidence/fn31/strips/oregon-white-oak-age-432.png
/home/daniel/Projects/telperion/.flow/evidence/fn31/strips/oregon-white-oak-age-432.png 700x1000 on NVIDIA GeForce RTX 3080 at 4 samples a pixel: 5715598 wood vertices, 11073200 wood triangles, 1720137 foliage instances; 306937405 triangles and 1720137 instances drawn in 9 calls; 197520 wood caster triangles; 430035 foliage caster instances
exit=0
montage /home/daniel/Projects/telperion/.flow/evidence/fn31/strips/oregon-white-oak-age-1.png /home/daniel/Projects/telperion/.flow/evidence/fn31/strips/oregon-white-oak-age-10.png /home/daniel/Projects/telperion/.flow/evidence/fn31/strips/oregon-white-oak-age-26.7.png /home/daniel/Projects/telperion/.flow/evidence/fn31/strips/oregon-white-oak-age-56.1.png /home/daniel/Projects/telperion/.flow/evidence/fn31/strips/oregon-white-oak-age-112.png /home/daniel/Projects/telperion/.flow/evidence/fn31/strips/oregon-white-oak-age-200.png /home/daniel/Projects/telperion/.flow/evidence/fn31/strips/oregon-white-oak-age-432.png -tile 7x1 -geometry +4+0 /home/daniel/Projects/telperion/.flow/evidence/fn31/strips/oregon-white-oak-strip.png
exit=0
target/release/examples/headless --preset oregon-white-oak --seed 7 --size 1600x1000 --out /home/daniel/Projects/telperion/.flow/evidence/fn31/oregon-white-oak-hero.png
/home/daniel/Projects/telperion/.flow/evidence/fn31/oregon-white-oak-hero.png 1600x1000 on NVIDIA GeForce RTX 3080 at 4 samples a pixel: 5715598 wood vertices, 11073200 wood triangles, 1720137 foliage instances; 306937405 triangles and 1720137 instances drawn in 9 calls; 197520 wood caster triangles; 430035 foliage caster instances
exit=0
montage /home/daniel/Projects/telperion/.flow/evidence/fn30/oregon-white-oak-hero.png /home/daniel/Projects/telperion/.flow/evidence/fn31/oregon-white-oak-hero.png -tile 2x1 -geometry +4+0 /home/daniel/Projects/telperion/.flow/evidence/fn31/oregon-white-oak-beside-fn30.png
exit=0
montage /home/daniel/Projects/telperion/.flow/evidence/fn30/strips/oregon-white-oak-strip.png /home/daniel/Projects/telperion/.flow/evidence/fn31/strips/oregon-white-oak-strip.png -tile 1x2 -geometry +0+4 /home/daniel/Projects/telperion/.flow/evidence/fn31/oregon-white-oak-strips-beside-fn30.png
exit=0
target/release/examples/headless --preset norway-spruce --seed 7 --age 1 --size 700x1000 --out /home/daniel/Projects/telperion/.flow/evidence/fn31/strips/norway-spruce-age-1.png --frame-min-y 0
/home/daniel/Projects/telperion/.flow/evidence/fn31/strips/norway-spruce-age-1.png 700x1000 on NVIDIA GeForce RTX 3080 at 4 samples a pixel: 302 wood vertices, 600 wood triangles, 25 foliage instances; 2441 triangles and 25 instances drawn in 6 calls; 0 wood caster triangles; 7 foliage caster instances
exit=0
target/release/examples/headless --preset norway-spruce --seed 7 --age 5 --size 700x1000 --out /home/daniel/Projects/telperion/.flow/evidence/fn31/strips/norway-spruce-age-5.png
/home/daniel/Projects/telperion/.flow/evidence/fn31/strips/norway-spruce-age-5.png 700x1000 on NVIDIA GeForce RTX 3080 at 4 samples a pixel: 5420 wood vertices, 10480 wood triangles, 1095 foliage instances; 63681 triangles and 1095 instances drawn in 6 calls; 10000 wood caster triangles; 274 foliage caster instances
exit=0
target/release/examples/headless --preset norway-spruce --seed 7 --age 14.1 --size 700x1000 --out /home/daniel/Projects/telperion/.flow/evidence/fn31/strips/norway-spruce-age-14.1.png
/home/daniel/Projects/telperion/.flow/evidence/fn31/strips/norway-spruce-age-14.1.png 700x1000 on NVIDIA GeForce RTX 3080 at 4 samples a pixel: 116838 wood vertices, 225360 wood triangles, 252407 foliage instances; 12341537 triangles and 252407 instances drawn in 6 calls; 32640 wood caster triangles; 63102 foliage caster instances
exit=0
target/release/examples/headless --preset norway-spruce --seed 7 --age 26.6 --size 700x1000 --out /home/daniel/Projects/telperion/.flow/evidence/fn31/strips/norway-spruce-age-26.6.png
/home/daniel/Projects/telperion/.flow/evidence/fn31/strips/norway-spruce-age-26.6.png 700x1000 on NVIDIA GeForce RTX 3080 at 4 samples a pixel: 1683108 wood vertices, 3245200 wood triangles, 3639129 foliage instances; 177924033 triangles and 3639129 instances drawn in 6 calls; 42160 wood caster triangles; 909783 foliage caster instances
exit=0
target/release/examples/headless --preset norway-spruce --seed 7 --age 36.9 --size 700x1000 --out /home/daniel/Projects/telperion/.flow/evidence/fn31/strips/norway-spruce-age-36.9.png
/home/daniel/Projects/telperion/.flow/evidence/fn31/strips/norway-spruce-age-36.9.png 700x1000 on NVIDIA GeForce RTX 3080 at 4 samples a pixel: 2313132 wood vertices, 4460080 wood triangles, 4979793 foliage instances; 243490785 triangles and 4979793 instances drawn in 6 calls; 49080 wood caster triangles; 1244949 foliage caster instances
exit=0
target/release/examples/headless --preset norway-spruce --seed 7 --age 60 --size 700x1000 --out /home/daniel/Projects/telperion/.flow/evidence/fn31/strips/norway-spruce-age-60.png
/home/daniel/Projects/telperion/.flow/evidence/fn31/strips/norway-spruce-age-60.png 700x1000 on NVIDIA GeForce RTX 3080 at 4 samples a pixel: 2317240 wood vertices, 4468120 wood triangles, 4978507 foliage instances; 243437097 triangles and 4978507 instances drawn in 6 calls; 52240 wood caster triangles; 1244627 foliage caster instances
exit=0
target/release/examples/headless --preset norway-spruce --seed 7 --age 158 --size 700x1000 --out /home/daniel/Projects/telperion/.flow/evidence/fn31/strips/norway-spruce-age-158.png
/home/daniel/Projects/telperion/.flow/evidence/fn31/strips/norway-spruce-age-158.png 700x1000 on NVIDIA GeForce RTX 3080 at 4 samples a pixel: 2317282 wood vertices, 4468200 wood triangles, 4957627 foliage instances; 242434937 triangles and 4957627 instances drawn in 6 calls; 74360 wood caster triangles; 1239407 foliage caster instances
exit=0
montage /home/daniel/Projects/telperion/.flow/evidence/fn31/strips/norway-spruce-age-1.png /home/daniel/Projects/telperion/.flow/evidence/fn31/strips/norway-spruce-age-5.png /home/daniel/Projects/telperion/.flow/evidence/fn31/strips/norway-spruce-age-14.1.png /home/daniel/Projects/telperion/.flow/evidence/fn31/strips/norway-spruce-age-26.6.png /home/daniel/Projects/telperion/.flow/evidence/fn31/strips/norway-spruce-age-36.9.png /home/daniel/Projects/telperion/.flow/evidence/fn31/strips/norway-spruce-age-60.png /home/daniel/Projects/telperion/.flow/evidence/fn31/strips/norway-spruce-age-158.png -tile 7x1 -geometry +4+0 /home/daniel/Projects/telperion/.flow/evidence/fn31/strips/norway-spruce-strip.png
exit=0
target/release/examples/headless --preset norway-spruce --seed 7 --size 1600x1000 --out /home/daniel/Projects/telperion/.flow/evidence/fn31/norway-spruce-hero.png
/home/daniel/Projects/telperion/.flow/evidence/fn31/norway-spruce-hero.png 1600x1000 on NVIDIA GeForce RTX 3080 at 4 samples a pixel: 2317282 wood vertices, 4468200 wood triangles, 4957627 foliage instances; 242434937 triangles and 4957627 instances drawn in 6 calls; 74360 wood caster triangles; 1239407 foliage caster instances
exit=0
montage /home/daniel/Projects/telperion/.flow/evidence/fn30/norway-spruce-hero.png /home/daniel/Projects/telperion/.flow/evidence/fn31/norway-spruce-hero.png -tile 2x1 -geometry +4+0 /home/daniel/Projects/telperion/.flow/evidence/fn31/norway-spruce-beside-fn30.png
exit=0
montage /home/daniel/Projects/telperion/.flow/evidence/fn30/strips/norway-spruce-strip.png /home/daniel/Projects/telperion/.flow/evidence/fn31/strips/norway-spruce-strip.png -tile 1x2 -geometry +0+4 /home/daniel/Projects/telperion/.flow/evidence/fn31/norway-spruce-strips-beside-fn30.png
exit=0
target/release/examples/headless --preset ordinary --seed 7 --size 1600x1000 --view clay --out /home/daniel/Projects/telperion/.flow/evidence/fn24/ordinary-hero.png
/home/daniel/Projects/telperion/.flow/evidence/fn24/ordinary-hero.png 1600x1000 on NVIDIA GeForce RTX 3080 at 4 samples a pixel: 768590 wood vertices, 1490000 wood triangles, 207700 foliage instances; 8137040 triangles and 207700 instances drawn in 5 calls; 200280 wood caster triangles; 51925 foliage caster instances
exit=0
