navigation http://127.0.0.1:5173/?species=oregon-white-oak&seed=1
FAIL TimeoutError: page.waitForFunction: Timeout 60000ms exceeded. [] {
  url: 'http://127.0.0.1:5173/?species=oregon-white-oak&seed=1',
  qa: undefined,
  body: 'GROWER\n' +
    '\n' +
    'clay. flat grey, neutral sky, no bloom. this is the judging mode. drag to walk round the tree, wheel to come in.\n' +
    '\n' +
    'seed\n' +
    'reroll\n' +
    'ordinary\n' +
    'oregon white oak\n' +
    'norway spruce\n' +
    'silver birch\n' +
    'telperion\n' +
    'laurelin\n' +
    'view\n' +
    'whole tree\n' +
    'bare branches\n' +
    'single leaf\n' +
    'Scene\n' +
    'scene caster stride\n' +
    'scene caster texels\n' +
    'scene ground blue\n' +
    'scene ground green\n' +
    'scene ground red\n' +
    'scene shadow filter texels\n' +
    'scene shadow normal offset\n' +
    'scene sky horizon blue\n' +
    'scene sky horizon green\n' +
    'scene sky horizon red\n' +
    'scene sky zenith blue\n' +
    'scene sky zenith green\n' +
    'scene sky zenith red\n' +
    'scene sun azimuth\n' +
    'scene sun blue\n' +
    'scene sun elevation\n' +
    'scene sun green\n' +
    'scene sun red\n' +
    'Botanical\n' +
    'apical dominance\n' +
    'attractor weight\n' +
    'crookedness\n' +
    'lateral length ratio\n' +
    'lateral orders\n' +
    'lateral pitch\n' +
    'lateral spacing\n' +
    'laterals per station\n' +
    'leader internode\n' +
    'pitch variation\n' +
    'reach probe steps\n' +
    'rise primary\n' +
    'rise secondary\n' +
    'shedding threshold\n' +
    'stem divergence\n' +
    'stem fork height\n' +
    'stem lean\n' +
    'stem lean spread\n' +
    'stems\n' +
    'twig tip taper\n' +
    'whorl strength\n' +
    'foliage axial segments\n' +
    'foliage base fullness\n' +
    'foliage connector length\n' +
    'foliage cross segments\n' +
    'foliage cup\n' +
    'foliage curl\n' +
    'foliage length\n' +
    'foliage lobe count\n' +
    'foliage lobe depth\n' +
    'foliage section roundness\n' +
    'foliage tip sharpness\n' +
    'foliage widest at\n' +
    'foliage width\n' +
    'leaf forward lean\n' +
    'leaf lean rise\n' +
    'leaf limb clumping\n' +
    'leaf short shoot leaves\n' +
    'leaf short shoot length\n' +
    'leaf short shoot radius\n' +
    'leaf short shoot spacing\n' +
    'leaf short shoot spread\n' +
    'leaf surface contact\n' +
    'material bark blue\n' +
    'material bark grain scale\n' +
    'material bark grain strength\n' +
    'material bark green\n' +
    'material bark mottle scale\n' +
    'material bark mottle strength\n' +
    'material bark red\n' +
    'material bark reflectance\n' +
    'material bark roughness\n' +
    'material blade grain scale\n' +
    'material blade grain strength\n' +
    'material blade mottle scale\n' +
    'material blade mottle strength\n' +
    'material brightness range high\n' +
    'material brightness range low\n' +
    'ma'
}
node:internal/modules/run_main:107
    triggerUncaughtException(
    ^

page.waitForFunction: Timeout 60000ms exceeded.
    at /home/daniel/Projects/telperion/.flow/tmp/fn91-harness-live.mjs:30:14 {
  log: [],
  name: 'TimeoutError'
}

Node.js v26.8.1
